[2024-10-31T12:45:40.789-0400][0.002s][info][gc] Using G1
[2024-10-31T12:45:40.791-0400][0.005s][info][gc,init] Version: 17.0.12+7 (release)
[2024-10-31T12:45:40.791-0400][0.005s][info][gc,init] CPUs: 12 total, 12 available
[2024-10-31T12:45:40.791-0400][0.005s][info][gc,init] Memory: 31966M
[2024-10-31T12:45:40.791-0400][0.005s][info][gc,init] Large Page Support: Disabled
[2024-10-31T12:45:40.791-0400][0.005s][info][gc,init] NUMA Support: Disabled
[2024-10-31T12:45:40.791-0400][0.005s][info][gc,init] Compressed Oops: Enabled (32-bit)
[2024-10-31T12:45:40.791-0400][0.005s][info][gc,init] Heap Region Size: 1M
[2024-10-31T12:45:40.791-0400][0.005s][info][gc,init] Heap Min Capacity: 384M
[2024-10-31T12:45:40.791-0400][0.005s][info][gc,init] Heap Initial Capacity: 384M
[2024-10-31T12:45:40.791-0400][0.005s][info][gc,init] Heap Max Capacity: 2G
[2024-10-31T12:45:40.791-0400][0.005s][info][gc,init] Pre-touch: Disabled
[2024-10-31T12:45:40.791-0400][0.005s][info][gc,init] Parallel Workers: 10
[2024-10-31T12:45:40.791-0400][0.005s][info][gc,init] Concurrent Workers: 3
[2024-10-31T12:45:40.791-0400][0.005s][info][gc,init] Concurrent Refinement Workers: 10
[2024-10-31T12:45:40.791-0400][0.005s][info][gc,init] Periodic GC: Disabled
[2024-10-31T12:45:40.796-0400][0.009s][info][gc,metaspace] CDS archive(s) mapped at: [0x00007bc5ab000000-0x00007bc5abbc7000-0x00007bc5abbc7000), size 12349440, SharedBaseAddress: 0x00007bc5ab000000, ArchiveRelocationMode: 1.
[2024-10-31T12:45:40.796-0400][0.009s][info][gc,metaspace] Compressed class space mapped at: 0x00007bc5ac000000-0x00007bc5ec000000, reserved size: 1073741824
[2024-10-31T12:45:40.796-0400][0.009s][info][gc,metaspace] Narrow klass base: 0x00007bc5ab000000, Narrow klass shift: 0, Narrow klass range: 0x100000000
[2024-10-31T12:45:41.114-0400][0,327s][info][gc,start    ] GC(0) Pause Young (Normal) (G1 Evacuation Pause)
[2024-10-31T12:45:41.114-0400][0,328s][info][gc,task     ] GC(0) Using 9 workers of 10 for evacuation
[2024-10-31T12:45:41.118-0400][0,331s][info][gc,phases   ] GC(0)   Pre Evacuate Collection Set: 0,1ms
[2024-10-31T12:45:41.118-0400][0,331s][info][gc,phases   ] GC(0)   Merge Heap Roots: 0,1ms
[2024-10-31T12:45:41.118-0400][0,331s][info][gc,phases   ] GC(0)   Evacuate Collection Set: 3,4ms
[2024-10-31T12:45:41.118-0400][0,331s][info][gc,phases   ] GC(0)   Post Evacuate Collection Set: 0,2ms
[2024-10-31T12:45:41.118-0400][0,331s][info][gc,phases   ] GC(0)   Other: 0,4ms
[2024-10-31T12:45:41.118-0400][0,331s][info][gc,heap     ] GC(0) Eden regions: 23->0(31)
[2024-10-31T12:45:41.118-0400][0,331s][info][gc,heap     ] GC(0) Survivor regions: 0->3(3)
[2024-10-31T12:45:41.118-0400][0,331s][info][gc,heap     ] GC(0) Old regions: 0->3
[2024-10-31T12:45:41.118-0400][0,331s][info][gc,heap     ] GC(0) Archive regions: 2->2
[2024-10-31T12:45:41.118-0400][0,331s][info][gc,heap     ] GC(0) Humongous regions: 0->0
[2024-10-31T12:45:41.118-0400][0,331s][info][gc,metaspace] GC(0) Metaspace: 9448K(9664K)->9448K(9664K) NonClass: 8470K(8576K)->8470K(8576K) Class: 977K(1088K)->977K(1088K)
[2024-10-31T12:45:41.118-0400][0,331s][info][gc          ] GC(0) Pause Young (Normal) (G1 Evacuation Pause) 23M->5M(386M) 4,213ms
[2024-10-31T12:45:41.118-0400][0,331s][info][gc,cpu      ] GC(0) User=0,00s Sys=0,02s Real=0,01s
[2024-10-31T12:45:41.360-0400][0,573s][info][gc,start    ] GC(1) Pause Young (Normal) (G1 Evacuation Pause)
[2024-10-31T12:45:41.360-0400][0,573s][info][gc,task     ] GC(1) Using 9 workers of 10 for evacuation
[2024-10-31T12:45:41.364-0400][0,577s][info][gc,phases   ] GC(1)   Pre Evacuate Collection Set: 0,1ms
[2024-10-31T12:45:41.364-0400][0,577s][info][gc,phases   ] GC(1)   Merge Heap Roots: 0,0ms
[2024-10-31T12:45:41.364-0400][0,577s][info][gc,phases   ] GC(1)   Evacuate Collection Set: 3,4ms
[2024-10-31T12:45:41.364-0400][0,577s][info][gc,phases   ] GC(1)   Post Evacuate Collection Set: 0,4ms
[2024-10-31T12:45:41.364-0400][0,577s][info][gc,phases   ] GC(1)   Other: 0,1ms
[2024-10-31T12:45:41.364-0400][0,577s][info][gc,heap     ] GC(1) Eden regions: 31->0(58)
[2024-10-31T12:45:41.364-0400][0,577s][info][gc,heap     ] GC(1) Survivor regions: 3->4(5)
[2024-10-31T12:45:41.364-0400][0,577s][info][gc,heap     ] GC(1) Old regions: 3->6
[2024-10-31T12:45:41.364-0400][0,577s][info][gc,heap     ] GC(1) Archive regions: 2->2
[2024-10-31T12:45:41.364-0400][0,577s][info][gc,heap     ] GC(1) Humongous regions: 2->0
[2024-10-31T12:45:41.364-0400][0,577s][info][gc,metaspace] GC(1) Metaspace: 12336K(12608K)->12336K(12608K) NonClass: 11081K(11200K)->11081K(11200K) Class: 1254K(1408K)->1254K(1408K)
[2024-10-31T12:45:41.364-0400][0,577s][info][gc          ] GC(1) Pause Young (Normal) (G1 Evacuation Pause) 38M->9M(386M) 3,968ms
[2024-10-31T12:45:41.364-0400][0,577s][info][gc,cpu      ] GC(1) User=0,02s Sys=0,02s Real=0,00s
[2024-10-31T12:45:41.634-0400][0,847s][info][gc,start    ] GC(2) Pause Young (Normal) (G1 Evacuation Pause)
[2024-10-31T12:45:41.634-0400][0,847s][info][gc,task     ] GC(2) Using 9 workers of 10 for evacuation
[2024-10-31T12:45:41.644-0400][0,858s][info][gc,phases   ] GC(2)   Pre Evacuate Collection Set: 0,1ms
[2024-10-31T12:45:41.644-0400][0,858s][info][gc,phases   ] GC(2)   Merge Heap Roots: 0,0ms
[2024-10-31T12:45:41.644-0400][0,858s][info][gc,phases   ] GC(2)   Evacuate Collection Set: 9,7ms
[2024-10-31T12:45:41.644-0400][0,858s][info][gc,phases   ] GC(2)   Post Evacuate Collection Set: 0,4ms
[2024-10-31T12:45:41.644-0400][0,858s][info][gc,phases   ] GC(2)   Other: 0,1ms
[2024-10-31T12:45:41.644-0400][0,858s][info][gc,heap     ] GC(2) Eden regions: 58->0(70)
[2024-10-31T12:45:41.644-0400][0,858s][info][gc,heap     ] GC(2) Survivor regions: 4->8(8)
[2024-10-31T12:45:41.644-0400][0,858s][info][gc,heap     ] GC(2) Old regions: 6->17
[2024-10-31T12:45:41.644-0400][0,858s][info][gc,heap     ] GC(2) Archive regions: 2->2
[2024-10-31T12:45:41.644-0400][0,858s][info][gc,heap     ] GC(2) Humongous regions: 4->3
[2024-10-31T12:45:41.644-0400][0,858s][info][gc,metaspace] GC(2) Metaspace: 13529K(13824K)->13529K(13824K) NonClass: 12140K(12288K)->12140K(12288K) Class: 1388K(1536K)->1388K(1536K)
[2024-10-31T12:45:41.644-0400][0,858s][info][gc          ] GC(2) Pause Young (Normal) (G1 Evacuation Pause) 71M->28M(386M) 10,468ms
[2024-10-31T12:45:41.644-0400][0,858s][info][gc,cpu      ] GC(2) User=0,07s Sys=0,04s Real=0,01s
[2024-10-31T12:45:41.919-0400][1,133s][info][gc,start    ] GC(3) Pause Young (Normal) (G1 Evacuation Pause)
[2024-10-31T12:45:41.919-0400][1,133s][info][gc,task     ] GC(3) Using 9 workers of 10 for evacuation
[2024-10-31T12:45:41.925-0400][1,138s][info][gc,phases   ] GC(3)   Pre Evacuate Collection Set: 0,1ms
[2024-10-31T12:45:41.925-0400][1,138s][info][gc,phases   ] GC(3)   Merge Heap Roots: 0,0ms
[2024-10-31T12:45:41.925-0400][1,138s][info][gc,phases   ] GC(3)   Evacuate Collection Set: 4,8ms
[2024-10-31T12:45:41.925-0400][1,138s][info][gc,phases   ] GC(3)   Post Evacuate Collection Set: 0,2ms
[2024-10-31T12:45:41.925-0400][1,138s][info][gc,phases   ] GC(3)   Other: 0,1ms
[2024-10-31T12:45:41.925-0400][1,138s][info][gc,heap     ] GC(3) Eden regions: 70->0(226)
[2024-10-31T12:45:41.925-0400][1,138s][info][gc,heap     ] GC(3) Survivor regions: 8->4(10)
[2024-10-31T12:45:41.925-0400][1,138s][info][gc,heap     ] GC(3) Old regions: 17->26
[2024-10-31T12:45:41.925-0400][1,138s][info][gc,heap     ] GC(3) Archive regions: 2->2
[2024-10-31T12:45:41.925-0400][1,138s][info][gc,heap     ] GC(3) Humongous regions: 4->3
[2024-10-31T12:45:41.925-0400][1,138s][info][gc,metaspace] GC(3) Metaspace: 14394K(14656K)->14394K(14656K) NonClass: 12934K(13056K)->12934K(13056K) Class: 1459K(1600K)->1459K(1600K)
[2024-10-31T12:45:41.925-0400][1,138s][info][gc          ] GC(3) Pause Young (Normal) (G1 Evacuation Pause) 99M->33M(386M) 5,257ms
[2024-10-31T12:45:41.925-0400][1,138s][info][gc,cpu      ] GC(3) User=0,02s Sys=0,04s Real=0,00s
[2024-10-31T12:45:42.286-0400][1,499s][info][gc,start    ] GC(4) Pause Young (Normal) (G1 Evacuation Pause)
[2024-10-31T12:45:42.286-0400][1,499s][info][gc,task     ] GC(4) Using 9 workers of 10 for evacuation
[2024-10-31T12:45:42.290-0400][1,503s][info][gc,phases   ] GC(4)   Pre Evacuate Collection Set: 0,1ms
[2024-10-31T12:45:42.290-0400][1,503s][info][gc,phases   ] GC(4)   Merge Heap Roots: 0,1ms
[2024-10-31T12:45:42.290-0400][1,503s][info][gc,phases   ] GC(4)   Evacuate Collection Set: 3,7ms
[2024-10-31T12:45:42.290-0400][1,503s][info][gc,phases   ] GC(4)   Post Evacuate Collection Set: 0,3ms
[2024-10-31T12:45:42.290-0400][1,503s][info][gc,phases   ] GC(4)   Other: 0,1ms
[2024-10-31T12:45:42.290-0400][1,503s][info][gc,heap     ] GC(4) Eden regions: 226->0(224)
[2024-10-31T12:45:42.290-0400][1,503s][info][gc,heap     ] GC(4) Survivor regions: 4->6(29)
[2024-10-31T12:45:42.290-0400][1,503s][info][gc,heap     ] GC(4) Old regions: 26->26
[2024-10-31T12:45:42.290-0400][1,503s][info][gc,heap     ] GC(4) Archive regions: 2->2
[2024-10-31T12:45:42.290-0400][1,503s][info][gc,heap     ] GC(4) Humongous regions: 3->3
[2024-10-31T12:45:42.290-0400][1,503s][info][gc,metaspace] GC(4) Metaspace: 14449K(14720K)->14449K(14720K) NonClass: 12989K(13120K)->12989K(13120K) Class: 1460K(1600K)->1460K(1600K)
[2024-10-31T12:45:42.290-0400][1,503s][info][gc          ] GC(4) Pause Young (Normal) (G1 Evacuation Pause) 259M->35M(386M) 4,355ms
[2024-10-31T12:45:42.290-0400][1,503s][info][gc,cpu      ] GC(4) User=0,01s Sys=0,03s Real=0,01s
[2024-10-31T12:45:42.671-0400][1,884s][info][gc,start    ] GC(5) Pause Young (Normal) (G1 Evacuation Pause)
[2024-10-31T12:45:42.671-0400][1,885s][info][gc,task     ] GC(5) Using 9 workers of 10 for evacuation
[2024-10-31T12:45:42.674-0400][1,887s][info][gc,phases   ] GC(5)   Pre Evacuate Collection Set: 0,1ms
[2024-10-31T12:45:42.674-0400][1,887s][info][gc,phases   ] GC(5)   Merge Heap Roots: 0,0ms
[2024-10-31T12:45:42.674-0400][1,887s][info][gc,phases   ] GC(5)   Evacuate Collection Set: 2,2ms
[2024-10-31T12:45:42.674-0400][1,887s][info][gc,phases   ] GC(5)   Post Evacuate Collection Set: 0,3ms
[2024-10-31T12:45:42.674-0400][1,887s][info][gc,phases   ] GC(5)   Other: 0,1ms
[2024-10-31T12:45:42.674-0400][1,887s][info][gc,heap     ] GC(5) Eden regions: 224->0(222)
[2024-10-31T12:45:42.674-0400][1,887s][info][gc,heap     ] GC(5) Survivor regions: 6->8(29)
[2024-10-31T12:45:42.674-0400][1,887s][info][gc,heap     ] GC(5) Old regions: 26->26
[2024-10-31T12:45:42.674-0400][1,887s][info][gc,heap     ] GC(5) Archive regions: 2->2
[2024-10-31T12:45:42.674-0400][1,887s][info][gc,heap     ] GC(5) Humongous regions: 3->3
[2024-10-31T12:45:42.674-0400][1,887s][info][gc,metaspace] GC(5) Metaspace: 14463K(14720K)->14463K(14720K) NonClass: 13002K(13120K)->13002K(13120K) Class: 1461K(1600K)->1461K(1600K)
[2024-10-31T12:45:42.674-0400][1,887s][info][gc          ] GC(5) Pause Young (Normal) (G1 Evacuation Pause) 259M->36M(386M) 2,786ms
[2024-10-31T12:45:42.674-0400][1,887s][info][gc,cpu      ] GC(5) User=0,02s Sys=0,00s Real=0,00s
[2024-10-31T12:45:43.141-0400][2,355s][info][gc,start    ] GC(6) Pause Young (Normal) (G1 Evacuation Pause)
[2024-10-31T12:45:43.141-0400][2,355s][info][gc,task     ] GC(6) Using 9 workers of 10 for evacuation
[2024-10-31T12:45:43.143-0400][2,357s][info][gc,phases   ] GC(6)   Pre Evacuate Collection Set: 0,1ms
[2024-10-31T12:45:43.143-0400][2,357s][info][gc,phases   ] GC(6)   Merge Heap Roots: 0,0ms
[2024-10-31T12:45:43.143-0400][2,357s][info][gc,phases   ] GC(6)   Evacuate Collection Set: 1,4ms
[2024-10-31T12:45:43.143-0400][2,357s][info][gc,phases   ] GC(6)   Post Evacuate Collection Set: 0,3ms
[2024-10-31T12:45:43.143-0400][2,357s][info][gc,phases   ] GC(6)   Other: 0,1ms
[2024-10-31T12:45:43.143-0400][2,357s][info][gc,heap     ] GC(6) Eden regions: 222->0(224)
[2024-10-31T12:45:43.143-0400][2,357s][info][gc,heap     ] GC(6) Survivor regions: 8->6(29)
[2024-10-31T12:45:43.143-0400][2,357s][info][gc,heap     ] GC(6) Old regions: 26->26
[2024-10-31T12:45:43.143-0400][2,357s][info][gc,heap     ] GC(6) Archive regions: 2->2
[2024-10-31T12:45:43.143-0400][2,357s][info][gc,heap     ] GC(6) Humongous regions: 4->3
[2024-10-31T12:45:43.143-0400][2,357s][info][gc,metaspace] GC(6) Metaspace: 15446K(15680K)->15446K(15680K) NonClass: 13917K(14016K)->13917K(14016K) Class: 1528K(1664K)->1528K(1664K)
[2024-10-31T12:45:43.143-0400][2,357s][info][gc          ] GC(6) Pause Young (Normal) (G1 Evacuation Pause) 259M->35M(386M) 1,997ms
[2024-10-31T12:45:43.143-0400][2,357s][info][gc,cpu      ] GC(6) User=0,02s Sys=0,00s Real=0,00s
[2024-10-31T12:45:43.565-0400][2,778s][info][gc,start    ] GC(7) Pause Young (Concurrent Start) (Metadata GC Threshold)
[2024-10-31T12:45:43.565-0400][2,778s][info][gc,task     ] GC(7) Using 9 workers of 10 for evacuation
[2024-10-31T12:45:43.567-0400][2,781s][info][gc,phases   ] GC(7)   Pre Evacuate Collection Set: 0,1ms
[2024-10-31T12:45:43.567-0400][2,781s][info][gc,phases   ] GC(7)   Merge Heap Roots: 0,0ms
[2024-10-31T12:45:43.567-0400][2,781s][info][gc,phases   ] GC(7)   Evacuate Collection Set: 2,0ms
[2024-10-31T12:45:43.567-0400][2,781s][info][gc,phases   ] GC(7)   Post Evacuate Collection Set: 0,3ms
[2024-10-31T12:45:43.567-0400][2,781s][info][gc,phases   ] GC(7)   Other: 0,2ms
[2024-10-31T12:45:43.567-0400][2,781s][info][gc,heap     ] GC(7) Eden regions: 155->0(222)
[2024-10-31T12:45:43.567-0400][2,781s][info][gc,heap     ] GC(7) Survivor regions: 6->8(29)
[2024-10-31T12:45:43.567-0400][2,781s][info][gc,heap     ] GC(7) Old regions: 26->26
[2024-10-31T12:45:43.567-0400][2,781s][info][gc,heap     ] GC(7) Archive regions: 2->2
[2024-10-31T12:45:43.567-0400][2,781s][info][gc,heap     ] GC(7) Humongous regions: 4->3
[2024-10-31T12:45:43.567-0400][2,781s][info][gc,metaspace] GC(7) Metaspace: 21294K(21504K)->21294K(21504K) NonClass: 19017K(19136K)->19017K(19136K) Class: 2276K(2368K)->2276K(2368K)
[2024-10-31T12:45:43.567-0400][2,781s][info][gc          ] GC(7) Pause Young (Concurrent Start) (Metadata GC Threshold) 191M->37M(386M) 2,723ms
[2024-10-31T12:45:43.567-0400][2,781s][info][gc,cpu      ] GC(7) User=0,02s Sys=0,00s Real=0,01s
[2024-10-31T12:45:43.567-0400][2,781s][info][gc          ] GC(8) Concurrent Mark Cycle
[2024-10-31T12:45:43.567-0400][2,781s][info][gc,marking  ] GC(8) Concurrent Clear Claimed Marks
[2024-10-31T12:45:43.567-0400][2,781s][info][gc,marking  ] GC(8) Concurrent Clear Claimed Marks 0,013ms
[2024-10-31T12:45:43.567-0400][2,781s][info][gc,marking  ] GC(8) Concurrent Scan Root Regions
[2024-10-31T12:45:43.569-0400][2,783s][info][gc,marking  ] GC(8) Concurrent Scan Root Regions 1,773ms
[2024-10-31T12:45:43.569-0400][2,783s][info][gc,marking  ] GC(8) Concurrent Mark
[2024-10-31T12:45:43.569-0400][2,783s][info][gc,marking  ] GC(8) Concurrent Mark From Roots
[2024-10-31T12:45:43.569-0400][2,783s][info][gc,task     ] GC(8) Using 3 workers of 3 for marking
[2024-10-31T12:45:43.576-0400][2,789s][info][gc,marking  ] GC(8) Concurrent Mark From Roots 6,391ms
[2024-10-31T12:45:43.576-0400][2,789s][info][gc,marking  ] GC(8) Concurrent Preclean
[2024-10-31T12:45:43.576-0400][2,789s][info][gc,marking  ] GC(8) Concurrent Preclean 0,119ms
[2024-10-31T12:45:43.576-0400][2,789s][info][gc,start    ] GC(8) Pause Remark
[2024-10-31T12:45:43.578-0400][2,791s][info][gc          ] GC(8) Pause Remark 39M->39M(384M) 1,888ms
[2024-10-31T12:45:43.578-0400][2,791s][info][gc,cpu      ] GC(8) User=0,02s Sys=0,00s Real=0,01s
[2024-10-31T12:45:43.578-0400][2,791s][info][gc,marking  ] GC(8) Concurrent Mark 8,570ms
[2024-10-31T12:45:43.578-0400][2,791s][info][gc,marking  ] GC(8) Concurrent Rebuild Remembered Sets
[2024-10-31T12:45:43.581-0400][2,794s][info][gc,marking  ] GC(8) Concurrent Rebuild Remembered Sets 2,918ms
[2024-10-31T12:45:43.581-0400][2,794s][info][gc,start    ] GC(8) Pause Cleanup
[2024-10-31T12:45:43.581-0400][2,794s][info][gc          ] GC(8) Pause Cleanup 39M->39M(384M) 0,078ms
[2024-10-31T12:45:43.581-0400][2,794s][info][gc,cpu      ] GC(8) User=0,00s Sys=0,00s Real=0,00s
[2024-10-31T12:45:43.581-0400][2,794s][info][gc,marking  ] GC(8) Concurrent Cleanup for Next Mark
[2024-10-31T12:45:43.582-0400][2,796s][info][gc,marking  ] GC(8) Concurrent Cleanup for Next Mark 1,429ms
[2024-10-31T12:45:43.582-0400][2,796s][info][gc          ] GC(8) Concurrent Mark Cycle 14,984ms
[2024-10-31T12:45:44.261-0400][3,475s][info][gc,start    ] GC(9) Pause Young (Normal) (G1 Evacuation Pause)
[2024-10-31T12:45:44.261-0400][3,475s][info][gc,task     ] GC(9) Using 10 workers of 10 for evacuation
[2024-10-31T12:45:44.272-0400][3,485s][info][gc,phases   ] GC(9)   Pre Evacuate Collection Set: 0,1ms
[2024-10-31T12:45:44.272-0400][3,485s][info][gc,phases   ] GC(9)   Merge Heap Roots: 0,1ms
[2024-10-31T12:45:44.272-0400][3,485s][info][gc,phases   ] GC(9)   Evacuate Collection Set: 9,5ms
[2024-10-31T12:45:44.272-0400][3,485s][info][gc,phases   ] GC(9)   Post Evacuate Collection Set: 0,5ms
[2024-10-31T12:45:44.272-0400][3,485s][info][gc,phases   ] GC(9)   Other: 0,1ms
[2024-10-31T12:45:44.272-0400][3,485s][info][gc,heap     ] GC(9) Eden regions: 222->0(206)
[2024-10-31T12:45:44.272-0400][3,485s][info][gc,heap     ] GC(9) Survivor regions: 8->24(29)
[2024-10-31T12:45:44.272-0400][3,485s][info][gc,heap     ] GC(9) Old regions: 26->26
[2024-10-31T12:45:44.272-0400][3,485s][info][gc,heap     ] GC(9) Archive regions: 2->2
[2024-10-31T12:45:44.272-0400][3,485s][info][gc,heap     ] GC(9) Humongous regions: 6->3
[2024-10-31T12:45:44.272-0400][3,485s][info][gc,metaspace] GC(9) Metaspace: 32034K(32448K)->32034K(32448K) NonClass: 28332K(28544K)->28332K(28544K) Class: 3702K(3904K)->3702K(3904K)
[2024-10-31T12:45:44.272-0400][3,485s][info][gc          ] GC(9) Pause Young (Normal) (G1 Evacuation Pause) 262M->53M(384M) 10,317ms
[2024-10-31T12:45:44.272-0400][3,485s][info][gc,cpu      ] GC(9) User=0,04s Sys=0,04s Real=0,01s
[2024-10-31T12:45:44.359-0400][3,572s][info][gc,heap,exit] Heap
[2024-10-31T12:45:44.359-0400][3,572s][info][gc,heap,exit]  garbage-first heap   total 393216K, used 75310K [0x0000000080000000, 0x0000000100000000)
[2024-10-31T12:45:44.359-0400][3,572s][info][gc,heap,exit]   region size 1024K, 44 young (45056K), 24 survivors (24576K)
[2024-10-31T12:45:44.359-0400][3,572s][info][gc,heap,exit]  Metaspace       used 33408K, committed 33792K, reserved 1114112K
[2024-10-31T12:45:44.359-0400][3,572s][info][gc,heap,exit]   class space    used 3860K, committed 4032K, reserved 1048576K
