[2024-10-31T13:01:19.081-0400][0.002s][info][gc] Using G1
[2024-10-31T13:01:19.084-0400][0.005s][info][gc,init] Version: 17.0.12+7 (release)
[2024-10-31T13:01:19.084-0400][0.005s][info][gc,init] CPUs: 12 total, 12 available
[2024-10-31T13:01:19.084-0400][0.005s][info][gc,init] Memory: 31966M
[2024-10-31T13:01:19.084-0400][0.005s][info][gc,init] Large Page Support: Disabled
[2024-10-31T13:01:19.084-0400][0.005s][info][gc,init] NUMA Support: Disabled
[2024-10-31T13:01:19.084-0400][0.005s][info][gc,init] Compressed Oops: Enabled (32-bit)
[2024-10-31T13:01:19.084-0400][0.005s][info][gc,init] Heap Region Size: 1M
[2024-10-31T13:01:19.084-0400][0.005s][info][gc,init] Heap Min Capacity: 384M
[2024-10-31T13:01:19.084-0400][0.005s][info][gc,init] Heap Initial Capacity: 384M
[2024-10-31T13:01:19.084-0400][0.005s][info][gc,init] Heap Max Capacity: 2G
[2024-10-31T13:01:19.084-0400][0.005s][info][gc,init] Pre-touch: Disabled
[2024-10-31T13:01:19.084-0400][0.005s][info][gc,init] Parallel Workers: 10
[2024-10-31T13:01:19.084-0400][0.005s][info][gc,init] Concurrent Workers: 3
[2024-10-31T13:01:19.084-0400][0.005s][info][gc,init] Concurrent Refinement Workers: 10
[2024-10-31T13:01:19.084-0400][0.005s][info][gc,init] Periodic GC: Disabled
[2024-10-31T13:01:19.089-0400][0.009s][info][gc,metaspace] CDS archive(s) mapped at: [0x000072720f000000-0x000072720fbc7000-0x000072720fbc7000), size 12349440, SharedBaseAddress: 0x000072720f000000, ArchiveRelocationMode: 1.
[2024-10-31T13:01:19.089-0400][0.010s][info][gc,metaspace] Compressed class space mapped at: 0x0000727210000000-0x0000727250000000, reserved size: 1073741824
[2024-10-31T13:01:19.089-0400][0.010s][info][gc,metaspace] Narrow klass base: 0x000072720f000000, Narrow klass shift: 0, Narrow klass range: 0x100000000
[2024-10-31T13:01:19.406-0400][0,326s][info][gc,start    ] GC(0) Pause Young (Normal) (G1 Evacuation Pause)
[2024-10-31T13:01:19.406-0400][0,327s][info][gc,task     ] GC(0) Using 9 workers of 10 for evacuation
[2024-10-31T13:01:19.409-0400][0,330s][info][gc,phases   ] GC(0)   Pre Evacuate Collection Set: 0,0ms
[2024-10-31T13:01:19.410-0400][0,330s][info][gc,phases   ] GC(0)   Merge Heap Roots: 0,1ms
[2024-10-31T13:01:19.410-0400][0,330s][info][gc,phases   ] GC(0)   Evacuate Collection Set: 3,0ms
[2024-10-31T13:01:19.410-0400][0,330s][info][gc,phases   ] GC(0)   Post Evacuate Collection Set: 0,2ms
[2024-10-31T13:01:19.410-0400][0,330s][info][gc,phases   ] GC(0)   Other: 0,5ms
[2024-10-31T13:01:19.410-0400][0,330s][info][gc,heap     ] GC(0) Eden regions: 23->0(31)
[2024-10-31T13:01:19.410-0400][0,330s][info][gc,heap     ] GC(0) Survivor regions: 0->3(3)
[2024-10-31T13:01:19.410-0400][0,330s][info][gc,heap     ] GC(0) Old regions: 0->3
[2024-10-31T13:01:19.410-0400][0,330s][info][gc,heap     ] GC(0) Archive regions: 2->2
[2024-10-31T13:01:19.410-0400][0,330s][info][gc,heap     ] GC(0) Humongous regions: 0->0
[2024-10-31T13:01:19.410-0400][0,330s][info][gc,metaspace] GC(0) Metaspace: 9436K(9664K)->9436K(9664K) NonClass: 8460K(8576K)->8460K(8576K) Class: 976K(1088K)->976K(1088K)
[2024-10-31T13:01:19.410-0400][0,330s][info][gc          ] GC(0) Pause Young (Normal) (G1 Evacuation Pause) 23M->5M(386M) 3,874ms
[2024-10-31T13:01:19.410-0400][0,330s][info][gc,cpu      ] GC(0) User=0,00s Sys=0,03s Real=0,01s
[2024-10-31T13:01:19.634-0400][0,555s][info][gc,start    ] GC(1) Pause Young (Normal) (G1 Evacuation Pause)
[2024-10-31T13:01:19.634-0400][0,555s][info][gc,task     ] GC(1) Using 9 workers of 10 for evacuation
[2024-10-31T13:01:19.638-0400][0,559s][info][gc,phases   ] GC(1)   Pre Evacuate Collection Set: 0,1ms
[2024-10-31T13:01:19.638-0400][0,559s][info][gc,phases   ] GC(1)   Merge Heap Roots: 0,0ms
[2024-10-31T13:01:19.638-0400][0,559s][info][gc,phases   ] GC(1)   Evacuate Collection Set: 3,7ms
[2024-10-31T13:01:19.638-0400][0,559s][info][gc,phases   ] GC(1)   Post Evacuate Collection Set: 0,4ms
[2024-10-31T13:01:19.638-0400][0,559s][info][gc,phases   ] GC(1)   Other: 0,1ms
[2024-10-31T13:01:19.638-0400][0,559s][info][gc,heap     ] GC(1) Eden regions: 31->0(57)
[2024-10-31T13:01:19.638-0400][0,559s][info][gc,heap     ] GC(1) Survivor regions: 3->4(5)
[2024-10-31T13:01:19.638-0400][0,559s][info][gc,heap     ] GC(1) Old regions: 3->6
[2024-10-31T13:01:19.638-0400][0,559s][info][gc,heap     ] GC(1) Archive regions: 2->2
[2024-10-31T13:01:19.638-0400][0,559s][info][gc,heap     ] GC(1) Humongous regions: 2->0
[2024-10-31T13:01:19.638-0400][0,559s][info][gc,metaspace] GC(1) Metaspace: 12328K(12544K)->12328K(12544K) NonClass: 11074K(11136K)->11074K(11136K) Class: 1254K(1408K)->1254K(1408K)
[2024-10-31T13:01:19.638-0400][0,559s][info][gc          ] GC(1) Pause Young (Normal) (G1 Evacuation Pause) 38M->9M(386M) 4,456ms
[2024-10-31T13:01:19.638-0400][0,559s][info][gc,cpu      ] GC(1) User=0,01s Sys=0,03s Real=0,01s
[2024-10-31T13:01:19.836-0400][0,757s][info][gc,start    ] GC(2) Pause Young (Normal) (G1 Evacuation Pause)
[2024-10-31T13:01:19.836-0400][0,757s][info][gc,task     ] GC(2) Using 9 workers of 10 for evacuation
[2024-10-31T13:01:19.847-0400][0,768s][info][gc,phases   ] GC(2)   Pre Evacuate Collection Set: 0,1ms
[2024-10-31T13:01:19.847-0400][0,768s][info][gc,phases   ] GC(2)   Merge Heap Roots: 0,0ms
[2024-10-31T13:01:19.847-0400][0,768s][info][gc,phases   ] GC(2)   Evacuate Collection Set: 9,7ms
[2024-10-31T13:01:19.847-0400][0,768s][info][gc,phases   ] GC(2)   Post Evacuate Collection Set: 0,4ms
[2024-10-31T13:01:19.847-0400][0,768s][info][gc,phases   ] GC(2)   Other: 0,1ms
[2024-10-31T13:01:19.847-0400][0,768s][info][gc,heap     ] GC(2) Eden regions: 57->0(75)
[2024-10-31T13:01:19.847-0400][0,768s][info][gc,heap     ] GC(2) Survivor regions: 4->8(8)
[2024-10-31T13:01:19.847-0400][0,768s][info][gc,heap     ] GC(2) Old regions: 6->17
[2024-10-31T13:01:19.847-0400][0,768s][info][gc,heap     ] GC(2) Archive regions: 2->2
[2024-10-31T13:01:19.847-0400][0,768s][info][gc,heap     ] GC(2) Humongous regions: 4->3
[2024-10-31T13:01:19.847-0400][0,768s][info][gc,metaspace] GC(2) Metaspace: 13510K(13696K)->13510K(13696K) NonClass: 12125K(12224K)->12125K(12224K) Class: 1385K(1472K)->1385K(1472K)
[2024-10-31T13:01:19.847-0400][0,768s][info][gc          ] GC(2) Pause Young (Normal) (G1 Evacuation Pause) 70M->28M(386M) 10,390ms
[2024-10-31T13:01:19.847-0400][0,768s][info][gc,cpu      ] GC(2) User=0,05s Sys=0,06s Real=0,01s
[2024-10-31T13:01:20.141-0400][1,062s][info][gc,start    ] GC(3) Pause Young (Normal) (G1 Evacuation Pause)
[2024-10-31T13:01:20.141-0400][1,062s][info][gc,task     ] GC(3) Using 9 workers of 10 for evacuation
[2024-10-31T13:01:20.146-0400][1,067s][info][gc,phases   ] GC(3)   Pre Evacuate Collection Set: 0,1ms
[2024-10-31T13:01:20.146-0400][1,067s][info][gc,phases   ] GC(3)   Merge Heap Roots: 0,0ms
[2024-10-31T13:01:20.146-0400][1,067s][info][gc,phases   ] GC(3)   Evacuate Collection Set: 4,3ms
[2024-10-31T13:01:20.146-0400][1,067s][info][gc,phases   ] GC(3)   Post Evacuate Collection Set: 0,3ms
[2024-10-31T13:01:20.146-0400][1,067s][info][gc,phases   ] GC(3)   Other: 0,1ms
[2024-10-31T13:01:20.146-0400][1,067s][info][gc,heap     ] GC(3) Eden regions: 75->0(226)
[2024-10-31T13:01:20.146-0400][1,067s][info][gc,heap     ] GC(3) Survivor regions: 8->4(11)
[2024-10-31T13:01:20.146-0400][1,067s][info][gc,heap     ] GC(3) Old regions: 17->26
[2024-10-31T13:01:20.146-0400][1,067s][info][gc,heap     ] GC(3) Archive regions: 2->2
[2024-10-31T13:01:20.146-0400][1,067s][info][gc,heap     ] GC(3) Humongous regions: 4->3
[2024-10-31T13:01:20.146-0400][1,067s][info][gc,metaspace] GC(3) Metaspace: 14388K(14656K)->14388K(14656K) NonClass: 12929K(13056K)->12929K(13056K) Class: 1459K(1600K)->1459K(1600K)
[2024-10-31T13:01:20.146-0400][1,067s][info][gc          ] GC(3) Pause Young (Normal) (G1 Evacuation Pause) 104M->33M(386M) 4,877ms
[2024-10-31T13:01:20.146-0400][1,067s][info][gc,cpu      ] GC(3) User=0,05s Sys=0,00s Real=0,00s
[2024-10-31T13:01:20.531-0400][1,452s][info][gc,start    ] GC(4) Pause Young (Normal) (G1 Evacuation Pause)
[2024-10-31T13:01:20.531-0400][1,452s][info][gc,task     ] GC(4) Using 9 workers of 10 for evacuation
[2024-10-31T13:01:20.534-0400][1,455s][info][gc,phases   ] GC(4)   Pre Evacuate Collection Set: 0,1ms
[2024-10-31T13:01:20.535-0400][1,455s][info][gc,phases   ] GC(4)   Merge Heap Roots: 0,1ms
[2024-10-31T13:01:20.535-0400][1,455s][info][gc,phases   ] GC(4)   Evacuate Collection Set: 2,9ms
[2024-10-31T13:01:20.535-0400][1,455s][info][gc,phases   ] GC(4)   Post Evacuate Collection Set: 0,3ms
[2024-10-31T13:01:20.535-0400][1,455s][info][gc,phases   ] GC(4)   Other: 0,1ms
[2024-10-31T13:01:20.535-0400][1,455s][info][gc,heap     ] GC(4) Eden regions: 226->0(224)
[2024-10-31T13:01:20.535-0400][1,455s][info][gc,heap     ] GC(4) Survivor regions: 4->6(29)
[2024-10-31T13:01:20.535-0400][1,455s][info][gc,heap     ] GC(4) Old regions: 26->26
[2024-10-31T13:01:20.535-0400][1,455s][info][gc,heap     ] GC(4) Archive regions: 2->2
[2024-10-31T13:01:20.535-0400][1,455s][info][gc,heap     ] GC(4) Humongous regions: 3->3
[2024-10-31T13:01:20.535-0400][1,455s][info][gc,metaspace] GC(4) Metaspace: 14442K(14656K)->14442K(14656K) NonClass: 12982K(13056K)->12982K(13056K) Class: 1459K(1600K)->1459K(1600K)
[2024-10-31T13:01:20.535-0400][1,455s][info][gc          ] GC(4) Pause Young (Normal) (G1 Evacuation Pause) 259M->34M(386M) 3,505ms
[2024-10-31T13:01:20.535-0400][1,455s][info][gc,cpu      ] GC(4) User=0,02s Sys=0,01s Real=0,00s
[2024-10-31T13:01:20.943-0400][1,864s][info][gc,start    ] GC(5) Pause Young (Normal) (G1 Evacuation Pause)
[2024-10-31T13:01:20.943-0400][1,864s][info][gc,task     ] GC(5) Using 9 workers of 10 for evacuation
[2024-10-31T13:01:20.946-0400][1,867s][info][gc,phases   ] GC(5)   Pre Evacuate Collection Set: 0,1ms
[2024-10-31T13:01:20.946-0400][1,867s][info][gc,phases   ] GC(5)   Merge Heap Roots: 0,0ms
[2024-10-31T13:01:20.946-0400][1,867s][info][gc,phases   ] GC(5)   Evacuate Collection Set: 2,4ms
[2024-10-31T13:01:20.946-0400][1,867s][info][gc,phases   ] GC(5)   Post Evacuate Collection Set: 0,3ms
[2024-10-31T13:01:20.946-0400][1,867s][info][gc,phases   ] GC(5)   Other: 0,1ms
[2024-10-31T13:01:20.946-0400][1,867s][info][gc,heap     ] GC(5) Eden regions: 224->0(222)
[2024-10-31T13:01:20.946-0400][1,867s][info][gc,heap     ] GC(5) Survivor regions: 6->8(29)
[2024-10-31T13:01:20.946-0400][1,867s][info][gc,heap     ] GC(5) Old regions: 26->26
[2024-10-31T13:01:20.946-0400][1,867s][info][gc,heap     ] GC(5) Archive regions: 2->2
[2024-10-31T13:01:20.946-0400][1,867s][info][gc,heap     ] GC(5) Humongous regions: 3->3
[2024-10-31T13:01:20.946-0400][1,867s][info][gc,metaspace] GC(5) Metaspace: 14462K(14784K)->14462K(14784K) NonClass: 13002K(13184K)->13002K(13184K) Class: 1460K(1600K)->1460K(1600K)
[2024-10-31T13:01:20.946-0400][1,867s][info][gc          ] GC(5) Pause Young (Normal) (G1 Evacuation Pause) 258M->36M(386M) 2,922ms
[2024-10-31T13:01:20.946-0400][1,867s][info][gc,cpu      ] GC(5) User=0,03s Sys=0,00s Real=0,00s
[2024-10-31T13:01:21.434-0400][2,355s][info][gc,start    ] GC(6) Pause Young (Normal) (G1 Evacuation Pause)
[2024-10-31T13:01:21.434-0400][2,355s][info][gc,task     ] GC(6) Using 9 workers of 10 for evacuation
[2024-10-31T13:01:21.436-0400][2,357s][info][gc,phases   ] GC(6)   Pre Evacuate Collection Set: 0,1ms
[2024-10-31T13:01:21.436-0400][2,357s][info][gc,phases   ] GC(6)   Merge Heap Roots: 0,0ms
[2024-10-31T13:01:21.436-0400][2,357s][info][gc,phases   ] GC(6)   Evacuate Collection Set: 1,5ms
[2024-10-31T13:01:21.436-0400][2,357s][info][gc,phases   ] GC(6)   Post Evacuate Collection Set: 0,3ms
[2024-10-31T13:01:21.436-0400][2,357s][info][gc,phases   ] GC(6)   Other: 0,1ms
[2024-10-31T13:01:21.436-0400][2,357s][info][gc,heap     ] GC(6) Eden regions: 222->0(224)
[2024-10-31T13:01:21.436-0400][2,357s][info][gc,heap     ] GC(6) Survivor regions: 8->6(29)
[2024-10-31T13:01:21.436-0400][2,357s][info][gc,heap     ] GC(6) Old regions: 26->26
[2024-10-31T13:01:21.436-0400][2,357s][info][gc,heap     ] GC(6) Archive regions: 2->2
[2024-10-31T13:01:21.436-0400][2,357s][info][gc,heap     ] GC(6) Humongous regions: 4->3
[2024-10-31T13:01:21.436-0400][2,357s][info][gc,metaspace] GC(6) Metaspace: 15442K(15680K)->15442K(15680K) NonClass: 13914K(14016K)->13914K(14016K) Class: 1527K(1664K)->1527K(1664K)
[2024-10-31T13:01:21.436-0400][2,357s][info][gc          ] GC(6) Pause Young (Normal) (G1 Evacuation Pause) 259M->34M(386M) 2,052ms
[2024-10-31T13:01:21.436-0400][2,357s][info][gc,cpu      ] GC(6) User=0,01s Sys=0,00s Real=0,00s
[2024-10-31T13:01:21.855-0400][2,776s][info][gc,start    ] GC(7) Pause Young (Concurrent Start) (Metadata GC Threshold)
[2024-10-31T13:01:21.855-0400][2,776s][info][gc,task     ] GC(7) Using 9 workers of 10 for evacuation
[2024-10-31T13:01:21.857-0400][2,778s][info][gc,phases   ] GC(7)   Pre Evacuate Collection Set: 0,1ms
[2024-10-31T13:01:21.857-0400][2,778s][info][gc,phases   ] GC(7)   Merge Heap Roots: 0,0ms
[2024-10-31T13:01:21.857-0400][2,778s][info][gc,phases   ] GC(7)   Evacuate Collection Set: 1,9ms
[2024-10-31T13:01:21.857-0400][2,778s][info][gc,phases   ] GC(7)   Post Evacuate Collection Set: 0,2ms
[2024-10-31T13:01:21.857-0400][2,778s][info][gc,phases   ] GC(7)   Other: 0,1ms
[2024-10-31T13:01:21.857-0400][2,778s][info][gc,heap     ] GC(7) Eden regions: 151->0(222)
[2024-10-31T13:01:21.857-0400][2,778s][info][gc,heap     ] GC(7) Survivor regions: 6->8(29)
[2024-10-31T13:01:21.857-0400][2,778s][info][gc,heap     ] GC(7) Old regions: 26->26
[2024-10-31T13:01:21.857-0400][2,778s][info][gc,heap     ] GC(7) Archive regions: 2->2
[2024-10-31T13:01:21.857-0400][2,778s][info][gc,heap     ] GC(7) Humongous regions: 4->3
[2024-10-31T13:01:21.857-0400][2,778s][info][gc,metaspace] GC(7) Metaspace: 21287K(21504K)->21287K(21504K) NonClass: 19011K(19136K)->19011K(19136K) Class: 2276K(2368K)->2276K(2368K)
[2024-10-31T13:01:21.857-0400][2,778s][info][gc          ] GC(7) Pause Young (Concurrent Start) (Metadata GC Threshold) 186M->37M(386M) 2,434ms
[2024-10-31T13:01:21.857-0400][2,778s][info][gc,cpu      ] GC(7) User=0,02s Sys=0,00s Real=0,00s
[2024-10-31T13:01:21.857-0400][2,778s][info][gc          ] GC(8) Concurrent Mark Cycle
[2024-10-31T13:01:21.857-0400][2,778s][info][gc,marking  ] GC(8) Concurrent Clear Claimed Marks
[2024-10-31T13:01:21.857-0400][2,778s][info][gc,marking  ] GC(8) Concurrent Clear Claimed Marks 0,015ms
[2024-10-31T13:01:21.857-0400][2,778s][info][gc,marking  ] GC(8) Concurrent Scan Root Regions
[2024-10-31T13:01:21.859-0400][2,779s][info][gc,marking  ] GC(8) Concurrent Scan Root Regions 1,392ms
[2024-10-31T13:01:21.859-0400][2,779s][info][gc,marking  ] GC(8) Concurrent Mark
[2024-10-31T13:01:21.859-0400][2,779s][info][gc,marking  ] GC(8) Concurrent Mark From Roots
[2024-10-31T13:01:21.859-0400][2,779s][info][gc,task     ] GC(8) Using 3 workers of 3 for marking
[2024-10-31T13:01:21.864-0400][2,784s][info][gc,marking  ] GC(8) Concurrent Mark From Roots 5,008ms
[2024-10-31T13:01:21.864-0400][2,784s][info][gc,marking  ] GC(8) Concurrent Preclean
[2024-10-31T13:01:21.864-0400][2,785s][info][gc,marking  ] GC(8) Concurrent Preclean 0,090ms
[2024-10-31T13:01:21.864-0400][2,785s][info][gc,start    ] GC(8) Pause Remark
[2024-10-31T13:01:21.866-0400][2,786s][info][gc          ] GC(8) Pause Remark 38M->38M(384M) 1,772ms
[2024-10-31T13:01:21.866-0400][2,786s][info][gc,cpu      ] GC(8) User=0,02s Sys=0,00s Real=0,00s
[2024-10-31T13:01:21.866-0400][2,786s][info][gc,marking  ] GC(8) Concurrent Mark 6,971ms
[2024-10-31T13:01:21.866-0400][2,786s][info][gc,marking  ] GC(8) Concurrent Rebuild Remembered Sets
[2024-10-31T13:01:21.868-0400][2,789s][info][gc,marking  ] GC(8) Concurrent Rebuild Remembered Sets 2,703ms
[2024-10-31T13:01:21.868-0400][2,789s][info][gc,start    ] GC(8) Pause Cleanup
[2024-10-31T13:01:21.868-0400][2,789s][info][gc          ] GC(8) Pause Cleanup 38M->38M(384M) 0,082ms
[2024-10-31T13:01:21.868-0400][2,789s][info][gc,cpu      ] GC(8) User=0,00s Sys=0,00s Real=0,00s
[2024-10-31T13:01:21.869-0400][2,789s][info][gc,marking  ] GC(8) Concurrent Cleanup for Next Mark
[2024-10-31T13:01:21.870-0400][2,791s][info][gc,marking  ] GC(8) Concurrent Cleanup for Next Mark 1,584ms
[2024-10-31T13:01:21.870-0400][2,791s][info][gc          ] GC(8) Concurrent Mark Cycle 12,961ms
[2024-10-31T13:01:22.521-0400][3,441s][info][gc,start    ] GC(9) Pause Young (Normal) (G1 Evacuation Pause)
[2024-10-31T13:01:22.521-0400][3,441s][info][gc,task     ] GC(9) Using 10 workers of 10 for evacuation
[2024-10-31T13:01:22.529-0400][3,450s][info][gc,phases   ] GC(9)   Pre Evacuate Collection Set: 0,1ms
[2024-10-31T13:01:22.529-0400][3,450s][info][gc,phases   ] GC(9)   Merge Heap Roots: 0,0ms
[2024-10-31T13:01:22.529-0400][3,450s][info][gc,phases   ] GC(9)   Evacuate Collection Set: 7,9ms
[2024-10-31T13:01:22.529-0400][3,450s][info][gc,phases   ] GC(9)   Post Evacuate Collection Set: 0,6ms
[2024-10-31T13:01:22.529-0400][3,450s][info][gc,phases   ] GC(9)   Other: 0,1ms
[2024-10-31T13:01:22.529-0400][3,450s][info][gc,heap     ] GC(9) Eden regions: 222->0(206)
[2024-10-31T13:01:22.529-0400][3,450s][info][gc,heap     ] GC(9) Survivor regions: 8->24(29)
[2024-10-31T13:01:22.529-0400][3,450s][info][gc,heap     ] GC(9) Old regions: 26->26
[2024-10-31T13:01:22.529-0400][3,450s][info][gc,heap     ] GC(9) Archive regions: 2->2
[2024-10-31T13:01:22.529-0400][3,450s][info][gc,heap     ] GC(9) Humongous regions: 6->3
[2024-10-31T13:01:22.529-0400][3,450s][info][gc,metaspace] GC(9) Metaspace: 31384K(31808K)->31384K(31808K) NonClass: 27772K(27968K)->27772K(27968K) Class: 3611K(3840K)->3611K(3840K)
[2024-10-31T13:01:22.529-0400][3,450s][info][gc          ] GC(9) Pause Young (Normal) (G1 Evacuation Pause) 262M->52M(384M) 8,777ms
[2024-10-31T13:01:22.529-0400][3,450s][info][gc,cpu      ] GC(9) User=0,04s Sys=0,05s Real=0,01s
[2024-10-31T13:01:28.271-0400][9,192s][info][gc,start    ] GC(10) Pause Young (Concurrent Start) (Metadata GC Threshold)
[2024-10-31T13:01:28.271-0400][9,192s][info][gc,task     ] GC(10) Using 9 workers of 10 for evacuation
[2024-10-31T13:01:28.283-0400][9,204s][info][gc,phases   ] GC(10)   Pre Evacuate Collection Set: 0,1ms
[2024-10-31T13:01:28.283-0400][9,204s][info][gc,phases   ] GC(10)   Merge Heap Roots: 0,0ms
[2024-10-31T13:01:28.283-0400][9,204s][info][gc,phases   ] GC(10)   Evacuate Collection Set: 11,2ms
[2024-10-31T13:01:28.283-0400][9,204s][info][gc,phases   ] GC(10)   Post Evacuate Collection Set: 0,3ms
[2024-10-31T13:01:28.283-0400][9,204s][info][gc,phases   ] GC(10)   Other: 0,1ms
[2024-10-31T13:01:28.283-0400][9,204s][info][gc,heap     ] GC(10) Eden regions: 66->0(226)
[2024-10-31T13:01:28.283-0400][9,204s][info][gc,heap     ] GC(10) Survivor regions: 24->4(29)
[2024-10-31T13:01:28.283-0400][9,204s][info][gc,heap     ] GC(10) Old regions: 26->49
[2024-10-31T13:01:28.283-0400][9,204s][info][gc,heap     ] GC(10) Archive regions: 2->2
[2024-10-31T13:01:28.283-0400][9,204s][info][gc,heap     ] GC(10) Humongous regions: 3->3
[2024-10-31T13:01:28.283-0400][9,204s][info][gc,metaspace] GC(10) Metaspace: 35767K(36096K)->35767K(36096K) NonClass: 31565K(31744K)->31565K(31744K) Class: 4201K(4352K)->4201K(4352K)
[2024-10-31T13:01:28.283-0400][9,204s][info][gc          ] GC(10) Pause Young (Concurrent Start) (Metadata GC Threshold) 118M->55M(384M) 11,842ms
[2024-10-31T13:01:28.283-0400][9,204s][info][gc,cpu      ] GC(10) User=0,03s Sys=0,07s Real=0,01s
[2024-10-31T13:01:28.283-0400][9,204s][info][gc          ] GC(11) Concurrent Mark Cycle
[2024-10-31T13:01:28.283-0400][9,204s][info][gc,marking  ] GC(11) Concurrent Clear Claimed Marks
[2024-10-31T13:01:28.283-0400][9,204s][info][gc,marking  ] GC(11) Concurrent Clear Claimed Marks 0,030ms
[2024-10-31T13:01:28.283-0400][9,204s][info][gc,marking  ] GC(11) Concurrent Scan Root Regions
[2024-10-31T13:01:28.286-0400][9,207s][info][gc,marking  ] GC(11) Concurrent Scan Root Regions 2,740ms
[2024-10-31T13:01:28.286-0400][9,207s][info][gc,marking  ] GC(11) Concurrent Mark
[2024-10-31T13:01:28.286-0400][9,207s][info][gc,marking  ] GC(11) Concurrent Mark From Roots
[2024-10-31T13:01:28.286-0400][9,207s][info][gc,task     ] GC(11) Using 3 workers of 3 for marking
[2024-10-31T13:01:28.292-0400][9,213s][info][gc,marking  ] GC(11) Concurrent Mark From Roots 5,664ms
[2024-10-31T13:01:28.292-0400][9,213s][info][gc,marking  ] GC(11) Concurrent Preclean
[2024-10-31T13:01:28.292-0400][9,213s][info][gc,marking  ] GC(11) Concurrent Preclean 0,069ms
[2024-10-31T13:01:28.292-0400][9,213s][info][gc,start    ] GC(11) Pause Remark
[2024-10-31T13:01:28.293-0400][9,214s][info][gc          ] GC(11) Pause Remark 58M->58M(384M) 1,221ms
[2024-10-31T13:01:28.293-0400][9,214s][info][gc,cpu      ] GC(11) User=0,01s Sys=0,00s Real=0,00s
[2024-10-31T13:01:28.293-0400][9,214s][info][gc,marking  ] GC(11) Concurrent Mark 7,132ms
[2024-10-31T13:01:28.293-0400][9,214s][info][gc,marking  ] GC(11) Concurrent Rebuild Remembered Sets
[2024-10-31T13:01:28.299-0400][9,220s][info][gc,marking  ] GC(11) Concurrent Rebuild Remembered Sets 6,222ms
[2024-10-31T13:01:28.299-0400][9,220s][info][gc,start    ] GC(11) Pause Cleanup
[2024-10-31T13:01:28.300-0400][9,220s][info][gc          ] GC(11) Pause Cleanup 61M->61M(384M) 0,085ms
[2024-10-31T13:01:28.300-0400][9,220s][info][gc,cpu      ] GC(11) User=0,00s Sys=0,00s Real=0,00s
[2024-10-31T13:01:28.300-0400][9,220s][info][gc,marking  ] GC(11) Concurrent Cleanup for Next Mark
[2024-10-31T13:01:28.301-0400][9,222s][info][gc,marking  ] GC(11) Concurrent Cleanup for Next Mark 1,205ms
[2024-10-31T13:01:28.301-0400][9,222s][info][gc          ] GC(11) Concurrent Mark Cycle 17,595ms
[2024-10-31T13:02:07.506-0400][48,427s][info][gc,heap,exit] Heap
[2024-10-31T13:02:07.507-0400][48,427s][info][gc,heap,exit]  garbage-first heap   total 393216K, used 154903K [0x0000000080000000, 0x0000000100000000)
[2024-10-31T13:02:07.507-0400][48,427s][info][gc,heap,exit]   region size 1024K, 85 young (87040K), 4 survivors (4096K)
[2024-10-31T13:02:07.507-0400][48,427s][info][gc,heap,exit]  Metaspace       used 37716K, committed 38144K, reserved 1114112K
[2024-10-31T13:02:07.507-0400][48,427s][info][gc,heap,exit]   class space    used 4470K, committed 4672K, reserved 1048576K
