[2024-10-31T12:58:37.865-0400][0.002s][info][gc] Using G1
[2024-10-31T12:58:37.867-0400][0.005s][info][gc,init] Version: 17.0.12+7 (release)
[2024-10-31T12:58:37.867-0400][0.005s][info][gc,init] CPUs: 12 total, 12 available
[2024-10-31T12:58:37.867-0400][0.005s][info][gc,init] Memory: 31966M
[2024-10-31T12:58:37.867-0400][0.005s][info][gc,init] Large Page Support: Disabled
[2024-10-31T12:58:37.867-0400][0.005s][info][gc,init] NUMA Support: Disabled
[2024-10-31T12:58:37.867-0400][0.005s][info][gc,init] Compressed Oops: Enabled (32-bit)
[2024-10-31T12:58:37.867-0400][0.005s][info][gc,init] Heap Region Size: 1M
[2024-10-31T12:58:37.867-0400][0.005s][info][gc,init] Heap Min Capacity: 384M
[2024-10-31T12:58:37.867-0400][0.005s][info][gc,init] Heap Initial Capacity: 384M
[2024-10-31T12:58:37.867-0400][0.005s][info][gc,init] Heap Max Capacity: 2G
[2024-10-31T12:58:37.867-0400][0.005s][info][gc,init] Pre-touch: Disabled
[2024-10-31T12:58:37.867-0400][0.005s][info][gc,init] Parallel Workers: 10
[2024-10-31T12:58:37.867-0400][0.005s][info][gc,init] Concurrent Workers: 3
[2024-10-31T12:58:37.867-0400][0.005s][info][gc,init] Concurrent Refinement Workers: 10
[2024-10-31T12:58:37.867-0400][0.005s][info][gc,init] Periodic GC: Disabled
[2024-10-31T12:58:37.872-0400][0.009s][info][gc,metaspace] CDS archive(s) mapped at: [0x00007bf907000000-0x00007bf907bc7000-0x00007bf907bc7000), size 12349440, SharedBaseAddress: 0x00007bf907000000, ArchiveRelocationMode: 1.
[2024-10-31T12:58:37.872-0400][0.009s][info][gc,metaspace] Compressed class space mapped at: 0x00007bf908000000-0x00007bf948000000, reserved size: 1073741824
[2024-10-31T12:58:37.872-0400][0.009s][info][gc,metaspace] Narrow klass base: 0x00007bf907000000, Narrow klass shift: 0, Narrow klass range: 0x100000000
[2024-10-31T12:58:38.189-0400][0,326s][info][gc,start    ] GC(0) Pause Young (Normal) (G1 Evacuation Pause)
[2024-10-31T12:58:38.189-0400][0,326s][info][gc,task     ] GC(0) Using 9 workers of 10 for evacuation
[2024-10-31T12:58:38.193-0400][0,330s][info][gc,phases   ] GC(0)   Pre Evacuate Collection Set: 0,0ms
[2024-10-31T12:58:38.193-0400][0,330s][info][gc,phases   ] GC(0)   Merge Heap Roots: 0,1ms
[2024-10-31T12:58:38.193-0400][0,330s][info][gc,phases   ] GC(0)   Evacuate Collection Set: 3,2ms
[2024-10-31T12:58:38.193-0400][0,330s][info][gc,phases   ] GC(0)   Post Evacuate Collection Set: 0,2ms
[2024-10-31T12:58:38.193-0400][0,330s][info][gc,phases   ] GC(0)   Other: 0,5ms
[2024-10-31T12:58:38.193-0400][0,330s][info][gc,heap     ] GC(0) Eden regions: 23->0(31)
[2024-10-31T12:58:38.193-0400][0,330s][info][gc,heap     ] GC(0) Survivor regions: 0->3(3)
[2024-10-31T12:58:38.193-0400][0,330s][info][gc,heap     ] GC(0) Old regions: 0->3
[2024-10-31T12:58:38.193-0400][0,330s][info][gc,heap     ] GC(0) Archive regions: 2->2
[2024-10-31T12:58:38.193-0400][0,330s][info][gc,heap     ] GC(0) Humongous regions: 0->0
[2024-10-31T12:58:38.193-0400][0,330s][info][gc,metaspace] GC(0) Metaspace: 9507K(9728K)->9507K(9728K) NonClass: 8515K(8640K)->8515K(8640K) Class: 991K(1088K)->991K(1088K)
[2024-10-31T12:58:38.193-0400][0,330s][info][gc          ] GC(0) Pause Young (Normal) (G1 Evacuation Pause) 23M->5M(386M) 4,062ms
[2024-10-31T12:58:38.193-0400][0,330s][info][gc,cpu      ] GC(0) User=0,03s Sys=0,00s Real=0,00s
[2024-10-31T12:58:38.430-0400][0,567s][info][gc,start    ] GC(1) Pause Young (Normal) (G1 Evacuation Pause)
[2024-10-31T12:58:38.430-0400][0,567s][info][gc,task     ] GC(1) Using 9 workers of 10 for evacuation
[2024-10-31T12:58:38.433-0400][0,571s][info][gc,phases   ] GC(1)   Pre Evacuate Collection Set: 0,1ms
[2024-10-31T12:58:38.433-0400][0,571s][info][gc,phases   ] GC(1)   Merge Heap Roots: 0,0ms
[2024-10-31T12:58:38.433-0400][0,571s][info][gc,phases   ] GC(1)   Evacuate Collection Set: 2,7ms
[2024-10-31T12:58:38.433-0400][0,571s][info][gc,phases   ] GC(1)   Post Evacuate Collection Set: 0,4ms
[2024-10-31T12:58:38.433-0400][0,571s][info][gc,phases   ] GC(1)   Other: 0,1ms
[2024-10-31T12:58:38.433-0400][0,571s][info][gc,heap     ] GC(1) Eden regions: 31->0(59)
[2024-10-31T12:58:38.433-0400][0,571s][info][gc,heap     ] GC(1) Survivor regions: 3->4(5)
[2024-10-31T12:58:38.433-0400][0,571s][info][gc,heap     ] GC(1) Old regions: 3->6
[2024-10-31T12:58:38.433-0400][0,571s][info][gc,heap     ] GC(1) Archive regions: 2->2
[2024-10-31T12:58:38.433-0400][0,571s][info][gc,heap     ] GC(1) Humongous regions: 2->0
[2024-10-31T12:58:38.433-0400][0,571s][info][gc,metaspace] GC(1) Metaspace: 12286K(12544K)->12286K(12544K) NonClass: 11031K(11136K)->11031K(11136K) Class: 1254K(1408K)->1254K(1408K)
[2024-10-31T12:58:38.433-0400][0,571s][info][gc          ] GC(1) Pause Young (Normal) (G1 Evacuation Pause) 38M->9M(386M) 3,319ms
[2024-10-31T12:58:38.433-0400][0,571s][info][gc,cpu      ] GC(1) User=0,01s Sys=0,03s Real=0,00s
[2024-10-31T12:58:38.693-0400][0,831s][info][gc,start    ] GC(2) Pause Young (Normal) (G1 Evacuation Pause)
[2024-10-31T12:58:38.693-0400][0,831s][info][gc,task     ] GC(2) Using 9 workers of 10 for evacuation
[2024-10-31T12:58:38.703-0400][0,840s][info][gc,phases   ] GC(2)   Pre Evacuate Collection Set: 0,1ms
[2024-10-31T12:58:38.703-0400][0,840s][info][gc,phases   ] GC(2)   Merge Heap Roots: 0,0ms
[2024-10-31T12:58:38.703-0400][0,840s][info][gc,phases   ] GC(2)   Evacuate Collection Set: 9,3ms
[2024-10-31T12:58:38.703-0400][0,841s][info][gc,phases   ] GC(2)   Post Evacuate Collection Set: 0,3ms
[2024-10-31T12:58:38.703-0400][0,841s][info][gc,phases   ] GC(2)   Other: 0,1ms
[2024-10-31T12:58:38.703-0400][0,841s][info][gc,heap     ] GC(2) Eden regions: 59->0(74)
[2024-10-31T12:58:38.703-0400][0,841s][info][gc,heap     ] GC(2) Survivor regions: 4->8(8)
[2024-10-31T12:58:38.703-0400][0,841s][info][gc,heap     ] GC(2) Old regions: 6->17
[2024-10-31T12:58:38.703-0400][0,841s][info][gc,heap     ] GC(2) Archive regions: 2->2
[2024-10-31T12:58:38.703-0400][0,841s][info][gc,heap     ] GC(2) Humongous regions: 4->3
[2024-10-31T12:58:38.703-0400][0,841s][info][gc,metaspace] GC(2) Metaspace: 13496K(13760K)->13496K(13760K) NonClass: 12106K(12224K)->12106K(12224K) Class: 1390K(1536K)->1390K(1536K)
[2024-10-31T12:58:38.703-0400][0,841s][info][gc          ] GC(2) Pause Young (Normal) (G1 Evacuation Pause) 72M->28M(386M) 9,791ms
[2024-10-31T12:58:38.703-0400][0,841s][info][gc,cpu      ] GC(2) User=0,05s Sys=0,05s Real=0,01s
[2024-10-31T12:58:38.993-0400][1,131s][info][gc,start    ] GC(3) Pause Young (Normal) (G1 Evacuation Pause)
[2024-10-31T12:58:38.993-0400][1,131s][info][gc,task     ] GC(3) Using 9 workers of 10 for evacuation
[2024-10-31T12:58:38.999-0400][1,136s][info][gc,phases   ] GC(3)   Pre Evacuate Collection Set: 0,1ms
[2024-10-31T12:58:38.999-0400][1,136s][info][gc,phases   ] GC(3)   Merge Heap Roots: 0,1ms
[2024-10-31T12:58:38.999-0400][1,136s][info][gc,phases   ] GC(3)   Evacuate Collection Set: 4,6ms
[2024-10-31T12:58:38.999-0400][1,136s][info][gc,phases   ] GC(3)   Post Evacuate Collection Set: 0,3ms
[2024-10-31T12:58:38.999-0400][1,136s][info][gc,phases   ] GC(3)   Other: 0,1ms
[2024-10-31T12:58:38.999-0400][1,136s][info][gc,heap     ] GC(3) Eden regions: 74->0(226)
[2024-10-31T12:58:38.999-0400][1,136s][info][gc,heap     ] GC(3) Survivor regions: 8->4(11)
[2024-10-31T12:58:38.999-0400][1,136s][info][gc,heap     ] GC(3) Old regions: 17->26
[2024-10-31T12:58:38.999-0400][1,136s][info][gc,heap     ] GC(3) Archive regions: 2->2
[2024-10-31T12:58:38.999-0400][1,136s][info][gc,heap     ] GC(3) Humongous regions: 4->3
[2024-10-31T12:58:38.999-0400][1,136s][info][gc,metaspace] GC(3) Metaspace: 14356K(14592K)->14356K(14592K) NonClass: 12896K(12992K)->12896K(12992K) Class: 1459K(1600K)->1459K(1600K)
[2024-10-31T12:58:38.999-0400][1,136s][info][gc          ] GC(3) Pause Young (Normal) (G1 Evacuation Pause) 103M->32M(386M) 5,244ms
[2024-10-31T12:58:38.999-0400][1,136s][info][gc,cpu      ] GC(3) User=0,02s Sys=0,03s Real=0,01s
[2024-10-31T12:58:39.364-0400][1,501s][info][gc,start    ] GC(4) Pause Young (Normal) (G1 Evacuation Pause)
[2024-10-31T12:58:39.364-0400][1,501s][info][gc,task     ] GC(4) Using 9 workers of 10 for evacuation
[2024-10-31T12:58:39.369-0400][1,506s][info][gc,phases   ] GC(4)   Pre Evacuate Collection Set: 0,1ms
[2024-10-31T12:58:39.369-0400][1,506s][info][gc,phases   ] GC(4)   Merge Heap Roots: 0,1ms
[2024-10-31T12:58:39.369-0400][1,506s][info][gc,phases   ] GC(4)   Evacuate Collection Set: 4,3ms
[2024-10-31T12:58:39.369-0400][1,506s][info][gc,phases   ] GC(4)   Post Evacuate Collection Set: 0,4ms
[2024-10-31T12:58:39.369-0400][1,506s][info][gc,phases   ] GC(4)   Other: 0,1ms
[2024-10-31T12:58:39.369-0400][1,506s][info][gc,heap     ] GC(4) Eden regions: 226->0(224)
[2024-10-31T12:58:39.369-0400][1,506s][info][gc,heap     ] GC(4) Survivor regions: 4->6(29)
[2024-10-31T12:58:39.369-0400][1,506s][info][gc,heap     ] GC(4) Old regions: 26->26
[2024-10-31T12:58:39.369-0400][1,506s][info][gc,heap     ] GC(4) Archive regions: 2->2
[2024-10-31T12:58:39.369-0400][1,506s][info][gc,heap     ] GC(4) Humongous regions: 3->3
[2024-10-31T12:58:39.369-0400][1,506s][info][gc,metaspace] GC(4) Metaspace: 14410K(14656K)->14410K(14656K) NonClass: 12949K(13056K)->12949K(13056K) Class: 1460K(1600K)->1460K(1600K)
[2024-10-31T12:58:39.369-0400][1,506s][info][gc          ] GC(4) Pause Young (Normal) (G1 Evacuation Pause) 258M->34M(386M) 4,918ms
[2024-10-31T12:58:39.369-0400][1,506s][info][gc,cpu      ] GC(4) User=0,03s Sys=0,02s Real=0,01s
[2024-10-31T12:58:39.755-0400][1,892s][info][gc,start    ] GC(5) Pause Young (Normal) (G1 Evacuation Pause)
[2024-10-31T12:58:39.755-0400][1,892s][info][gc,task     ] GC(5) Using 9 workers of 10 for evacuation
[2024-10-31T12:58:39.758-0400][1,895s][info][gc,phases   ] GC(5)   Pre Evacuate Collection Set: 0,1ms
[2024-10-31T12:58:39.758-0400][1,895s][info][gc,phases   ] GC(5)   Merge Heap Roots: 0,1ms
[2024-10-31T12:58:39.758-0400][1,895s][info][gc,phases   ] GC(5)   Evacuate Collection Set: 2,3ms
[2024-10-31T12:58:39.758-0400][1,895s][info][gc,phases   ] GC(5)   Post Evacuate Collection Set: 0,3ms
[2024-10-31T12:58:39.758-0400][1,895s][info][gc,phases   ] GC(5)   Other: 0,1ms
[2024-10-31T12:58:39.758-0400][1,895s][info][gc,heap     ] GC(5) Eden regions: 224->0(222)
[2024-10-31T12:58:39.758-0400][1,895s][info][gc,heap     ] GC(5) Survivor regions: 6->8(29)
[2024-10-31T12:58:39.758-0400][1,895s][info][gc,heap     ] GC(5) Old regions: 26->26
[2024-10-31T12:58:39.758-0400][1,895s][info][gc,heap     ] GC(5) Archive regions: 2->2
[2024-10-31T12:58:39.758-0400][1,895s][info][gc,heap     ] GC(5) Humongous regions: 3->3
[2024-10-31T12:58:39.758-0400][1,895s][info][gc,metaspace] GC(5) Metaspace: 14433K(14656K)->14433K(14656K) NonClass: 12972K(13056K)->12972K(13056K) Class: 1461K(1600K)->1461K(1600K)
[2024-10-31T12:58:39.758-0400][1,895s][info][gc          ] GC(5) Pause Young (Normal) (G1 Evacuation Pause) 258M->36M(386M) 2,829ms
[2024-10-31T12:58:39.758-0400][1,895s][info][gc,cpu      ] GC(5) User=0,02s Sys=0,01s Real=0,01s
[2024-10-31T12:58:40.285-0400][2,422s][info][gc,start    ] GC(6) Pause Young (Normal) (G1 Evacuation Pause)
[2024-10-31T12:58:40.285-0400][2,422s][info][gc,task     ] GC(6) Using 9 workers of 10 for evacuation
[2024-10-31T12:58:40.287-0400][2,424s][info][gc,phases   ] GC(6)   Pre Evacuate Collection Set: 0,1ms
[2024-10-31T12:58:40.287-0400][2,424s][info][gc,phases   ] GC(6)   Merge Heap Roots: 0,1ms
[2024-10-31T12:58:40.287-0400][2,424s][info][gc,phases   ] GC(6)   Evacuate Collection Set: 1,2ms
[2024-10-31T12:58:40.287-0400][2,424s][info][gc,phases   ] GC(6)   Post Evacuate Collection Set: 0,3ms
[2024-10-31T12:58:40.287-0400][2,424s][info][gc,phases   ] GC(6)   Other: 0,1ms
[2024-10-31T12:58:40.287-0400][2,424s][info][gc,heap     ] GC(6) Eden regions: 222->0(224)
[2024-10-31T12:58:40.287-0400][2,424s][info][gc,heap     ] GC(6) Survivor regions: 8->6(29)
[2024-10-31T12:58:40.287-0400][2,424s][info][gc,heap     ] GC(6) Old regions: 26->26
[2024-10-31T12:58:40.287-0400][2,424s][info][gc,heap     ] GC(6) Archive regions: 2->2
[2024-10-31T12:58:40.287-0400][2,424s][info][gc,heap     ] GC(6) Humongous regions: 5->3
[2024-10-31T12:58:40.287-0400][2,424s][info][gc,metaspace] GC(6) Metaspace: 15425K(15680K)->15425K(15680K) NonClass: 13897K(14016K)->13897K(14016K) Class: 1528K(1664K)->1528K(1664K)
[2024-10-31T12:58:40.287-0400][2,424s][info][gc          ] GC(6) Pause Young (Normal) (G1 Evacuation Pause) 260M->34M(386M) 1,703ms
[2024-10-31T12:58:40.287-0400][2,424s][info][gc,cpu      ] GC(6) User=0,01s Sys=0,00s Real=0,00s
[2024-10-31T12:58:40.675-0400][2,813s][info][gc,start    ] GC(7) Pause Young (Concurrent Start) (Metadata GC Threshold)
[2024-10-31T12:58:40.675-0400][2,813s][info][gc,task     ] GC(7) Using 9 workers of 10 for evacuation
[2024-10-31T12:58:40.678-0400][2,815s][info][gc,phases   ] GC(7)   Pre Evacuate Collection Set: 0,1ms
[2024-10-31T12:58:40.678-0400][2,815s][info][gc,phases   ] GC(7)   Merge Heap Roots: 0,0ms
[2024-10-31T12:58:40.678-0400][2,815s][info][gc,phases   ] GC(7)   Evacuate Collection Set: 2,0ms
[2024-10-31T12:58:40.678-0400][2,815s][info][gc,phases   ] GC(7)   Post Evacuate Collection Set: 0,2ms
[2024-10-31T12:58:40.678-0400][2,815s][info][gc,phases   ] GC(7)   Other: 0,1ms
[2024-10-31T12:58:40.678-0400][2,815s][info][gc,heap     ] GC(7) Eden regions: 131->0(222)
[2024-10-31T12:58:40.678-0400][2,815s][info][gc,heap     ] GC(7) Survivor regions: 6->8(29)
[2024-10-31T12:58:40.678-0400][2,815s][info][gc,heap     ] GC(7) Old regions: 26->26
[2024-10-31T12:58:40.678-0400][2,815s][info][gc,heap     ] GC(7) Archive regions: 2->2
[2024-10-31T12:58:40.678-0400][2,815s][info][gc,heap     ] GC(7) Humongous regions: 3->3
[2024-10-31T12:58:40.678-0400][2,815s][info][gc,metaspace] GC(7) Metaspace: 21279K(21504K)->21279K(21504K) NonClass: 19003K(19136K)->19003K(19136K) Class: 2276K(2368K)->2276K(2368K)
[2024-10-31T12:58:40.678-0400][2,815s][info][gc          ] GC(7) Pause Young (Concurrent Start) (Metadata GC Threshold) 165M->36M(386M) 2,553ms
[2024-10-31T12:58:40.678-0400][2,815s][info][gc,cpu      ] GC(7) User=0,03s Sys=0,00s Real=0,01s
[2024-10-31T12:58:40.678-0400][2,815s][info][gc          ] GC(8) Concurrent Mark Cycle
[2024-10-31T12:58:40.678-0400][2,815s][info][gc,marking  ] GC(8) Concurrent Clear Claimed Marks
[2024-10-31T12:58:40.678-0400][2,815s][info][gc,marking  ] GC(8) Concurrent Clear Claimed Marks 0,018ms
[2024-10-31T12:58:40.678-0400][2,815s][info][gc,marking  ] GC(8) Concurrent Scan Root Regions
[2024-10-31T12:58:40.680-0400][2,817s][info][gc,marking  ] GC(8) Concurrent Scan Root Regions 1,522ms
[2024-10-31T12:58:40.680-0400][2,817s][info][gc,marking  ] GC(8) Concurrent Mark
[2024-10-31T12:58:40.680-0400][2,817s][info][gc,marking  ] GC(8) Concurrent Mark From Roots
[2024-10-31T12:58:40.680-0400][2,817s][info][gc,task     ] GC(8) Using 3 workers of 3 for marking
[2024-10-31T12:58:40.686-0400][2,823s][info][gc,marking  ] GC(8) Concurrent Mark From Roots 6,063ms
[2024-10-31T12:58:40.686-0400][2,823s][info][gc,marking  ] GC(8) Concurrent Preclean
[2024-10-31T12:58:40.686-0400][2,823s][info][gc,marking  ] GC(8) Concurrent Preclean 0,173ms
[2024-10-31T12:58:40.686-0400][2,823s][info][gc,start    ] GC(8) Pause Remark
[2024-10-31T12:58:40.688-0400][2,825s][info][gc          ] GC(8) Pause Remark 38M->38M(384M) 1,826ms
[2024-10-31T12:58:40.688-0400][2,825s][info][gc,cpu      ] GC(8) User=0,02s Sys=0,00s Real=0,01s
[2024-10-31T12:58:40.688-0400][2,825s][info][gc,marking  ] GC(8) Concurrent Mark 8,204ms
[2024-10-31T12:58:40.688-0400][2,825s][info][gc,marking  ] GC(8) Concurrent Rebuild Remembered Sets
[2024-10-31T12:58:40.691-0400][2,828s][info][gc,marking  ] GC(8) Concurrent Rebuild Remembered Sets 2,820ms
[2024-10-31T12:58:40.691-0400][2,828s][info][gc,start    ] GC(8) Pause Cleanup
[2024-10-31T12:58:40.691-0400][2,828s][info][gc          ] GC(8) Pause Cleanup 38M->38M(384M) 0,079ms
[2024-10-31T12:58:40.691-0400][2,828s][info][gc,cpu      ] GC(8) User=0,00s Sys=0,00s Real=0,00s
[2024-10-31T12:58:40.691-0400][2,828s][info][gc,marking  ] GC(8) Concurrent Cleanup for Next Mark
[2024-10-31T12:58:40.693-0400][2,830s][info][gc,marking  ] GC(8) Concurrent Cleanup for Next Mark 1,655ms
[2024-10-31T12:58:40.693-0400][2,830s][info][gc          ] GC(8) Concurrent Mark Cycle 14,542ms
[2024-10-31T12:58:41.353-0400][3,491s][info][gc,start    ] GC(9) Pause Young (Normal) (G1 Evacuation Pause)
[2024-10-31T12:58:41.353-0400][3,491s][info][gc,task     ] GC(9) Using 10 workers of 10 for evacuation
[2024-10-31T12:58:41.364-0400][3,502s][info][gc,phases   ] GC(9)   Pre Evacuate Collection Set: 0,1ms
[2024-10-31T12:58:41.364-0400][3,502s][info][gc,phases   ] GC(9)   Merge Heap Roots: 0,0ms
[2024-10-31T12:58:41.364-0400][3,502s][info][gc,phases   ] GC(9)   Evacuate Collection Set: 9,9ms
[2024-10-31T12:58:41.364-0400][3,502s][info][gc,phases   ] GC(9)   Post Evacuate Collection Set: 0,6ms
[2024-10-31T12:58:41.364-0400][3,502s][info][gc,phases   ] GC(9)   Other: 0,1ms
[2024-10-31T12:58:41.364-0400][3,502s][info][gc,heap     ] GC(9) Eden regions: 222->0(206)
[2024-10-31T12:58:41.364-0400][3,502s][info][gc,heap     ] GC(9) Survivor regions: 8->24(29)
[2024-10-31T12:58:41.364-0400][3,502s][info][gc,heap     ] GC(9) Old regions: 26->26
[2024-10-31T12:58:41.364-0400][3,502s][info][gc,heap     ] GC(9) Archive regions: 2->2
[2024-10-31T12:58:41.364-0400][3,502s][info][gc,heap     ] GC(9) Humongous regions: 6->3
[2024-10-31T12:58:41.364-0400][3,502s][info][gc,metaspace] GC(9) Metaspace: 32523K(32960K)->32523K(32960K) NonClass: 28756K(28992K)->28756K(28992K) Class: 3767K(3968K)->3767K(3968K)
[2024-10-31T12:58:41.364-0400][3,502s][info][gc          ] GC(9) Pause Young (Normal) (G1 Evacuation Pause) 261M->53M(384M) 10,839ms
[2024-10-31T12:58:41.364-0400][3,502s][info][gc,cpu      ] GC(9) User=0,09s Sys=0,03s Real=0,01s
[2024-10-31T12:58:46.875-0400][9,013s][info][gc,start    ] GC(10) Pause Young (Concurrent Start) (Metadata GC Threshold)
[2024-10-31T12:58:46.875-0400][9,013s][info][gc,task     ] GC(10) Using 9 workers of 10 for evacuation
[2024-10-31T12:58:46.889-0400][9,026s][info][gc,phases   ] GC(10)   Pre Evacuate Collection Set: 0,1ms
[2024-10-31T12:58:46.889-0400][9,026s][info][gc,phases   ] GC(10)   Merge Heap Roots: 0,0ms
[2024-10-31T12:58:46.889-0400][9,026s][info][gc,phases   ] GC(10)   Evacuate Collection Set: 12,6ms
[2024-10-31T12:58:46.889-0400][9,026s][info][gc,phases   ] GC(10)   Post Evacuate Collection Set: 0,3ms
[2024-10-31T12:58:46.889-0400][9,026s][info][gc,phases   ] GC(10)   Other: 0,1ms
[2024-10-31T12:58:46.889-0400][9,026s][info][gc,heap     ] GC(10) Eden regions: 70->0(227)
[2024-10-31T12:58:46.889-0400][9,026s][info][gc,heap     ] GC(10) Survivor regions: 24->3(29)
[2024-10-31T12:58:46.889-0400][9,026s][info][gc,heap     ] GC(10) Old regions: 26->50
[2024-10-31T12:58:46.889-0400][9,026s][info][gc,heap     ] GC(10) Archive regions: 2->2
[2024-10-31T12:58:46.889-0400][9,026s][info][gc,heap     ] GC(10) Humongous regions: 3->3
[2024-10-31T12:58:46.889-0400][9,026s][info][gc,metaspace] GC(10) Metaspace: 35710K(36096K)->35710K(36096K) NonClass: 31512K(31744K)->31512K(31744K) Class: 4198K(4352K)->4198K(4352K)
[2024-10-31T12:58:46.889-0400][9,026s][info][gc          ] GC(10) Pause Young (Concurrent Start) (Metadata GC Threshold) 122M->54M(384M) 13,313ms
[2024-10-31T12:58:46.889-0400][9,026s][info][gc,cpu      ] GC(10) User=0,02s Sys=0,11s Real=0,02s
[2024-10-31T12:58:46.889-0400][9,026s][info][gc          ] GC(11) Concurrent Mark Cycle
[2024-10-31T12:58:46.889-0400][9,026s][info][gc,marking  ] GC(11) Concurrent Clear Claimed Marks
[2024-10-31T12:58:46.889-0400][9,026s][info][gc,marking  ] GC(11) Concurrent Clear Claimed Marks 0,031ms
[2024-10-31T12:58:46.889-0400][9,026s][info][gc,marking  ] GC(11) Concurrent Scan Root Regions
[2024-10-31T12:58:46.891-0400][9,029s][info][gc,marking  ] GC(11) Concurrent Scan Root Regions 2,611ms
[2024-10-31T12:58:46.891-0400][9,029s][info][gc,marking  ] GC(11) Concurrent Mark
[2024-10-31T12:58:46.891-0400][9,029s][info][gc,marking  ] GC(11) Concurrent Mark From Roots
[2024-10-31T12:58:46.891-0400][9,029s][info][gc,task     ] GC(11) Using 3 workers of 3 for marking
[2024-10-31T12:58:46.897-0400][9,034s][info][gc,marking  ] GC(11) Concurrent Mark From Roots 5,376ms
[2024-10-31T12:58:46.897-0400][9,034s][info][gc,marking  ] GC(11) Concurrent Preclean
[2024-10-31T12:58:46.897-0400][9,034s][info][gc,marking  ] GC(11) Concurrent Preclean 0,071ms
[2024-10-31T12:58:46.897-0400][9,034s][info][gc,start    ] GC(11) Pause Remark
[2024-10-31T12:58:46.898-0400][9,036s][info][gc          ] GC(11) Pause Remark 57M->57M(384M) 1,280ms
[2024-10-31T12:58:46.898-0400][9,036s][info][gc,cpu      ] GC(11) User=0,02s Sys=0,00s Real=0,01s
[2024-10-31T12:58:46.898-0400][9,036s][info][gc,marking  ] GC(11) Concurrent Mark 6,831ms
[2024-10-31T12:58:46.898-0400][9,036s][info][gc,marking  ] GC(11) Concurrent Rebuild Remembered Sets
[2024-10-31T12:58:46.904-0400][9,042s][info][gc,marking  ] GC(11) Concurrent Rebuild Remembered Sets 5,913ms
[2024-10-31T12:58:46.904-0400][9,042s][info][gc,start    ] GC(11) Pause Cleanup
[2024-10-31T12:58:46.904-0400][9,042s][info][gc          ] GC(11) Pause Cleanup 59M->59M(384M) 0,100ms
[2024-10-31T12:58:46.904-0400][9,042s][info][gc,cpu      ] GC(11) User=0,00s Sys=0,00s Real=0,00s
[2024-10-31T12:58:46.904-0400][9,042s][info][gc,marking  ] GC(11) Concurrent Cleanup for Next Mark
[2024-10-31T12:58:46.906-0400][9,043s][info][gc,marking  ] GC(11) Concurrent Cleanup for Next Mark 1,407ms
[2024-10-31T12:58:46.906-0400][9,043s][info][gc          ] GC(11) Concurrent Mark Cycle 17,085ms
[2024-10-31T13:01:18.028-0400][160,165s][info][gc,heap,exit] Heap
[2024-10-31T13:01:18.028-0400][160,165s][info][gc,heap,exit]  garbage-first heap   total 393216K, used 155621K [0x0000000080000000, 0x0000000100000000)
[2024-10-31T13:01:18.028-0400][160,165s][info][gc,heap,exit]   region size 1024K, 91 young (93184K), 3 survivors (3072K)
[2024-10-31T13:01:18.028-0400][160,165s][info][gc,heap,exit]  Metaspace       used 37229K, committed 37696K, reserved 1114112K
[2024-10-31T13:01:18.028-0400][160,165s][info][gc,heap,exit]   class space    used 4381K, committed 4608K, reserved 1048576K
