[2024-10-31T12:58:12.407-0400][0.002s][info][gc] Using G1
[2024-10-31T12:58:12.410-0400][0.005s][info][gc,init] Version: 17.0.12+7 (release)
[2024-10-31T12:58:12.410-0400][0.005s][info][gc,init] CPUs: 12 total, 12 available
[2024-10-31T12:58:12.410-0400][0.005s][info][gc,init] Memory: 31966M
[2024-10-31T12:58:12.410-0400][0.005s][info][gc,init] Large Page Support: Disabled
[2024-10-31T12:58:12.410-0400][0.005s][info][gc,init] NUMA Support: Disabled
[2024-10-31T12:58:12.410-0400][0.005s][info][gc,init] Compressed Oops: Enabled (32-bit)
[2024-10-31T12:58:12.410-0400][0.005s][info][gc,init] Heap Region Size: 1M
[2024-10-31T12:58:12.410-0400][0.005s][info][gc,init] Heap Min Capacity: 384M
[2024-10-31T12:58:12.410-0400][0.005s][info][gc,init] Heap Initial Capacity: 384M
[2024-10-31T12:58:12.410-0400][0.005s][info][gc,init] Heap Max Capacity: 2G
[2024-10-31T12:58:12.410-0400][0.005s][info][gc,init] Pre-touch: Disabled
[2024-10-31T12:58:12.410-0400][0.005s][info][gc,init] Parallel Workers: 10
[2024-10-31T12:58:12.410-0400][0.005s][info][gc,init] Concurrent Workers: 3
[2024-10-31T12:58:12.410-0400][0.005s][info][gc,init] Concurrent Refinement Workers: 10
[2024-10-31T12:58:12.410-0400][0.005s][info][gc,init] Periodic GC: Disabled
[2024-10-31T12:58:12.415-0400][0.009s][info][gc,metaspace] CDS archive(s) mapped at: [0x0000783903000000-0x0000783903bc7000-0x0000783903bc7000), size 12349440, SharedBaseAddress: 0x0000783903000000, ArchiveRelocationMode: 1.
[2024-10-31T12:58:12.415-0400][0.009s][info][gc,metaspace] Compressed class space mapped at: 0x0000783904000000-0x0000783944000000, reserved size: 1073741824
[2024-10-31T12:58:12.415-0400][0.009s][info][gc,metaspace] Narrow klass base: 0x0000783903000000, Narrow klass shift: 0, Narrow klass range: 0x100000000
[2024-10-31T12:58:12.733-0400][0,328s][info][gc,start    ] GC(0) Pause Young (Normal) (G1 Evacuation Pause)
[2024-10-31T12:58:12.734-0400][0,329s][info][gc,task     ] GC(0) Using 9 workers of 10 for evacuation
[2024-10-31T12:58:12.738-0400][0,333s][info][gc,phases   ] GC(0)   Pre Evacuate Collection Set: 0,0ms
[2024-10-31T12:58:12.738-0400][0,333s][info][gc,phases   ] GC(0)   Merge Heap Roots: 0,1ms
[2024-10-31T12:58:12.738-0400][0,333s][info][gc,phases   ] GC(0)   Evacuate Collection Set: 3,7ms
[2024-10-31T12:58:12.738-0400][0,333s][info][gc,phases   ] GC(0)   Post Evacuate Collection Set: 0,2ms
[2024-10-31T12:58:12.738-0400][0,333s][info][gc,phases   ] GC(0)   Other: 0,4ms
[2024-10-31T12:58:12.738-0400][0,333s][info][gc,heap     ] GC(0) Eden regions: 23->0(31)
[2024-10-31T12:58:12.738-0400][0,333s][info][gc,heap     ] GC(0) Survivor regions: 0->3(3)
[2024-10-31T12:58:12.738-0400][0,333s][info][gc,heap     ] GC(0) Old regions: 0->3
[2024-10-31T12:58:12.738-0400][0,333s][info][gc,heap     ] GC(0) Archive regions: 2->2
[2024-10-31T12:58:12.738-0400][0,333s][info][gc,heap     ] GC(0) Humongous regions: 0->0
[2024-10-31T12:58:12.738-0400][0,333s][info][gc,metaspace] GC(0) Metaspace: 9423K(9664K)->9423K(9664K) NonClass: 8446K(8576K)->8446K(8576K) Class: 977K(1088K)->977K(1088K)
[2024-10-31T12:58:12.738-0400][0,333s][info][gc          ] GC(0) Pause Young (Normal) (G1 Evacuation Pause) 23M->6M(386M) 4,592ms
[2024-10-31T12:58:12.738-0400][0,333s][info][gc,cpu      ] GC(0) User=0,01s Sys=0,03s Real=0,01s
[2024-10-31T12:58:12.963-0400][0,558s][info][gc,start    ] GC(1) Pause Young (Normal) (G1 Evacuation Pause)
[2024-10-31T12:58:12.963-0400][0,558s][info][gc,task     ] GC(1) Using 9 workers of 10 for evacuation
[2024-10-31T12:58:12.967-0400][0,562s][info][gc,phases   ] GC(1)   Pre Evacuate Collection Set: 0,1ms
[2024-10-31T12:58:12.967-0400][0,562s][info][gc,phases   ] GC(1)   Merge Heap Roots: 0,0ms
[2024-10-31T12:58:12.967-0400][0,562s][info][gc,phases   ] GC(1)   Evacuate Collection Set: 3,2ms
[2024-10-31T12:58:12.967-0400][0,562s][info][gc,phases   ] GC(1)   Post Evacuate Collection Set: 0,3ms
[2024-10-31T12:58:12.967-0400][0,562s][info][gc,phases   ] GC(1)   Other: 0,1ms
[2024-10-31T12:58:12.967-0400][0,562s][info][gc,heap     ] GC(1) Eden regions: 31->0(57)
[2024-10-31T12:58:12.967-0400][0,562s][info][gc,heap     ] GC(1) Survivor regions: 3->4(5)
[2024-10-31T12:58:12.967-0400][0,562s][info][gc,heap     ] GC(1) Old regions: 3->6
[2024-10-31T12:58:12.967-0400][0,562s][info][gc,heap     ] GC(1) Archive regions: 2->2
[2024-10-31T12:58:12.967-0400][0,562s][info][gc,heap     ] GC(1) Humongous regions: 2->0
[2024-10-31T12:58:12.967-0400][0,562s][info][gc,metaspace] GC(1) Metaspace: 12331K(12544K)->12331K(12544K) NonClass: 11077K(11200K)->11077K(11200K) Class: 1254K(1344K)->1254K(1344K)
[2024-10-31T12:58:12.967-0400][0,562s][info][gc          ] GC(1) Pause Young (Normal) (G1 Evacuation Pause) 39M->9M(386M) 3,701ms
[2024-10-31T12:58:12.967-0400][0,562s][info][gc,cpu      ] GC(1) User=0,01s Sys=0,03s Real=0,00s
[2024-10-31T12:58:13.159-0400][0,754s][info][gc,start    ] GC(2) Pause Young (Normal) (G1 Evacuation Pause)
[2024-10-31T12:58:13.159-0400][0,754s][info][gc,task     ] GC(2) Using 9 workers of 10 for evacuation
[2024-10-31T12:58:13.168-0400][0,762s][info][gc,phases   ] GC(2)   Pre Evacuate Collection Set: 0,1ms
[2024-10-31T12:58:13.168-0400][0,762s][info][gc,phases   ] GC(2)   Merge Heap Roots: 0,0ms
[2024-10-31T12:58:13.168-0400][0,762s][info][gc,phases   ] GC(2)   Evacuate Collection Set: 7,6ms
[2024-10-31T12:58:13.168-0400][0,762s][info][gc,phases   ] GC(2)   Post Evacuate Collection Set: 0,3ms
[2024-10-31T12:58:13.168-0400][0,762s][info][gc,phases   ] GC(2)   Other: 0,1ms
[2024-10-31T12:58:13.168-0400][0,762s][info][gc,heap     ] GC(2) Eden regions: 57->0(75)
[2024-10-31T12:58:13.168-0400][0,762s][info][gc,heap     ] GC(2) Survivor regions: 4->8(8)
[2024-10-31T12:58:13.168-0400][0,762s][info][gc,heap     ] GC(2) Old regions: 6->17
[2024-10-31T12:58:13.168-0400][0,762s][info][gc,heap     ] GC(2) Archive regions: 2->2
[2024-10-31T12:58:13.168-0400][0,762s][info][gc,heap     ] GC(2) Humongous regions: 4->3
[2024-10-31T12:58:13.168-0400][0,762s][info][gc,metaspace] GC(2) Metaspace: 13503K(13696K)->13503K(13696K) NonClass: 12118K(12224K)->12118K(12224K) Class: 1384K(1472K)->1384K(1472K)
[2024-10-31T12:58:13.168-0400][0,762s][info][gc          ] GC(2) Pause Young (Normal) (G1 Evacuation Pause) 70M->28M(386M) 8,198ms
[2024-10-31T12:58:13.168-0400][0,762s][info][gc,cpu      ] GC(2) User=0,04s Sys=0,04s Real=0,01s
[2024-10-31T12:58:13.481-0400][1,075s][info][gc,start    ] GC(3) Pause Young (Normal) (G1 Evacuation Pause)
[2024-10-31T12:58:13.481-0400][1,075s][info][gc,task     ] GC(3) Using 9 workers of 10 for evacuation
[2024-10-31T12:58:13.486-0400][1,080s][info][gc,phases   ] GC(3)   Pre Evacuate Collection Set: 0,1ms
[2024-10-31T12:58:13.486-0400][1,080s][info][gc,phases   ] GC(3)   Merge Heap Roots: 0,0ms
[2024-10-31T12:58:13.486-0400][1,080s][info][gc,phases   ] GC(3)   Evacuate Collection Set: 4,6ms
[2024-10-31T12:58:13.486-0400][1,080s][info][gc,phases   ] GC(3)   Post Evacuate Collection Set: 0,3ms
[2024-10-31T12:58:13.486-0400][1,080s][info][gc,phases   ] GC(3)   Other: 0,1ms
[2024-10-31T12:58:13.486-0400][1,080s][info][gc,heap     ] GC(3) Eden regions: 75->0(226)
[2024-10-31T12:58:13.486-0400][1,080s][info][gc,heap     ] GC(3) Survivor regions: 8->4(11)
[2024-10-31T12:58:13.486-0400][1,080s][info][gc,heap     ] GC(3) Old regions: 17->25
[2024-10-31T12:58:13.486-0400][1,080s][info][gc,heap     ] GC(3) Archive regions: 2->2
[2024-10-31T12:58:13.486-0400][1,080s][info][gc,heap     ] GC(3) Humongous regions: 4->3
[2024-10-31T12:58:13.486-0400][1,080s][info][gc,metaspace] GC(3) Metaspace: 14382K(14656K)->14382K(14656K) NonClass: 12923K(13056K)->12923K(13056K) Class: 1458K(1600K)->1458K(1600K)
[2024-10-31T12:58:13.486-0400][1,080s][info][gc          ] GC(3) Pause Young (Normal) (G1 Evacuation Pause) 104M->32M(386M) 5,147ms
[2024-10-31T12:58:13.486-0400][1,080s][info][gc,cpu      ] GC(3) User=0,05s Sys=0,00s Real=0,00s
[2024-10-31T12:58:13.871-0400][1,465s][info][gc,start    ] GC(4) Pause Young (Normal) (G1 Evacuation Pause)
[2024-10-31T12:58:13.871-0400][1,465s][info][gc,task     ] GC(4) Using 9 workers of 10 for evacuation
[2024-10-31T12:58:13.875-0400][1,470s][info][gc,phases   ] GC(4)   Pre Evacuate Collection Set: 0,1ms
[2024-10-31T12:58:13.875-0400][1,470s][info][gc,phases   ] GC(4)   Merge Heap Roots: 0,1ms
[2024-10-31T12:58:13.875-0400][1,470s][info][gc,phases   ] GC(4)   Evacuate Collection Set: 3,8ms
[2024-10-31T12:58:13.875-0400][1,470s][info][gc,phases   ] GC(4)   Post Evacuate Collection Set: 0,3ms
[2024-10-31T12:58:13.875-0400][1,470s][info][gc,phases   ] GC(4)   Other: 0,1ms
[2024-10-31T12:58:13.875-0400][1,470s][info][gc,heap     ] GC(4) Eden regions: 226->0(224)
[2024-10-31T12:58:13.875-0400][1,470s][info][gc,heap     ] GC(4) Survivor regions: 4->6(29)
[2024-10-31T12:58:13.875-0400][1,470s][info][gc,heap     ] GC(4) Old regions: 25->25
[2024-10-31T12:58:13.875-0400][1,470s][info][gc,heap     ] GC(4) Archive regions: 2->2
[2024-10-31T12:58:13.875-0400][1,470s][info][gc,heap     ] GC(4) Humongous regions: 3->3
[2024-10-31T12:58:13.875-0400][1,470s][info][gc,metaspace] GC(4) Metaspace: 14435K(14720K)->14435K(14720K) NonClass: 12976K(13120K)->12976K(13120K) Class: 1459K(1600K)->1459K(1600K)
[2024-10-31T12:58:13.875-0400][1,470s][info][gc          ] GC(4) Pause Young (Normal) (G1 Evacuation Pause) 258M->33M(386M) 4,399ms
[2024-10-31T12:58:13.875-0400][1,470s][info][gc,cpu      ] GC(4) User=0,01s Sys=0,03s Real=0,00s
[2024-10-31T12:58:14.285-0400][1,880s][info][gc,start    ] GC(5) Pause Young (Normal) (G1 Evacuation Pause)
[2024-10-31T12:58:14.285-0400][1,880s][info][gc,task     ] GC(5) Using 9 workers of 10 for evacuation
[2024-10-31T12:58:14.288-0400][1,883s][info][gc,phases   ] GC(5)   Pre Evacuate Collection Set: 0,1ms
[2024-10-31T12:58:14.288-0400][1,883s][info][gc,phases   ] GC(5)   Merge Heap Roots: 0,1ms
[2024-10-31T12:58:14.288-0400][1,883s][info][gc,phases   ] GC(5)   Evacuate Collection Set: 2,4ms
[2024-10-31T12:58:14.288-0400][1,883s][info][gc,phases   ] GC(5)   Post Evacuate Collection Set: 0,3ms
[2024-10-31T12:58:14.288-0400][1,883s][info][gc,phases   ] GC(5)   Other: 0,1ms
[2024-10-31T12:58:14.288-0400][1,883s][info][gc,heap     ] GC(5) Eden regions: 224->0(223)
[2024-10-31T12:58:14.288-0400][1,883s][info][gc,heap     ] GC(5) Survivor regions: 6->7(29)
[2024-10-31T12:58:14.288-0400][1,883s][info][gc,heap     ] GC(5) Old regions: 25->25
[2024-10-31T12:58:14.288-0400][1,883s][info][gc,heap     ] GC(5) Archive regions: 2->2
[2024-10-31T12:58:14.288-0400][1,883s][info][gc,heap     ] GC(5) Humongous regions: 3->3
[2024-10-31T12:58:14.288-0400][1,883s][info][gc,metaspace] GC(5) Metaspace: 14456K(14720K)->14456K(14720K) NonClass: 12997K(13120K)->12997K(13120K) Class: 1459K(1600K)->1459K(1600K)
[2024-10-31T12:58:14.288-0400][1,883s][info][gc          ] GC(5) Pause Young (Normal) (G1 Evacuation Pause) 257M->35M(386M) 2,953ms
[2024-10-31T12:58:14.288-0400][1,883s][info][gc,cpu      ] GC(5) User=0,00s Sys=0,02s Real=0,01s
[2024-10-31T12:58:14.823-0400][2,418s][info][gc,start    ] GC(6) Pause Young (Normal) (G1 Evacuation Pause)
[2024-10-31T12:58:14.823-0400][2,418s][info][gc,task     ] GC(6) Using 9 workers of 10 for evacuation
[2024-10-31T12:58:14.825-0400][2,420s][info][gc,phases   ] GC(6)   Pre Evacuate Collection Set: 0,1ms
[2024-10-31T12:58:14.825-0400][2,420s][info][gc,phases   ] GC(6)   Merge Heap Roots: 0,0ms
[2024-10-31T12:58:14.825-0400][2,420s][info][gc,phases   ] GC(6)   Evacuate Collection Set: 1,4ms
[2024-10-31T12:58:14.825-0400][2,420s][info][gc,phases   ] GC(6)   Post Evacuate Collection Set: 0,3ms
[2024-10-31T12:58:14.825-0400][2,420s][info][gc,phases   ] GC(6)   Other: 0,1ms
[2024-10-31T12:58:14.825-0400][2,420s][info][gc,heap     ] GC(6) Eden regions: 223->0(224)
[2024-10-31T12:58:14.825-0400][2,420s][info][gc,heap     ] GC(6) Survivor regions: 7->6(29)
[2024-10-31T12:58:14.825-0400][2,420s][info][gc,heap     ] GC(6) Old regions: 25->25
[2024-10-31T12:58:14.825-0400][2,420s][info][gc,heap     ] GC(6) Archive regions: 2->2
[2024-10-31T12:58:14.825-0400][2,420s][info][gc,heap     ] GC(6) Humongous regions: 4->3
[2024-10-31T12:58:14.825-0400][2,420s][info][gc,metaspace] GC(6) Metaspace: 15438K(15744K)->15438K(15744K) NonClass: 13910K(14080K)->13910K(14080K) Class: 1527K(1664K)->1527K(1664K)
[2024-10-31T12:58:14.825-0400][2,420s][info][gc          ] GC(6) Pause Young (Normal) (G1 Evacuation Pause) 259M->34M(386M) 1,955ms
[2024-10-31T12:58:14.825-0400][2,420s][info][gc,cpu      ] GC(6) User=0,02s Sys=0,00s Real=0,00s
[2024-10-31T12:58:15.273-0400][2,868s][info][gc,start    ] GC(7) Pause Young (Concurrent Start) (Metadata GC Threshold)
[2024-10-31T12:58:15.273-0400][2,868s][info][gc,task     ] GC(7) Using 9 workers of 10 for evacuation
[2024-10-31T12:58:15.276-0400][2,870s][info][gc,phases   ] GC(7)   Pre Evacuate Collection Set: 0,1ms
[2024-10-31T12:58:15.276-0400][2,870s][info][gc,phases   ] GC(7)   Merge Heap Roots: 0,0ms
[2024-10-31T12:58:15.276-0400][2,870s][info][gc,phases   ] GC(7)   Evacuate Collection Set: 2,2ms
[2024-10-31T12:58:15.276-0400][2,870s][info][gc,phases   ] GC(7)   Post Evacuate Collection Set: 0,2ms
[2024-10-31T12:58:15.276-0400][2,870s][info][gc,phases   ] GC(7)   Other: 0,1ms
[2024-10-31T12:58:15.276-0400][2,870s][info][gc,heap     ] GC(7) Eden regions: 151->0(222)
[2024-10-31T12:58:15.276-0400][2,870s][info][gc,heap     ] GC(7) Survivor regions: 6->8(29)
[2024-10-31T12:58:15.276-0400][2,870s][info][gc,heap     ] GC(7) Old regions: 25->25
[2024-10-31T12:58:15.276-0400][2,870s][info][gc,heap     ] GC(7) Archive regions: 2->2
[2024-10-31T12:58:15.276-0400][2,870s][info][gc,heap     ] GC(7) Humongous regions: 4->3
[2024-10-31T12:58:15.276-0400][2,870s][info][gc,metaspace] GC(7) Metaspace: 21278K(21504K)->21278K(21504K) NonClass: 19007K(19136K)->19007K(19136K) Class: 2271K(2368K)->2271K(2368K)
[2024-10-31T12:58:15.276-0400][2,871s][info][gc          ] GC(7) Pause Young (Concurrent Start) (Metadata GC Threshold) 186M->36M(386M) 2,754ms
[2024-10-31T12:58:15.276-0400][2,871s][info][gc,cpu      ] GC(7) User=0,03s Sys=0,00s Real=0,00s
[2024-10-31T12:58:15.276-0400][2,871s][info][gc          ] GC(8) Concurrent Mark Cycle
[2024-10-31T12:58:15.276-0400][2,871s][info][gc,marking  ] GC(8) Concurrent Clear Claimed Marks
[2024-10-31T12:58:15.276-0400][2,871s][info][gc,marking  ] GC(8) Concurrent Clear Claimed Marks 0,016ms
[2024-10-31T12:58:15.276-0400][2,871s][info][gc,marking  ] GC(8) Concurrent Scan Root Regions
[2024-10-31T12:58:15.278-0400][2,872s][info][gc,marking  ] GC(8) Concurrent Scan Root Regions 1,738ms
[2024-10-31T12:58:15.278-0400][2,872s][info][gc,marking  ] GC(8) Concurrent Mark
[2024-10-31T12:58:15.278-0400][2,872s][info][gc,marking  ] GC(8) Concurrent Mark From Roots
[2024-10-31T12:58:15.278-0400][2,872s][info][gc,task     ] GC(8) Using 3 workers of 3 for marking
[2024-10-31T12:58:15.285-0400][2,879s][info][gc,marking  ] GC(8) Concurrent Mark From Roots 6,913ms
[2024-10-31T12:58:15.285-0400][2,879s][info][gc,marking  ] GC(8) Concurrent Preclean
[2024-10-31T12:58:15.285-0400][2,879s][info][gc,marking  ] GC(8) Concurrent Preclean 0,094ms
[2024-10-31T12:58:15.285-0400][2,879s][info][gc,start    ] GC(8) Pause Remark
[2024-10-31T12:58:15.287-0400][2,881s][info][gc          ] GC(8) Pause Remark 39M->39M(384M) 1,867ms
[2024-10-31T12:58:15.287-0400][2,881s][info][gc,cpu      ] GC(8) User=0,02s Sys=0,00s Real=0,00s
[2024-10-31T12:58:15.287-0400][2,881s][info][gc,marking  ] GC(8) Concurrent Mark 9,048ms
[2024-10-31T12:58:15.287-0400][2,881s][info][gc,marking  ] GC(8) Concurrent Rebuild Remembered Sets
[2024-10-31T12:58:15.289-0400][2,884s][info][gc,marking  ] GC(8) Concurrent Rebuild Remembered Sets 2,708ms
[2024-10-31T12:58:15.289-0400][2,884s][info][gc,start    ] GC(8) Pause Cleanup
[2024-10-31T12:58:15.290-0400][2,884s][info][gc          ] GC(8) Pause Cleanup 39M->39M(384M) 0,085ms
[2024-10-31T12:58:15.290-0400][2,884s][info][gc,cpu      ] GC(8) User=0,01s Sys=0,00s Real=0,00s
[2024-10-31T12:58:15.290-0400][2,884s][info][gc,marking  ] GC(8) Concurrent Cleanup for Next Mark
[2024-10-31T12:58:15.291-0400][2,886s][info][gc,marking  ] GC(8) Concurrent Cleanup for Next Mark 1,385ms
[2024-10-31T12:58:15.291-0400][2,886s][info][gc          ] GC(8) Concurrent Mark Cycle 15,224ms
[2024-10-31T12:58:16.014-0400][3,608s][info][gc,start    ] GC(9) Pause Young (Normal) (G1 Evacuation Pause)
[2024-10-31T12:58:16.014-0400][3,608s][info][gc,task     ] GC(9) Using 10 workers of 10 for evacuation
[2024-10-31T12:58:16.024-0400][3,619s][info][gc,phases   ] GC(9)   Pre Evacuate Collection Set: 0,1ms
[2024-10-31T12:58:16.024-0400][3,619s][info][gc,phases   ] GC(9)   Merge Heap Roots: 0,1ms
[2024-10-31T12:58:16.024-0400][3,619s][info][gc,phases   ] GC(9)   Evacuate Collection Set: 9,6ms
[2024-10-31T12:58:16.024-0400][3,619s][info][gc,phases   ] GC(9)   Post Evacuate Collection Set: 0,7ms
[2024-10-31T12:58:16.024-0400][3,619s][info][gc,phases   ] GC(9)   Other: 0,1ms
[2024-10-31T12:58:16.024-0400][3,619s][info][gc,heap     ] GC(9) Eden regions: 222->0(205)
[2024-10-31T12:58:16.024-0400][3,619s][info][gc,heap     ] GC(9) Survivor regions: 8->25(29)
[2024-10-31T12:58:16.024-0400][3,619s][info][gc,heap     ] GC(9) Old regions: 25->25
[2024-10-31T12:58:16.024-0400][3,619s][info][gc,heap     ] GC(9) Archive regions: 2->2
[2024-10-31T12:58:16.024-0400][3,619s][info][gc,heap     ] GC(9) Humongous regions: 6->3
[2024-10-31T12:58:16.024-0400][3,619s][info][gc,metaspace] GC(9) Metaspace: 31430K(31872K)->31430K(31872K) NonClass: 27823K(28032K)->27823K(28032K) Class: 3607K(3840K)->3607K(3840K)
[2024-10-31T12:58:16.024-0400][3,619s][info][gc          ] GC(9) Pause Young (Normal) (G1 Evacuation Pause) 261M->53M(384M) 10,544ms
[2024-10-31T12:58:16.024-0400][3,619s][info][gc,cpu      ] GC(9) User=0,07s Sys=0,02s Real=0,01s
[2024-10-31T12:58:20.239-0400][7,833s][info][gc,start    ] GC(10) Pause Young (Concurrent Start) (Metadata GC Threshold)
[2024-10-31T12:58:20.239-0400][7,833s][info][gc,task     ] GC(10) Using 9 workers of 10 for evacuation
[2024-10-31T12:58:20.251-0400][7,845s][info][gc,phases   ] GC(10)   Pre Evacuate Collection Set: 0,1ms
[2024-10-31T12:58:20.251-0400][7,845s][info][gc,phases   ] GC(10)   Merge Heap Roots: 0,0ms
[2024-10-31T12:58:20.251-0400][7,845s][info][gc,phases   ] GC(10)   Evacuate Collection Set: 11,3ms
[2024-10-31T12:58:20.251-0400][7,845s][info][gc,phases   ] GC(10)   Post Evacuate Collection Set: 0,3ms
[2024-10-31T12:58:20.251-0400][7,845s][info][gc,phases   ] GC(10)   Other: 0,1ms
[2024-10-31T12:58:20.251-0400][7,845s][info][gc,heap     ] GC(10) Eden regions: 68->0(227)
[2024-10-31T12:58:20.251-0400][7,845s][info][gc,heap     ] GC(10) Survivor regions: 25->3(29)
[2024-10-31T12:58:20.251-0400][7,845s][info][gc,heap     ] GC(10) Old regions: 25->49
[2024-10-31T12:58:20.251-0400][7,845s][info][gc,heap     ] GC(10) Archive regions: 2->2
[2024-10-31T12:58:20.251-0400][7,845s][info][gc,heap     ] GC(10) Humongous regions: 3->3
[2024-10-31T12:58:20.251-0400][7,845s][info][gc,metaspace] GC(10) Metaspace: 35737K(36160K)->35737K(36160K) NonClass: 31542K(31744K)->31542K(31744K) Class: 4195K(4416K)->4195K(4416K)
[2024-10-31T12:58:20.251-0400][7,845s][info][gc          ] GC(10) Pause Young (Concurrent Start) (Metadata GC Threshold) 120M->54M(384M) 11,853ms
[2024-10-31T12:58:20.251-0400][7,845s][info][gc,cpu      ] GC(10) User=0,05s Sys=0,06s Real=0,01s
[2024-10-31T12:58:20.251-0400][7,845s][info][gc          ] GC(11) Concurrent Mark Cycle
[2024-10-31T12:58:20.251-0400][7,845s][info][gc,marking  ] GC(11) Concurrent Clear Claimed Marks
[2024-10-31T12:58:20.251-0400][7,845s][info][gc,marking  ] GC(11) Concurrent Clear Claimed Marks 0,030ms
[2024-10-31T12:58:20.251-0400][7,845s][info][gc,marking  ] GC(11) Concurrent Scan Root Regions
[2024-10-31T12:58:20.253-0400][7,847s][info][gc,marking  ] GC(11) Concurrent Scan Root Regions 2,048ms
[2024-10-31T12:58:20.253-0400][7,847s][info][gc,marking  ] GC(11) Concurrent Mark
[2024-10-31T12:58:20.253-0400][7,847s][info][gc,marking  ] GC(11) Concurrent Mark From Roots
[2024-10-31T12:58:20.253-0400][7,847s][info][gc,task     ] GC(11) Using 3 workers of 3 for marking
[2024-10-31T12:58:20.257-0400][7,852s][info][gc,marking  ] GC(11) Concurrent Mark From Roots 4,542ms
[2024-10-31T12:58:20.257-0400][7,852s][info][gc,marking  ] GC(11) Concurrent Preclean
[2024-10-31T12:58:20.257-0400][7,852s][info][gc,marking  ] GC(11) Concurrent Preclean 0,102ms
[2024-10-31T12:58:20.257-0400][7,852s][info][gc,start    ] GC(11) Pause Remark
[2024-10-31T12:58:20.259-0400][7,853s][info][gc          ] GC(11) Pause Remark 58M->58M(384M) 1,112ms
[2024-10-31T12:58:20.259-0400][7,853s][info][gc,cpu      ] GC(11) User=0,01s Sys=0,00s Real=0,00s
[2024-10-31T12:58:20.259-0400][7,853s][info][gc,marking  ] GC(11) Concurrent Mark 5,874ms
[2024-10-31T12:58:20.259-0400][7,853s][info][gc,marking  ] GC(11) Concurrent Rebuild Remembered Sets
[2024-10-31T12:58:20.263-0400][7,858s][info][gc,marking  ] GC(11) Concurrent Rebuild Remembered Sets 4,631ms
[2024-10-31T12:58:20.263-0400][7,858s][info][gc,start    ] GC(11) Pause Cleanup
[2024-10-31T12:58:20.263-0400][7,858s][info][gc          ] GC(11) Pause Cleanup 60M->60M(384M) 0,080ms
[2024-10-31T12:58:20.263-0400][7,858s][info][gc,cpu      ] GC(11) User=0,00s Sys=0,00s Real=0,00s
[2024-10-31T12:58:20.263-0400][7,858s][info][gc,marking  ] GC(11) Concurrent Cleanup for Next Mark
[2024-10-31T12:58:20.265-0400][7,859s][info][gc,marking  ] GC(11) Concurrent Cleanup for Next Mark 1,180ms
[2024-10-31T12:58:20.265-0400][7,859s][info][gc          ] GC(11) Concurrent Mark Cycle 13,994ms
[2024-10-31T12:58:33.116-0400][20,711s][info][gc,heap,exit] Heap
[2024-10-31T12:58:33.116-0400][20,711s][info][gc,heap,exit]  garbage-first heap   total 393216K, used 138964K [0x0000000080000000, 0x0000000100000000)
[2024-10-31T12:58:33.116-0400][20,711s][info][gc,heap,exit]   region size 1024K, 76 young (77824K), 3 survivors (3072K)
[2024-10-31T12:58:33.116-0400][20,711s][info][gc,heap,exit]  Metaspace       used 37110K, committed 37504K, reserved 1114112K
[2024-10-31T12:58:33.116-0400][20,711s][info][gc,heap,exit]   class space    used 4382K, committed 4608K, reserved 1048576K
