[2024-10-31T12:46:29.976-0400][0.002s][info][gc] Using G1
[2024-10-31T12:46:29.979-0400][0.005s][info][gc,init] Version: 17.0.12+7 (release)
[2024-10-31T12:46:29.979-0400][0.005s][info][gc,init] CPUs: 12 total, 12 available
[2024-10-31T12:46:29.979-0400][0.005s][info][gc,init] Memory: 31966M
[2024-10-31T12:46:29.979-0400][0.005s][info][gc,init] Large Page Support: Disabled
[2024-10-31T12:46:29.979-0400][0.005s][info][gc,init] NUMA Support: Disabled
[2024-10-31T12:46:29.979-0400][0.005s][info][gc,init] Compressed Oops: Enabled (32-bit)
[2024-10-31T12:46:29.979-0400][0.005s][info][gc,init] Heap Region Size: 1M
[2024-10-31T12:46:29.979-0400][0.005s][info][gc,init] Heap Min Capacity: 384M
[2024-10-31T12:46:29.979-0400][0.005s][info][gc,init] Heap Initial Capacity: 384M
[2024-10-31T12:46:29.979-0400][0.005s][info][gc,init] Heap Max Capacity: 2G
[2024-10-31T12:46:29.979-0400][0.005s][info][gc,init] Pre-touch: Disabled
[2024-10-31T12:46:29.979-0400][0.005s][info][gc,init] Parallel Workers: 10
[2024-10-31T12:46:29.979-0400][0.005s][info][gc,init] Concurrent Workers: 3
[2024-10-31T12:46:29.979-0400][0.005s][info][gc,init] Concurrent Refinement Workers: 10
[2024-10-31T12:46:29.979-0400][0.005s][info][gc,init] Periodic GC: Disabled
[2024-10-31T12:46:29.984-0400][0.009s][info][gc,metaspace] CDS archive(s) mapped at: [0x0000758597000000-0x0000758597bc7000-0x0000758597bc7000), size 12349440, SharedBaseAddress: 0x0000758597000000, ArchiveRelocationMode: 1.
[2024-10-31T12:46:29.984-0400][0.009s][info][gc,metaspace] Compressed class space mapped at: 0x0000758598000000-0x00007585d8000000, reserved size: 1073741824
[2024-10-31T12:46:29.984-0400][0.009s][info][gc,metaspace] Narrow klass base: 0x0000758597000000, Narrow klass shift: 0, Narrow klass range: 0x100000000
[2024-10-31T12:46:30.326-0400][0,351s][info][gc,start    ] GC(0) Pause Young (Normal) (G1 Evacuation Pause)
[2024-10-31T12:46:30.326-0400][0,352s][info][gc,task     ] GC(0) Using 9 workers of 10 for evacuation
[2024-10-31T12:46:30.330-0400][0,356s][info][gc,phases   ] GC(0)   Pre Evacuate Collection Set: 0,1ms
[2024-10-31T12:46:30.330-0400][0,356s][info][gc,phases   ] GC(0)   Merge Heap Roots: 0,1ms
[2024-10-31T12:46:30.330-0400][0,356s][info][gc,phases   ] GC(0)   Evacuate Collection Set: 3,4ms
[2024-10-31T12:46:30.330-0400][0,356s][info][gc,phases   ] GC(0)   Post Evacuate Collection Set: 0,2ms
[2024-10-31T12:46:30.330-0400][0,356s][info][gc,phases   ] GC(0)   Other: 0,6ms
[2024-10-31T12:46:30.330-0400][0,356s][info][gc,heap     ] GC(0) Eden regions: 23->0(31)
[2024-10-31T12:46:30.330-0400][0,356s][info][gc,heap     ] GC(0) Survivor regions: 0->3(3)
[2024-10-31T12:46:30.330-0400][0,356s][info][gc,heap     ] GC(0) Old regions: 0->3
[2024-10-31T12:46:30.330-0400][0,356s][info][gc,heap     ] GC(0) Archive regions: 2->2
[2024-10-31T12:46:30.330-0400][0,356s][info][gc,heap     ] GC(0) Humongous regions: 0->0
[2024-10-31T12:46:30.330-0400][0,356s][info][gc,metaspace] GC(0) Metaspace: 9517K(9728K)->9517K(9728K) NonClass: 8525K(8640K)->8525K(8640K) Class: 991K(1088K)->991K(1088K)
[2024-10-31T12:46:30.330-0400][0,356s][info][gc          ] GC(0) Pause Young (Normal) (G1 Evacuation Pause) 23M->5M(386M) 4,427ms
[2024-10-31T12:46:30.330-0400][0,356s][info][gc,cpu      ] GC(0) User=0,01s Sys=0,02s Real=0,01s
[2024-10-31T12:46:30.557-0400][0,583s][info][gc,start    ] GC(1) Pause Young (Normal) (G1 Evacuation Pause)
[2024-10-31T12:46:30.557-0400][0,583s][info][gc,task     ] GC(1) Using 9 workers of 10 for evacuation
[2024-10-31T12:46:30.561-0400][0,587s][info][gc,phases   ] GC(1)   Pre Evacuate Collection Set: 0,1ms
[2024-10-31T12:46:30.561-0400][0,587s][info][gc,phases   ] GC(1)   Merge Heap Roots: 0,0ms
[2024-10-31T12:46:30.561-0400][0,587s][info][gc,phases   ] GC(1)   Evacuate Collection Set: 3,5ms
[2024-10-31T12:46:30.561-0400][0,587s][info][gc,phases   ] GC(1)   Post Evacuate Collection Set: 0,3ms
[2024-10-31T12:46:30.561-0400][0,587s][info][gc,phases   ] GC(1)   Other: 0,1ms
[2024-10-31T12:46:30.561-0400][0,587s][info][gc,heap     ] GC(1) Eden regions: 31->0(59)
[2024-10-31T12:46:30.561-0400][0,587s][info][gc,heap     ] GC(1) Survivor regions: 3->4(5)
[2024-10-31T12:46:30.561-0400][0,587s][info][gc,heap     ] GC(1) Old regions: 3->6
[2024-10-31T12:46:30.561-0400][0,587s][info][gc,heap     ] GC(1) Archive regions: 2->2
[2024-10-31T12:46:30.561-0400][0,587s][info][gc,heap     ] GC(1) Humongous regions: 2->0
[2024-10-31T12:46:30.561-0400][0,587s][info][gc,metaspace] GC(1) Metaspace: 12344K(12608K)->12344K(12608K) NonClass: 11090K(11200K)->11090K(11200K) Class: 1254K(1408K)->1254K(1408K)
[2024-10-31T12:46:30.561-0400][0,587s][info][gc          ] GC(1) Pause Young (Normal) (G1 Evacuation Pause) 38M->9M(386M) 4,062ms
[2024-10-31T12:46:30.561-0400][0,587s][info][gc,cpu      ] GC(1) User=0,03s Sys=0,03s Real=0,01s
[2024-10-31T12:46:30.771-0400][0,797s][info][gc,start    ] GC(2) Pause Young (Normal) (G1 Evacuation Pause)
[2024-10-31T12:46:30.771-0400][0,797s][info][gc,task     ] GC(2) Using 9 workers of 10 for evacuation
[2024-10-31T12:46:30.782-0400][0,808s][info][gc,phases   ] GC(2)   Pre Evacuate Collection Set: 0,1ms
[2024-10-31T12:46:30.782-0400][0,808s][info][gc,phases   ] GC(2)   Merge Heap Roots: 0,0ms
[2024-10-31T12:46:30.782-0400][0,808s][info][gc,phases   ] GC(2)   Evacuate Collection Set: 10,0ms
[2024-10-31T12:46:30.782-0400][0,808s][info][gc,phases   ] GC(2)   Post Evacuate Collection Set: 0,4ms
[2024-10-31T12:46:30.782-0400][0,808s][info][gc,phases   ] GC(2)   Other: 0,1ms
[2024-10-31T12:46:30.782-0400][0,808s][info][gc,heap     ] GC(2) Eden regions: 59->0(74)
[2024-10-31T12:46:30.782-0400][0,808s][info][gc,heap     ] GC(2) Survivor regions: 4->8(8)
[2024-10-31T12:46:30.782-0400][0,808s][info][gc,heap     ] GC(2) Old regions: 6->18
[2024-10-31T12:46:30.782-0400][0,808s][info][gc,heap     ] GC(2) Archive regions: 2->2
[2024-10-31T12:46:30.782-0400][0,808s][info][gc,heap     ] GC(2) Humongous regions: 4->3
[2024-10-31T12:46:30.782-0400][0,808s][info][gc,metaspace] GC(2) Metaspace: 13551K(13824K)->13551K(13824K) NonClass: 12160K(12288K)->12160K(12288K) Class: 1391K(1536K)->1391K(1536K)
[2024-10-31T12:46:30.782-0400][0,808s][info][gc          ] GC(2) Pause Young (Normal) (G1 Evacuation Pause) 72M->29M(386M) 10,579ms
[2024-10-31T12:46:30.782-0400][0,808s][info][gc,cpu      ] GC(2) User=0,07s Sys=0,03s Real=0,01s
[2024-10-31T12:46:31.055-0400][1,081s][info][gc,start    ] GC(3) Pause Young (Normal) (G1 Evacuation Pause)
[2024-10-31T12:46:31.055-0400][1,081s][info][gc,task     ] GC(3) Using 9 workers of 10 for evacuation
[2024-10-31T12:46:31.059-0400][1,085s][info][gc,phases   ] GC(3)   Pre Evacuate Collection Set: 0,1ms
[2024-10-31T12:46:31.059-0400][1,085s][info][gc,phases   ] GC(3)   Merge Heap Roots: 0,0ms
[2024-10-31T12:46:31.059-0400][1,085s][info][gc,phases   ] GC(3)   Evacuate Collection Set: 3,6ms
[2024-10-31T12:46:31.059-0400][1,085s][info][gc,phases   ] GC(3)   Post Evacuate Collection Set: 0,2ms
[2024-10-31T12:46:31.059-0400][1,085s][info][gc,phases   ] GC(3)   Other: 0,1ms
[2024-10-31T12:46:31.059-0400][1,085s][info][gc,heap     ] GC(3) Eden regions: 74->0(226)
[2024-10-31T12:46:31.059-0400][1,085s][info][gc,heap     ] GC(3) Survivor regions: 8->4(11)
[2024-10-31T12:46:31.059-0400][1,085s][info][gc,heap     ] GC(3) Old regions: 18->26
[2024-10-31T12:46:31.059-0400][1,085s][info][gc,heap     ] GC(3) Archive regions: 2->2
[2024-10-31T12:46:31.059-0400][1,085s][info][gc,heap     ] GC(3) Humongous regions: 4->3
[2024-10-31T12:46:31.059-0400][1,085s][info][gc,metaspace] GC(3) Metaspace: 14400K(14656K)->14400K(14656K) NonClass: 12940K(13056K)->12940K(13056K) Class: 1459K(1600K)->1459K(1600K)
[2024-10-31T12:46:31.059-0400][1,085s][info][gc          ] GC(3) Pause Young (Normal) (G1 Evacuation Pause) 104M->32M(386M) 4,019ms
[2024-10-31T12:46:31.059-0400][1,085s][info][gc,cpu      ] GC(3) User=0,03s Sys=0,01s Real=0,01s
[2024-10-31T12:46:31.460-0400][1,485s][info][gc,start    ] GC(4) Pause Young (Normal) (G1 Evacuation Pause)
[2024-10-31T12:46:31.460-0400][1,485s][info][gc,task     ] GC(4) Using 9 workers of 10 for evacuation
[2024-10-31T12:46:31.465-0400][1,490s][info][gc,phases   ] GC(4)   Pre Evacuate Collection Set: 0,1ms
[2024-10-31T12:46:31.465-0400][1,490s][info][gc,phases   ] GC(4)   Merge Heap Roots: 0,1ms
[2024-10-31T12:46:31.465-0400][1,490s][info][gc,phases   ] GC(4)   Evacuate Collection Set: 4,5ms
[2024-10-31T12:46:31.465-0400][1,490s][info][gc,phases   ] GC(4)   Post Evacuate Collection Set: 0,3ms
[2024-10-31T12:46:31.465-0400][1,490s][info][gc,phases   ] GC(4)   Other: 0,1ms
[2024-10-31T12:46:31.465-0400][1,490s][info][gc,heap     ] GC(4) Eden regions: 226->0(224)
[2024-10-31T12:46:31.465-0400][1,490s][info][gc,heap     ] GC(4) Survivor regions: 4->6(29)
[2024-10-31T12:46:31.465-0400][1,490s][info][gc,heap     ] GC(4) Old regions: 26->26
[2024-10-31T12:46:31.465-0400][1,490s][info][gc,heap     ] GC(4) Archive regions: 2->2
[2024-10-31T12:46:31.465-0400][1,490s][info][gc,heap     ] GC(4) Humongous regions: 3->3
[2024-10-31T12:46:31.465-0400][1,490s][info][gc,metaspace] GC(4) Metaspace: 14454K(14720K)->14454K(14720K) NonClass: 12994K(13120K)->12994K(13120K) Class: 1460K(1600K)->1460K(1600K)
[2024-10-31T12:46:31.465-0400][1,490s][info][gc          ] GC(4) Pause Young (Normal) (G1 Evacuation Pause) 258M->34M(386M) 5,024ms
[2024-10-31T12:46:31.465-0400][1,490s][info][gc,cpu      ] GC(4) User=0,02s Sys=0,05s Real=0,00s
[2024-10-31T12:46:31.845-0400][1,871s][info][gc,start    ] GC(5) Pause Young (Normal) (G1 Evacuation Pause)
[2024-10-31T12:46:31.845-0400][1,871s][info][gc,task     ] GC(5) Using 9 workers of 10 for evacuation
[2024-10-31T12:46:31.848-0400][1,874s][info][gc,phases   ] GC(5)   Pre Evacuate Collection Set: 0,1ms
[2024-10-31T12:46:31.848-0400][1,874s][info][gc,phases   ] GC(5)   Merge Heap Roots: 0,0ms
[2024-10-31T12:46:31.848-0400][1,874s][info][gc,phases   ] GC(5)   Evacuate Collection Set: 2,4ms
[2024-10-31T12:46:31.848-0400][1,874s][info][gc,phases   ] GC(5)   Post Evacuate Collection Set: 0,3ms
[2024-10-31T12:46:31.848-0400][1,874s][info][gc,phases   ] GC(5)   Other: 0,1ms
[2024-10-31T12:46:31.848-0400][1,874s][info][gc,heap     ] GC(5) Eden regions: 224->0(222)
[2024-10-31T12:46:31.848-0400][1,874s][info][gc,heap     ] GC(5) Survivor regions: 6->8(29)
[2024-10-31T12:46:31.848-0400][1,874s][info][gc,heap     ] GC(5) Old regions: 26->26
[2024-10-31T12:46:31.848-0400][1,874s][info][gc,heap     ] GC(5) Archive regions: 2->2
[2024-10-31T12:46:31.848-0400][1,874s][info][gc,heap     ] GC(5) Humongous regions: 3->3
[2024-10-31T12:46:31.848-0400][1,874s][info][gc,metaspace] GC(5) Metaspace: 14479K(14784K)->14479K(14784K) NonClass: 13018K(13184K)->13018K(13184K) Class: 1461K(1600K)->1461K(1600K)
[2024-10-31T12:46:31.848-0400][1,874s][info][gc          ] GC(5) Pause Young (Normal) (G1 Evacuation Pause) 258M->36M(386M) 2,902ms
[2024-10-31T12:46:31.848-0400][1,874s][info][gc,cpu      ] GC(5) User=0,00s Sys=0,03s Real=0,01s
[2024-10-31T12:46:32.302-0400][2,328s][info][gc,start    ] GC(6) Pause Young (Normal) (G1 Evacuation Pause)
[2024-10-31T12:46:32.302-0400][2,328s][info][gc,task     ] GC(6) Using 9 workers of 10 for evacuation
[2024-10-31T12:46:32.304-0400][2,330s][info][gc,phases   ] GC(6)   Pre Evacuate Collection Set: 0,1ms
[2024-10-31T12:46:32.304-0400][2,330s][info][gc,phases   ] GC(6)   Merge Heap Roots: 0,0ms
[2024-10-31T12:46:32.304-0400][2,330s][info][gc,phases   ] GC(6)   Evacuate Collection Set: 1,3ms
[2024-10-31T12:46:32.304-0400][2,330s][info][gc,phases   ] GC(6)   Post Evacuate Collection Set: 0,3ms
[2024-10-31T12:46:32.304-0400][2,330s][info][gc,phases   ] GC(6)   Other: 0,1ms
[2024-10-31T12:46:32.304-0400][2,330s][info][gc,heap     ] GC(6) Eden regions: 222->0(224)
[2024-10-31T12:46:32.304-0400][2,330s][info][gc,heap     ] GC(6) Survivor regions: 8->6(29)
[2024-10-31T12:46:32.304-0400][2,330s][info][gc,heap     ] GC(6) Old regions: 26->26
[2024-10-31T12:46:32.304-0400][2,330s][info][gc,heap     ] GC(6) Archive regions: 2->2
[2024-10-31T12:46:32.304-0400][2,330s][info][gc,heap     ] GC(6) Humongous regions: 5->3
[2024-10-31T12:46:32.304-0400][2,330s][info][gc,metaspace] GC(6) Metaspace: 15463K(15744K)->15463K(15744K) NonClass: 13934K(14080K)->13934K(14080K) Class: 1528K(1664K)->1528K(1664K)
[2024-10-31T12:46:32.304-0400][2,330s][info][gc          ] GC(6) Pause Young (Normal) (G1 Evacuation Pause) 260M->34M(386M) 1,834ms
[2024-10-31T12:46:32.304-0400][2,330s][info][gc,cpu      ] GC(6) User=0,02s Sys=0,01s Real=0,00s
[2024-10-31T12:46:32.680-0400][2,706s][info][gc,start    ] GC(7) Pause Young (Concurrent Start) (Metadata GC Threshold)
[2024-10-31T12:46:32.680-0400][2,706s][info][gc,task     ] GC(7) Using 9 workers of 10 for evacuation
[2024-10-31T12:46:32.682-0400][2,708s][info][gc,phases   ] GC(7)   Pre Evacuate Collection Set: 0,1ms
[2024-10-31T12:46:32.682-0400][2,708s][info][gc,phases   ] GC(7)   Merge Heap Roots: 0,0ms
[2024-10-31T12:46:32.682-0400][2,708s][info][gc,phases   ] GC(7)   Evacuate Collection Set: 1,9ms
[2024-10-31T12:46:32.682-0400][2,708s][info][gc,phases   ] GC(7)   Post Evacuate Collection Set: 0,3ms
[2024-10-31T12:46:32.682-0400][2,708s][info][gc,phases   ] GC(7)   Other: 0,1ms
[2024-10-31T12:46:32.682-0400][2,708s][info][gc,heap     ] GC(7) Eden regions: 134->0(222)
[2024-10-31T12:46:32.682-0400][2,708s][info][gc,heap     ] GC(7) Survivor regions: 6->8(29)
[2024-10-31T12:46:32.682-0400][2,708s][info][gc,heap     ] GC(7) Old regions: 26->26
[2024-10-31T12:46:32.682-0400][2,708s][info][gc,heap     ] GC(7) Archive regions: 2->2
[2024-10-31T12:46:32.682-0400][2,708s][info][gc,heap     ] GC(7) Humongous regions: 3->3
[2024-10-31T12:46:32.682-0400][2,708s][info][gc,metaspace] GC(7) Metaspace: 21304K(21504K)->21304K(21504K) NonClass: 19028K(19136K)->19028K(19136K) Class: 2276K(2368K)->2276K(2368K)
[2024-10-31T12:46:32.682-0400][2,708s][info][gc          ] GC(7) Pause Young (Concurrent Start) (Metadata GC Threshold) 168M->37M(386M) 2,497ms
[2024-10-31T12:46:32.682-0400][2,708s][info][gc,cpu      ] GC(7) User=0,03s Sys=0,00s Real=0,00s
[2024-10-31T12:46:32.682-0400][2,708s][info][gc          ] GC(8) Concurrent Mark Cycle
[2024-10-31T12:46:32.682-0400][2,708s][info][gc,marking  ] GC(8) Concurrent Clear Claimed Marks
[2024-10-31T12:46:32.682-0400][2,708s][info][gc,marking  ] GC(8) Concurrent Clear Claimed Marks 0,018ms
[2024-10-31T12:46:32.682-0400][2,708s][info][gc,marking  ] GC(8) Concurrent Scan Root Regions
[2024-10-31T12:46:32.684-0400][2,709s][info][gc,marking  ] GC(8) Concurrent Scan Root Regions 1,262ms
[2024-10-31T12:46:32.684-0400][2,709s][info][gc,marking  ] GC(8) Concurrent Mark
[2024-10-31T12:46:32.684-0400][2,709s][info][gc,marking  ] GC(8) Concurrent Mark From Roots
[2024-10-31T12:46:32.684-0400][2,709s][info][gc,task     ] GC(8) Using 3 workers of 3 for marking
[2024-10-31T12:46:32.688-0400][2,714s][info][gc,marking  ] GC(8) Concurrent Mark From Roots 4,564ms
[2024-10-31T12:46:32.688-0400][2,714s][info][gc,marking  ] GC(8) Concurrent Preclean
[2024-10-31T12:46:32.688-0400][2,714s][info][gc,marking  ] GC(8) Concurrent Preclean 0,141ms
[2024-10-31T12:46:32.689-0400][2,714s][info][gc,start    ] GC(8) Pause Remark
[2024-10-31T12:46:32.690-0400][2,716s][info][gc          ] GC(8) Pause Remark 39M->39M(384M) 1,874ms
[2024-10-31T12:46:32.690-0400][2,716s][info][gc,cpu      ] GC(8) User=0,01s Sys=0,00s Real=0,00s
[2024-10-31T12:46:32.690-0400][2,716s][info][gc,marking  ] GC(8) Concurrent Mark 6,745ms
[2024-10-31T12:46:32.690-0400][2,716s][info][gc,marking  ] GC(8) Concurrent Rebuild Remembered Sets
[2024-10-31T12:46:32.693-0400][2,719s][info][gc,marking  ] GC(8) Concurrent Rebuild Remembered Sets 2,815ms
[2024-10-31T12:46:32.693-0400][2,719s][info][gc,start    ] GC(8) Pause Cleanup
[2024-10-31T12:46:32.693-0400][2,719s][info][gc          ] GC(8) Pause Cleanup 39M->39M(384M) 0,064ms
[2024-10-31T12:46:32.693-0400][2,719s][info][gc,cpu      ] GC(8) User=0,00s Sys=0,00s Real=0,00s
[2024-10-31T12:46:32.693-0400][2,719s][info][gc,marking  ] GC(8) Concurrent Cleanup for Next Mark
[2024-10-31T12:46:32.695-0400][2,721s][info][gc,marking  ] GC(8) Concurrent Cleanup for Next Mark 1,479ms
[2024-10-31T12:46:32.695-0400][2,721s][info][gc          ] GC(8) Concurrent Mark Cycle 12,607ms
[2024-10-31T12:46:33.279-0400][3,304s][info][gc,start    ] GC(9) Pause Young (Normal) (G1 Evacuation Pause)
[2024-10-31T12:46:33.279-0400][3,304s][info][gc,task     ] GC(9) Using 10 workers of 10 for evacuation
[2024-10-31T12:46:33.290-0400][3,315s][info][gc,phases   ] GC(9)   Pre Evacuate Collection Set: 0,1ms
[2024-10-31T12:46:33.290-0400][3,315s][info][gc,phases   ] GC(9)   Merge Heap Roots: 0,1ms
[2024-10-31T12:46:33.290-0400][3,315s][info][gc,phases   ] GC(9)   Evacuate Collection Set: 10,1ms
[2024-10-31T12:46:33.290-0400][3,315s][info][gc,phases   ] GC(9)   Post Evacuate Collection Set: 0,6ms
[2024-10-31T12:46:33.290-0400][3,315s][info][gc,phases   ] GC(9)   Other: 0,1ms
[2024-10-31T12:46:33.290-0400][3,315s][info][gc,heap     ] GC(9) Eden regions: 222->0(206)
[2024-10-31T12:46:33.290-0400][3,315s][info][gc,heap     ] GC(9) Survivor regions: 8->24(29)
[2024-10-31T12:46:33.290-0400][3,315s][info][gc,heap     ] GC(9) Old regions: 26->26
[2024-10-31T12:46:33.290-0400][3,315s][info][gc,heap     ] GC(9) Archive regions: 2->2
[2024-10-31T12:46:33.290-0400][3,315s][info][gc,heap     ] GC(9) Humongous regions: 6->3
[2024-10-31T12:46:33.290-0400][3,315s][info][gc,metaspace] GC(9) Metaspace: 31387K(31872K)->31387K(31872K) NonClass: 27776K(28032K)->27776K(28032K) Class: 3610K(3840K)->3610K(3840K)
[2024-10-31T12:46:33.290-0400][3,315s][info][gc          ] GC(9) Pause Young (Normal) (G1 Evacuation Pause) 262M->52M(384M) 11,019ms
[2024-10-31T12:46:33.290-0400][3,315s][info][gc,cpu      ] GC(9) User=0,03s Sys=0,08s Real=0,01s
[2024-10-31T12:47:21.951-0400][51,977s][info][gc,heap,exit] Heap
[2024-10-31T12:47:21.951-0400][51,977s][info][gc,heap,exit]  garbage-first heap   total 393216K, used 107427K [0x0000000080000000, 0x0000000100000000)
[2024-10-31T12:47:21.951-0400][51,977s][info][gc,heap,exit]   region size 1024K, 74 young (75776K), 24 survivors (24576K)
[2024-10-31T12:47:21.951-0400][51,977s][info][gc,heap,exit]  Metaspace       used 33680K, committed 34112K, reserved 1114112K
[2024-10-31T12:47:21.951-0400][51,977s][info][gc,heap,exit]   class space    used 3891K, committed 4096K, reserved 1048576K
