[2024-10-31T12:45:31.248-0400][0.003s][info][gc] Using G1
[2024-10-31T12:45:31.250-0400][0.005s][info][gc,init] Version: 17.0.12+7 (release)
[2024-10-31T12:45:31.251-0400][0.005s][info][gc,init] CPUs: 12 total, 12 available
[2024-10-31T12:45:31.251-0400][0.005s][info][gc,init] Memory: 31966M
[2024-10-31T12:45:31.251-0400][0.005s][info][gc,init] Large Page Support: Disabled
[2024-10-31T12:45:31.251-0400][0.005s][info][gc,init] NUMA Support: Disabled
[2024-10-31T12:45:31.251-0400][0.005s][info][gc,init] Compressed Oops: Enabled (32-bit)
[2024-10-31T12:45:31.251-0400][0.005s][info][gc,init] Heap Region Size: 1M
[2024-10-31T12:45:31.251-0400][0.005s][info][gc,init] Heap Min Capacity: 384M
[2024-10-31T12:45:31.251-0400][0.005s][info][gc,init] Heap Initial Capacity: 384M
[2024-10-31T12:45:31.251-0400][0.005s][info][gc,init] Heap Max Capacity: 2G
[2024-10-31T12:45:31.251-0400][0.005s][info][gc,init] Pre-touch: Disabled
[2024-10-31T12:45:31.251-0400][0.005s][info][gc,init] Parallel Workers: 10
[2024-10-31T12:45:31.251-0400][0.005s][info][gc,init] Concurrent Workers: 3
[2024-10-31T12:45:31.251-0400][0.005s][info][gc,init] Concurrent Refinement Workers: 10
[2024-10-31T12:45:31.251-0400][0.005s][info][gc,init] Periodic GC: Disabled
[2024-10-31T12:45:31.255-0400][0.010s][info][gc,metaspace] CDS archive(s) mapped at: [0x00007015cb000000-0x00007015cbbc7000-0x00007015cbbc7000), size 12349440, SharedBaseAddress: 0x00007015cb000000, ArchiveRelocationMode: 1.
[2024-10-31T12:45:31.255-0400][0.010s][info][gc,metaspace] Compressed class space mapped at: 0x00007015cc000000-0x000070160c000000, reserved size: 1073741824
[2024-10-31T12:45:31.255-0400][0.010s][info][gc,metaspace] Narrow klass base: 0x00007015cb000000, Narrow klass shift: 0, Narrow klass range: 0x100000000
[2024-10-31T12:45:31.573-0400][0,328s][info][gc,start    ] GC(0) Pause Young (Normal) (G1 Evacuation Pause)
[2024-10-31T12:45:31.574-0400][0,329s][info][gc,task     ] GC(0) Using 9 workers of 10 for evacuation
[2024-10-31T12:45:31.577-0400][0,332s][info][gc,phases   ] GC(0)   Pre Evacuate Collection Set: 0,0ms
[2024-10-31T12:45:31.577-0400][0,332s][info][gc,phases   ] GC(0)   Merge Heap Roots: 0,1ms
[2024-10-31T12:45:31.577-0400][0,332s][info][gc,phases   ] GC(0)   Evacuate Collection Set: 3,0ms
[2024-10-31T12:45:31.577-0400][0,332s][info][gc,phases   ] GC(0)   Post Evacuate Collection Set: 0,2ms
[2024-10-31T12:45:31.577-0400][0,332s][info][gc,phases   ] GC(0)   Other: 0,5ms
[2024-10-31T12:45:31.577-0400][0,332s][info][gc,heap     ] GC(0) Eden regions: 23->0(31)
[2024-10-31T12:45:31.577-0400][0,332s][info][gc,heap     ] GC(0) Survivor regions: 0->3(3)
[2024-10-31T12:45:31.577-0400][0,332s][info][gc,heap     ] GC(0) Old regions: 0->2
[2024-10-31T12:45:31.577-0400][0,332s][info][gc,heap     ] GC(0) Archive regions: 2->2
[2024-10-31T12:45:31.577-0400][0,332s][info][gc,heap     ] GC(0) Humongous regions: 0->0
[2024-10-31T12:45:31.577-0400][0,332s][info][gc,metaspace] GC(0) Metaspace: 9450K(9664K)->9450K(9664K) NonClass: 8472K(8576K)->8472K(8576K) Class: 977K(1088K)->977K(1088K)
[2024-10-31T12:45:31.577-0400][0,332s][info][gc          ] GC(0) Pause Young (Normal) (G1 Evacuation Pause) 23M->5M(386M) 3,880ms
[2024-10-31T12:45:31.577-0400][0,332s][info][gc,cpu      ] GC(0) User=0,03s Sys=0,01s Real=0,01s
[2024-10-31T12:45:31.826-0400][0,581s][info][gc,start    ] GC(1) Pause Young (Normal) (G1 Evacuation Pause)
[2024-10-31T12:45:31.826-0400][0,581s][info][gc,task     ] GC(1) Using 9 workers of 10 for evacuation
[2024-10-31T12:45:31.830-0400][0,585s][info][gc,phases   ] GC(1)   Pre Evacuate Collection Set: 0,1ms
[2024-10-31T12:45:31.830-0400][0,585s][info][gc,phases   ] GC(1)   Merge Heap Roots: 0,0ms
[2024-10-31T12:45:31.830-0400][0,585s][info][gc,phases   ] GC(1)   Evacuate Collection Set: 3,3ms
[2024-10-31T12:45:31.830-0400][0,585s][info][gc,phases   ] GC(1)   Post Evacuate Collection Set: 0,4ms
[2024-10-31T12:45:31.830-0400][0,585s][info][gc,phases   ] GC(1)   Other: 0,1ms
[2024-10-31T12:45:31.830-0400][0,585s][info][gc,heap     ] GC(1) Eden regions: 31->0(58)
[2024-10-31T12:45:31.830-0400][0,585s][info][gc,heap     ] GC(1) Survivor regions: 3->4(5)
[2024-10-31T12:45:31.830-0400][0,585s][info][gc,heap     ] GC(1) Old regions: 2->6
[2024-10-31T12:45:31.830-0400][0,585s][info][gc,heap     ] GC(1) Archive regions: 2->2
[2024-10-31T12:45:31.830-0400][0,585s][info][gc,heap     ] GC(1) Humongous regions: 2->0
[2024-10-31T12:45:31.830-0400][0,585s][info][gc,metaspace] GC(1) Metaspace: 12353K(12608K)->12353K(12608K) NonClass: 11098K(11200K)->11098K(11200K) Class: 1255K(1408K)->1255K(1408K)
[2024-10-31T12:45:31.830-0400][0,585s][info][gc          ] GC(1) Pause Young (Normal) (G1 Evacuation Pause) 38M->9M(386M) 3,939ms
[2024-10-31T12:45:31.830-0400][0,585s][info][gc,cpu      ] GC(1) User=0,01s Sys=0,03s Real=0,01s
[2024-10-31T12:45:32.064-0400][0,818s][info][gc,start    ] GC(2) Pause Young (Normal) (G1 Evacuation Pause)
[2024-10-31T12:45:32.064-0400][0,818s][info][gc,task     ] GC(2) Using 9 workers of 10 for evacuation
[2024-10-31T12:45:32.074-0400][0,828s][info][gc,phases   ] GC(2)   Pre Evacuate Collection Set: 0,1ms
[2024-10-31T12:45:32.074-0400][0,828s][info][gc,phases   ] GC(2)   Merge Heap Roots: 0,0ms
[2024-10-31T12:45:32.074-0400][0,828s][info][gc,phases   ] GC(2)   Evacuate Collection Set: 9,4ms
[2024-10-31T12:45:32.074-0400][0,828s][info][gc,phases   ] GC(2)   Post Evacuate Collection Set: 0,3ms
[2024-10-31T12:45:32.074-0400][0,828s][info][gc,phases   ] GC(2)   Other: 0,1ms
[2024-10-31T12:45:32.074-0400][0,828s][info][gc,heap     ] GC(2) Eden regions: 58->0(76)
[2024-10-31T12:45:32.074-0400][0,828s][info][gc,heap     ] GC(2) Survivor regions: 4->8(8)
[2024-10-31T12:45:32.074-0400][0,828s][info][gc,heap     ] GC(2) Old regions: 6->17
[2024-10-31T12:45:32.074-0400][0,828s][info][gc,heap     ] GC(2) Archive regions: 2->2
[2024-10-31T12:45:32.074-0400][0,828s][info][gc,heap     ] GC(2) Humongous regions: 4->3
[2024-10-31T12:45:32.074-0400][0,828s][info][gc,metaspace] GC(2) Metaspace: 13548K(13824K)->13548K(13824K) NonClass: 12158K(12288K)->12158K(12288K) Class: 1389K(1536K)->1389K(1536K)
[2024-10-31T12:45:32.074-0400][0,828s][info][gc          ] GC(2) Pause Young (Normal) (G1 Evacuation Pause) 71M->28M(386M) 10,047ms
[2024-10-31T12:45:32.074-0400][0,828s][info][gc,cpu      ] GC(2) User=0,02s Sys=0,07s Real=0,01s
[2024-10-31T12:45:32.359-0400][1,114s][info][gc,start    ] GC(3) Pause Young (Normal) (G1 Evacuation Pause)
[2024-10-31T12:45:32.359-0400][1,114s][info][gc,task     ] GC(3) Using 9 workers of 10 for evacuation
[2024-10-31T12:45:32.363-0400][1,118s][info][gc,phases   ] GC(3)   Pre Evacuate Collection Set: 0,1ms
[2024-10-31T12:45:32.363-0400][1,118s][info][gc,phases   ] GC(3)   Merge Heap Roots: 0,0ms
[2024-10-31T12:45:32.363-0400][1,118s][info][gc,phases   ] GC(3)   Evacuate Collection Set: 4,1ms
[2024-10-31T12:45:32.363-0400][1,118s][info][gc,phases   ] GC(3)   Post Evacuate Collection Set: 0,2ms
[2024-10-31T12:45:32.363-0400][1,118s][info][gc,phases   ] GC(3)   Other: 0,1ms
[2024-10-31T12:45:32.363-0400][1,118s][info][gc,heap     ] GC(3) Eden regions: 76->0(226)
[2024-10-31T12:45:32.363-0400][1,118s][info][gc,heap     ] GC(3) Survivor regions: 8->4(11)
[2024-10-31T12:45:32.363-0400][1,118s][info][gc,heap     ] GC(3) Old regions: 17->26
[2024-10-31T12:45:32.363-0400][1,118s][info][gc,heap     ] GC(3) Archive regions: 2->2
[2024-10-31T12:45:32.363-0400][1,118s][info][gc,heap     ] GC(3) Humongous regions: 4->3
[2024-10-31T12:45:32.363-0400][1,118s][info][gc,metaspace] GC(3) Metaspace: 14406K(14656K)->14406K(14656K) NonClass: 12946K(13056K)->12946K(13056K) Class: 1460K(1600K)->1460K(1600K)
[2024-10-31T12:45:32.363-0400][1,118s][info][gc          ] GC(3) Pause Young (Normal) (G1 Evacuation Pause) 105M->32M(386M) 4,583ms
[2024-10-31T12:45:32.363-0400][1,118s][info][gc,cpu      ] GC(3) User=0,04s Sys=0,00s Real=0,00s
[2024-10-31T12:45:32.723-0400][1,478s][info][gc,start    ] GC(4) Pause Young (Normal) (G1 Evacuation Pause)
[2024-10-31T12:45:32.723-0400][1,478s][info][gc,task     ] GC(4) Using 9 workers of 10 for evacuation
[2024-10-31T12:45:32.727-0400][1,482s][info][gc,phases   ] GC(4)   Pre Evacuate Collection Set: 0,1ms
[2024-10-31T12:45:32.727-0400][1,482s][info][gc,phases   ] GC(4)   Merge Heap Roots: 0,1ms
[2024-10-31T12:45:32.727-0400][1,482s][info][gc,phases   ] GC(4)   Evacuate Collection Set: 3,8ms
[2024-10-31T12:45:32.727-0400][1,482s][info][gc,phases   ] GC(4)   Post Evacuate Collection Set: 0,3ms
[2024-10-31T12:45:32.727-0400][1,482s][info][gc,phases   ] GC(4)   Other: 0,1ms
[2024-10-31T12:45:32.727-0400][1,482s][info][gc,heap     ] GC(4) Eden regions: 226->0(224)
[2024-10-31T12:45:32.727-0400][1,482s][info][gc,heap     ] GC(4) Survivor regions: 4->6(29)
[2024-10-31T12:45:32.727-0400][1,482s][info][gc,heap     ] GC(4) Old regions: 26->26
[2024-10-31T12:45:32.727-0400][1,482s][info][gc,heap     ] GC(4) Archive regions: 2->2
[2024-10-31T12:45:32.727-0400][1,482s][info][gc,heap     ] GC(4) Humongous regions: 3->3
[2024-10-31T12:45:32.727-0400][1,482s][info][gc,metaspace] GC(4) Metaspace: 14461K(14784K)->14461K(14784K) NonClass: 13000K(13184K)->13000K(13184K) Class: 1460K(1600K)->1460K(1600K)
[2024-10-31T12:45:32.727-0400][1,482s][info][gc          ] GC(4) Pause Young (Normal) (G1 Evacuation Pause) 258M->34M(386M) 4,321ms
[2024-10-31T12:45:32.727-0400][1,482s][info][gc,cpu      ] GC(4) User=0,03s Sys=0,02s Real=0,01s
[2024-10-31T12:45:33.114-0400][1,869s][info][gc,start    ] GC(5) Pause Young (Normal) (G1 Evacuation Pause)
[2024-10-31T12:45:33.114-0400][1,869s][info][gc,task     ] GC(5) Using 9 workers of 10 for evacuation
[2024-10-31T12:45:33.116-0400][1,871s][info][gc,phases   ] GC(5)   Pre Evacuate Collection Set: 0,1ms
[2024-10-31T12:45:33.117-0400][1,871s][info][gc,phases   ] GC(5)   Merge Heap Roots: 0,1ms
[2024-10-31T12:45:33.117-0400][1,871s][info][gc,phases   ] GC(5)   Evacuate Collection Set: 2,2ms
[2024-10-31T12:45:33.117-0400][1,871s][info][gc,phases   ] GC(5)   Post Evacuate Collection Set: 0,3ms
[2024-10-31T12:45:33.117-0400][1,871s][info][gc,phases   ] GC(5)   Other: 0,1ms
[2024-10-31T12:45:33.117-0400][1,871s][info][gc,heap     ] GC(5) Eden regions: 224->0(222)
[2024-10-31T12:45:33.117-0400][1,871s][info][gc,heap     ] GC(5) Survivor regions: 6->8(29)
[2024-10-31T12:45:33.117-0400][1,871s][info][gc,heap     ] GC(5) Old regions: 26->26
[2024-10-31T12:45:33.117-0400][1,871s][info][gc,heap     ] GC(5) Archive regions: 2->2
[2024-10-31T12:45:33.117-0400][1,871s][info][gc,heap     ] GC(5) Humongous regions: 3->3
[2024-10-31T12:45:33.117-0400][1,871s][info][gc,metaspace] GC(5) Metaspace: 14486K(14784K)->14486K(14784K) NonClass: 13024K(13184K)->13024K(13184K) Class: 1461K(1600K)->1461K(1600K)
[2024-10-31T12:45:33.117-0400][1,871s][info][gc          ] GC(5) Pause Young (Normal) (G1 Evacuation Pause) 258M->36M(386M) 2,700ms
[2024-10-31T12:45:33.117-0400][1,871s][info][gc,cpu      ] GC(5) User=0,02s Sys=0,01s Real=0,00s
[2024-10-31T12:45:33.574-0400][2,329s][info][gc,start    ] GC(6) Pause Young (Normal) (G1 Evacuation Pause)
[2024-10-31T12:45:33.574-0400][2,329s][info][gc,task     ] GC(6) Using 9 workers of 10 for evacuation
[2024-10-31T12:45:33.576-0400][2,331s][info][gc,phases   ] GC(6)   Pre Evacuate Collection Set: 0,1ms
[2024-10-31T12:45:33.576-0400][2,331s][info][gc,phases   ] GC(6)   Merge Heap Roots: 0,0ms
[2024-10-31T12:45:33.576-0400][2,331s][info][gc,phases   ] GC(6)   Evacuate Collection Set: 1,4ms
[2024-10-31T12:45:33.576-0400][2,331s][info][gc,phases   ] GC(6)   Post Evacuate Collection Set: 0,3ms
[2024-10-31T12:45:33.576-0400][2,331s][info][gc,phases   ] GC(6)   Other: 0,1ms
[2024-10-31T12:45:33.576-0400][2,331s][info][gc,heap     ] GC(6) Eden regions: 222->0(224)
[2024-10-31T12:45:33.576-0400][2,331s][info][gc,heap     ] GC(6) Survivor regions: 8->6(29)
[2024-10-31T12:45:33.576-0400][2,331s][info][gc,heap     ] GC(6) Old regions: 26->26
[2024-10-31T12:45:33.576-0400][2,331s][info][gc,heap     ] GC(6) Archive regions: 2->2
[2024-10-31T12:45:33.576-0400][2,331s][info][gc,heap     ] GC(6) Humongous regions: 5->3
[2024-10-31T12:45:33.576-0400][2,331s][info][gc,metaspace] GC(6) Metaspace: 15468K(15744K)->15468K(15744K) NonClass: 13939K(14080K)->13939K(14080K) Class: 1528K(1664K)->1528K(1664K)
[2024-10-31T12:45:33.576-0400][2,331s][info][gc          ] GC(6) Pause Young (Normal) (G1 Evacuation Pause) 260M->34M(386M) 1,983ms
[2024-10-31T12:45:33.576-0400][2,331s][info][gc,cpu      ] GC(6) User=0,02s Sys=0,00s Real=0,00s
[2024-10-31T12:45:33.952-0400][2,707s][info][gc,start    ] GC(7) Pause Young (Concurrent Start) (Metadata GC Threshold)
[2024-10-31T12:45:33.952-0400][2,707s][info][gc,task     ] GC(7) Using 9 workers of 10 for evacuation
[2024-10-31T12:45:33.955-0400][2,709s][info][gc,phases   ] GC(7)   Pre Evacuate Collection Set: 0,1ms
[2024-10-31T12:45:33.955-0400][2,709s][info][gc,phases   ] GC(7)   Merge Heap Roots: 0,0ms
[2024-10-31T12:45:33.955-0400][2,709s][info][gc,phases   ] GC(7)   Evacuate Collection Set: 2,1ms
[2024-10-31T12:45:33.955-0400][2,709s][info][gc,phases   ] GC(7)   Post Evacuate Collection Set: 0,3ms
[2024-10-31T12:45:33.955-0400][2,709s][info][gc,phases   ] GC(7)   Other: 0,1ms
[2024-10-31T12:45:33.955-0400][2,709s][info][gc,heap     ] GC(7) Eden regions: 131->0(222)
[2024-10-31T12:45:33.955-0400][2,709s][info][gc,heap     ] GC(7) Survivor regions: 6->8(29)
[2024-10-31T12:45:33.955-0400][2,709s][info][gc,heap     ] GC(7) Old regions: 26->26
[2024-10-31T12:45:33.955-0400][2,709s][info][gc,heap     ] GC(7) Archive regions: 2->2
[2024-10-31T12:45:33.955-0400][2,709s][info][gc,heap     ] GC(7) Humongous regions: 3->3
[2024-10-31T12:45:33.955-0400][2,709s][info][gc,metaspace] GC(7) Metaspace: 21283K(21504K)->21283K(21504K) NonClass: 19010K(19136K)->19010K(19136K) Class: 2273K(2368K)->2273K(2368K)
[2024-10-31T12:45:33.955-0400][2,709s][info][gc          ] GC(7) Pause Young (Concurrent Start) (Metadata GC Threshold) 165M->36M(386M) 2,688ms
[2024-10-31T12:45:33.955-0400][2,709s][info][gc,cpu      ] GC(7) User=0,02s Sys=0,00s Real=0,00s
[2024-10-31T12:45:33.955-0400][2,709s][info][gc          ] GC(8) Concurrent Mark Cycle
[2024-10-31T12:45:33.955-0400][2,709s][info][gc,marking  ] GC(8) Concurrent Clear Claimed Marks
[2024-10-31T12:45:33.955-0400][2,710s][info][gc,marking  ] GC(8) Concurrent Clear Claimed Marks 0,014ms
[2024-10-31T12:45:33.955-0400][2,710s][info][gc,marking  ] GC(8) Concurrent Scan Root Regions
[2024-10-31T12:45:33.956-0400][2,711s][info][gc,marking  ] GC(8) Concurrent Scan Root Regions 1,548ms
[2024-10-31T12:45:33.956-0400][2,711s][info][gc,marking  ] GC(8) Concurrent Mark
[2024-10-31T12:45:33.956-0400][2,711s][info][gc,marking  ] GC(8) Concurrent Mark From Roots
[2024-10-31T12:45:33.956-0400][2,711s][info][gc,task     ] GC(8) Using 3 workers of 3 for marking
[2024-10-31T12:45:33.962-0400][2,717s][info][gc,marking  ] GC(8) Concurrent Mark From Roots 5,875ms
[2024-10-31T12:45:33.962-0400][2,717s][info][gc,marking  ] GC(8) Concurrent Preclean
[2024-10-31T12:45:33.962-0400][2,717s][info][gc,marking  ] GC(8) Concurrent Preclean 0,140ms
[2024-10-31T12:45:33.963-0400][2,717s][info][gc,start    ] GC(8) Pause Remark
[2024-10-31T12:45:33.964-0400][2,719s][info][gc          ] GC(8) Pause Remark 39M->39M(384M) 1,921ms
[2024-10-31T12:45:33.964-0400][2,719s][info][gc,cpu      ] GC(8) User=0,02s Sys=0,00s Real=0,00s
[2024-10-31T12:45:33.964-0400][2,719s][info][gc,marking  ] GC(8) Concurrent Mark 8,122ms
[2024-10-31T12:45:33.965-0400][2,719s][info][gc,marking  ] GC(8) Concurrent Rebuild Remembered Sets
[2024-10-31T12:45:33.967-0400][2,722s][info][gc,marking  ] GC(8) Concurrent Rebuild Remembered Sets 2,836ms
[2024-10-31T12:45:33.967-0400][2,722s][info][gc,start    ] GC(8) Pause Cleanup
[2024-10-31T12:45:33.967-0400][2,722s][info][gc          ] GC(8) Pause Cleanup 39M->39M(384M) 0,081ms
[2024-10-31T12:45:33.967-0400][2,722s][info][gc,cpu      ] GC(8) User=0,00s Sys=0,00s Real=0,00s
[2024-10-31T12:45:33.968-0400][2,722s][info][gc,marking  ] GC(8) Concurrent Cleanup for Next Mark
[2024-10-31T12:45:33.969-0400][2,724s][info][gc,marking  ] GC(8) Concurrent Cleanup for Next Mark 1,411ms
[2024-10-31T12:45:33.969-0400][2,724s][info][gc          ] GC(8) Concurrent Mark Cycle 14,170ms
[2024-10-31T12:45:34.579-0400][3,333s][info][gc,start    ] GC(9) Pause Young (Normal) (G1 Evacuation Pause)
[2024-10-31T12:45:34.579-0400][3,333s][info][gc,task     ] GC(9) Using 10 workers of 10 for evacuation
[2024-10-31T12:45:34.589-0400][3,344s][info][gc,phases   ] GC(9)   Pre Evacuate Collection Set: 0,1ms
[2024-10-31T12:45:34.589-0400][3,344s][info][gc,phases   ] GC(9)   Merge Heap Roots: 0,1ms
[2024-10-31T12:45:34.589-0400][3,344s][info][gc,phases   ] GC(9)   Evacuate Collection Set: 9,6ms
[2024-10-31T12:45:34.589-0400][3,344s][info][gc,phases   ] GC(9)   Post Evacuate Collection Set: 0,6ms
[2024-10-31T12:45:34.589-0400][3,344s][info][gc,phases   ] GC(9)   Other: 0,1ms
[2024-10-31T12:45:34.589-0400][3,344s][info][gc,heap     ] GC(9) Eden regions: 222->0(206)
[2024-10-31T12:45:34.589-0400][3,344s][info][gc,heap     ] GC(9) Survivor regions: 8->24(29)
[2024-10-31T12:45:34.589-0400][3,344s][info][gc,heap     ] GC(9) Old regions: 26->26
[2024-10-31T12:45:34.589-0400][3,344s][info][gc,heap     ] GC(9) Archive regions: 2->2
[2024-10-31T12:45:34.589-0400][3,344s][info][gc,heap     ] GC(9) Humongous regions: 6->3
[2024-10-31T12:45:34.589-0400][3,344s][info][gc,metaspace] GC(9) Metaspace: 31426K(31872K)->31426K(31872K) NonClass: 27819K(28032K)->27819K(28032K) Class: 3607K(3840K)->3607K(3840K)
[2024-10-31T12:45:34.589-0400][3,344s][info][gc          ] GC(9) Pause Young (Normal) (G1 Evacuation Pause) 261M->52M(384M) 10,446ms
[2024-10-31T12:45:34.589-0400][3,344s][info][gc,cpu      ] GC(9) User=0,07s Sys=0,03s Real=0,01s
