[2024-10-31T13:02:10.710-0400][0.002s][info][gc] Using G1
[2024-10-31T13:02:10.712-0400][0.005s][info][gc,init] Version: 17.0.12+7 (release)
[2024-10-31T13:02:10.712-0400][0.005s][info][gc,init] CPUs: 12 total, 12 available
[2024-10-31T13:02:10.712-0400][0.005s][info][gc,init] Memory: 31966M
[2024-10-31T13:02:10.712-0400][0.005s][info][gc,init] Large Page Support: Disabled
[2024-10-31T13:02:10.712-0400][0.005s][info][gc,init] NUMA Support: Disabled
[2024-10-31T13:02:10.712-0400][0.005s][info][gc,init] Compressed Oops: Enabled (32-bit)
[2024-10-31T13:02:10.712-0400][0.005s][info][gc,init] Heap Region Size: 1M
[2024-10-31T13:02:10.712-0400][0.005s][info][gc,init] Heap Min Capacity: 384M
[2024-10-31T13:02:10.712-0400][0.005s][info][gc,init] Heap Initial Capacity: 384M
[2024-10-31T13:02:10.712-0400][0.005s][info][gc,init] Heap Max Capacity: 2G
[2024-10-31T13:02:10.712-0400][0.005s][info][gc,init] Pre-touch: Disabled
[2024-10-31T13:02:10.712-0400][0.005s][info][gc,init] Parallel Workers: 10
[2024-10-31T13:02:10.712-0400][0.005s][info][gc,init] Concurrent Workers: 3
[2024-10-31T13:02:10.712-0400][0.005s][info][gc,init] Concurrent Refinement Workers: 10
[2024-10-31T13:02:10.712-0400][0.005s][info][gc,init] Periodic GC: Disabled
[2024-10-31T13:02:10.717-0400][0.009s][info][gc,metaspace] CDS archive(s) mapped at: [0x000079888b000000-0x000079888bbc7000-0x000079888bbc7000), size 12349440, SharedBaseAddress: 0x000079888b000000, ArchiveRelocationMode: 1.
[2024-10-31T13:02:10.717-0400][0.009s][info][gc,metaspace] Compressed class space mapped at: 0x000079888c000000-0x00007988cc000000, reserved size: 1073741824
[2024-10-31T13:02:10.717-0400][0.009s][info][gc,metaspace] Narrow klass base: 0x000079888b000000, Narrow klass shift: 0, Narrow klass range: 0x100000000
[2024-10-31T13:02:11.038-0400][0,330s][info][gc,start    ] GC(0) Pause Young (Normal) (G1 Evacuation Pause)
[2024-10-31T13:02:11.039-0400][0,331s][info][gc,task     ] GC(0) Using 9 workers of 10 for evacuation
[2024-10-31T13:02:11.043-0400][0,335s][info][gc,phases   ] GC(0)   Pre Evacuate Collection Set: 0,1ms
[2024-10-31T13:02:11.043-0400][0,335s][info][gc,phases   ] GC(0)   Merge Heap Roots: 0,1ms
[2024-10-31T13:02:11.043-0400][0,335s][info][gc,phases   ] GC(0)   Evacuate Collection Set: 3,7ms
[2024-10-31T13:02:11.043-0400][0,335s][info][gc,phases   ] GC(0)   Post Evacuate Collection Set: 0,2ms
[2024-10-31T13:02:11.043-0400][0,335s][info][gc,phases   ] GC(0)   Other: 0,7ms
[2024-10-31T13:02:11.043-0400][0,335s][info][gc,heap     ] GC(0) Eden regions: 23->0(31)
[2024-10-31T13:02:11.043-0400][0,335s][info][gc,heap     ] GC(0) Survivor regions: 0->3(3)
[2024-10-31T13:02:11.043-0400][0,335s][info][gc,heap     ] GC(0) Old regions: 0->3
[2024-10-31T13:02:11.043-0400][0,335s][info][gc,heap     ] GC(0) Archive regions: 2->2
[2024-10-31T13:02:11.043-0400][0,335s][info][gc,heap     ] GC(0) Humongous regions: 0->0
[2024-10-31T13:02:11.043-0400][0,335s][info][gc,metaspace] GC(0) Metaspace: 9532K(9728K)->9532K(9728K) NonClass: 8539K(8640K)->8539K(8640K) Class: 993K(1088K)->993K(1088K)
[2024-10-31T13:02:11.043-0400][0,335s][info][gc          ] GC(0) Pause Young (Normal) (G1 Evacuation Pause) 23M->6M(386M) 4,749ms
[2024-10-31T13:02:11.043-0400][0,335s][info][gc,cpu      ] GC(0) User=0,00s Sys=0,03s Real=0,00s
[2024-10-31T13:02:11.301-0400][0,593s][info][gc,start    ] GC(1) Pause Young (Normal) (G1 Evacuation Pause)
[2024-10-31T13:02:11.301-0400][0,593s][info][gc,task     ] GC(1) Using 9 workers of 10 for evacuation
[2024-10-31T13:02:11.305-0400][0,598s][info][gc,phases   ] GC(1)   Pre Evacuate Collection Set: 0,1ms
[2024-10-31T13:02:11.305-0400][0,598s][info][gc,phases   ] GC(1)   Merge Heap Roots: 0,0ms
[2024-10-31T13:02:11.305-0400][0,598s][info][gc,phases   ] GC(1)   Evacuate Collection Set: 3,8ms
[2024-10-31T13:02:11.305-0400][0,598s][info][gc,phases   ] GC(1)   Post Evacuate Collection Set: 0,4ms
[2024-10-31T13:02:11.305-0400][0,598s][info][gc,phases   ] GC(1)   Other: 0,1ms
[2024-10-31T13:02:11.305-0400][0,598s][info][gc,heap     ] GC(1) Eden regions: 31->0(58)
[2024-10-31T13:02:11.305-0400][0,598s][info][gc,heap     ] GC(1) Survivor regions: 3->4(5)
[2024-10-31T13:02:11.305-0400][0,598s][info][gc,heap     ] GC(1) Old regions: 3->6
[2024-10-31T13:02:11.305-0400][0,598s][info][gc,heap     ] GC(1) Archive regions: 2->2
[2024-10-31T13:02:11.305-0400][0,598s][info][gc,heap     ] GC(1) Humongous regions: 2->0
[2024-10-31T13:02:11.305-0400][0,598s][info][gc,metaspace] GC(1) Metaspace: 12319K(12544K)->12319K(12544K) NonClass: 11065K(11136K)->11065K(11136K) Class: 1254K(1408K)->1254K(1408K)
[2024-10-31T13:02:11.305-0400][0,598s][info][gc          ] GC(1) Pause Young (Normal) (G1 Evacuation Pause) 39M->9M(386M) 4,420ms
[2024-10-31T13:02:11.305-0400][0,598s][info][gc,cpu      ] GC(1) User=0,04s Sys=0,01s Real=0,00s
[2024-10-31T13:02:11.515-0400][0,808s][info][gc,start    ] GC(2) Pause Young (Normal) (G1 Evacuation Pause)
[2024-10-31T13:02:11.515-0400][0,808s][info][gc,task     ] GC(2) Using 9 workers of 10 for evacuation
[2024-10-31T13:02:11.525-0400][0,818s][info][gc,phases   ] GC(2)   Pre Evacuate Collection Set: 0,1ms
[2024-10-31T13:02:11.525-0400][0,818s][info][gc,phases   ] GC(2)   Merge Heap Roots: 0,0ms
[2024-10-31T13:02:11.525-0400][0,818s][info][gc,phases   ] GC(2)   Evacuate Collection Set: 9,5ms
[2024-10-31T13:02:11.525-0400][0,818s][info][gc,phases   ] GC(2)   Post Evacuate Collection Set: 0,4ms
[2024-10-31T13:02:11.525-0400][0,818s][info][gc,phases   ] GC(2)   Other: 0,1ms
[2024-10-31T13:02:11.525-0400][0,818s][info][gc,heap     ] GC(2) Eden regions: 58->0(75)
[2024-10-31T13:02:11.525-0400][0,818s][info][gc,heap     ] GC(2) Survivor regions: 4->8(8)
[2024-10-31T13:02:11.525-0400][0,818s][info][gc,heap     ] GC(2) Old regions: 6->17
[2024-10-31T13:02:11.525-0400][0,818s][info][gc,heap     ] GC(2) Archive regions: 2->2
[2024-10-31T13:02:11.525-0400][0,818s][info][gc,heap     ] GC(2) Humongous regions: 4->3
[2024-10-31T13:02:11.525-0400][0,818s][info][gc,metaspace] GC(2) Metaspace: 13520K(13824K)->13520K(13824K) NonClass: 12131K(12288K)->12131K(12288K) Class: 1389K(1536K)->1389K(1536K)
[2024-10-31T13:02:11.525-0400][0,818s][info][gc          ] GC(2) Pause Young (Normal) (G1 Evacuation Pause) 71M->28M(386M) 10,052ms
[2024-10-31T13:02:11.525-0400][0,818s][info][gc,cpu      ] GC(2) User=0,05s Sys=0,05s Real=0,01s
[2024-10-31T13:02:11.830-0400][1,122s][info][gc,start    ] GC(3) Pause Young (Normal) (G1 Evacuation Pause)
[2024-10-31T13:02:11.830-0400][1,122s][info][gc,task     ] GC(3) Using 9 workers of 10 for evacuation
[2024-10-31T13:02:11.836-0400][1,128s][info][gc,phases   ] GC(3)   Pre Evacuate Collection Set: 0,1ms
[2024-10-31T13:02:11.836-0400][1,128s][info][gc,phases   ] GC(3)   Merge Heap Roots: 0,0ms
[2024-10-31T13:02:11.836-0400][1,128s][info][gc,phases   ] GC(3)   Evacuate Collection Set: 5,6ms
[2024-10-31T13:02:11.836-0400][1,128s][info][gc,phases   ] GC(3)   Post Evacuate Collection Set: 0,3ms
[2024-10-31T13:02:11.836-0400][1,128s][info][gc,phases   ] GC(3)   Other: 0,1ms
[2024-10-31T13:02:11.836-0400][1,128s][info][gc,heap     ] GC(3) Eden regions: 75->0(226)
[2024-10-31T13:02:11.836-0400][1,128s][info][gc,heap     ] GC(3) Survivor regions: 8->4(11)
[2024-10-31T13:02:11.836-0400][1,128s][info][gc,heap     ] GC(3) Old regions: 17->26
[2024-10-31T13:02:11.836-0400][1,128s][info][gc,heap     ] GC(3) Archive regions: 2->2
[2024-10-31T13:02:11.836-0400][1,128s][info][gc,heap     ] GC(3) Humongous regions: 4->3
[2024-10-31T13:02:11.836-0400][1,128s][info][gc,metaspace] GC(3) Metaspace: 14394K(14656K)->14394K(14656K) NonClass: 12933K(13056K)->12933K(13056K) Class: 1460K(1600K)->1460K(1600K)
[2024-10-31T13:02:11.836-0400][1,128s][info][gc          ] GC(3) Pause Young (Normal) (G1 Evacuation Pause) 104M->33M(386M) 6,169ms
[2024-10-31T13:02:11.836-0400][1,128s][info][gc,cpu      ] GC(3) User=0,03s Sys=0,03s Real=0,00s
[2024-10-31T13:02:12.282-0400][1,574s][info][gc,start    ] GC(4) Pause Young (Normal) (G1 Evacuation Pause)
[2024-10-31T13:02:12.282-0400][1,574s][info][gc,task     ] GC(4) Using 9 workers of 10 for evacuation
[2024-10-31T13:02:12.287-0400][1,579s][info][gc,phases   ] GC(4)   Pre Evacuate Collection Set: 0,1ms
[2024-10-31T13:02:12.287-0400][1,579s][info][gc,phases   ] GC(4)   Merge Heap Roots: 0,1ms
[2024-10-31T13:02:12.287-0400][1,579s][info][gc,phases   ] GC(4)   Evacuate Collection Set: 4,3ms
[2024-10-31T13:02:12.287-0400][1,579s][info][gc,phases   ] GC(4)   Post Evacuate Collection Set: 0,3ms
[2024-10-31T13:02:12.287-0400][1,579s][info][gc,phases   ] GC(4)   Other: 0,1ms
[2024-10-31T13:02:12.287-0400][1,579s][info][gc,heap     ] GC(4) Eden regions: 226->0(224)
[2024-10-31T13:02:12.287-0400][1,579s][info][gc,heap     ] GC(4) Survivor regions: 4->6(29)
[2024-10-31T13:02:12.287-0400][1,579s][info][gc,heap     ] GC(4) Old regions: 26->26
[2024-10-31T13:02:12.287-0400][1,579s][info][gc,heap     ] GC(4) Archive regions: 2->2
[2024-10-31T13:02:12.287-0400][1,579s][info][gc,heap     ] GC(4) Humongous regions: 3->3
[2024-10-31T13:02:12.287-0400][1,579s][info][gc,metaspace] GC(4) Metaspace: 14447K(14656K)->14447K(14656K) NonClass: 12987K(13056K)->12987K(13056K) Class: 1460K(1600K)->1460K(1600K)
[2024-10-31T13:02:12.287-0400][1,579s][info][gc          ] GC(4) Pause Young (Normal) (G1 Evacuation Pause) 259M->34M(386M) 4,957ms
[2024-10-31T13:02:12.287-0400][1,579s][info][gc,cpu      ] GC(4) User=0,01s Sys=0,03s Real=0,00s
[2024-10-31T13:02:12.674-0400][1,966s][info][gc,start    ] GC(5) Pause Young (Normal) (G1 Evacuation Pause)
[2024-10-31T13:02:12.674-0400][1,966s][info][gc,task     ] GC(5) Using 9 workers of 10 for evacuation
[2024-10-31T13:02:12.677-0400][1,969s][info][gc,phases   ] GC(5)   Pre Evacuate Collection Set: 0,1ms
[2024-10-31T13:02:12.677-0400][1,969s][info][gc,phases   ] GC(5)   Merge Heap Roots: 0,1ms
[2024-10-31T13:02:12.677-0400][1,969s][info][gc,phases   ] GC(5)   Evacuate Collection Set: 2,4ms
[2024-10-31T13:02:12.677-0400][1,969s][info][gc,phases   ] GC(5)   Post Evacuate Collection Set: 0,3ms
[2024-10-31T13:02:12.677-0400][1,969s][info][gc,phases   ] GC(5)   Other: 0,1ms
[2024-10-31T13:02:12.677-0400][1,969s][info][gc,heap     ] GC(5) Eden regions: 224->0(222)
[2024-10-31T13:02:12.677-0400][1,969s][info][gc,heap     ] GC(5) Survivor regions: 6->8(29)
[2024-10-31T13:02:12.677-0400][1,969s][info][gc,heap     ] GC(5) Old regions: 26->26
[2024-10-31T13:02:12.677-0400][1,969s][info][gc,heap     ] GC(5) Archive regions: 2->2
[2024-10-31T13:02:12.677-0400][1,969s][info][gc,heap     ] GC(5) Humongous regions: 3->3
[2024-10-31T13:02:12.677-0400][1,969s][info][gc,metaspace] GC(5) Metaspace: 14470K(14784K)->14470K(14784K) NonClass: 13008K(13184K)->13008K(13184K) Class: 1461K(1600K)->1461K(1600K)
[2024-10-31T13:02:12.677-0400][1,969s][info][gc          ] GC(5) Pause Young (Normal) (G1 Evacuation Pause) 258M->36M(386M) 3,011ms
[2024-10-31T13:02:12.677-0400][1,969s][info][gc,cpu      ] GC(5) User=0,02s Sys=0,00s Real=0,00s
[2024-10-31T13:02:13.218-0400][2,510s][info][gc,start    ] GC(6) Pause Young (Normal) (G1 Evacuation Pause)
[2024-10-31T13:02:13.218-0400][2,510s][info][gc,task     ] GC(6) Using 9 workers of 10 for evacuation
[2024-10-31T13:02:13.220-0400][2,512s][info][gc,phases   ] GC(6)   Pre Evacuate Collection Set: 0,1ms
[2024-10-31T13:02:13.220-0400][2,512s][info][gc,phases   ] GC(6)   Merge Heap Roots: 0,1ms
[2024-10-31T13:02:13.220-0400][2,512s][info][gc,phases   ] GC(6)   Evacuate Collection Set: 1,6ms
[2024-10-31T13:02:13.220-0400][2,512s][info][gc,phases   ] GC(6)   Post Evacuate Collection Set: 0,3ms
[2024-10-31T13:02:13.220-0400][2,512s][info][gc,phases   ] GC(6)   Other: 0,1ms
[2024-10-31T13:02:13.220-0400][2,512s][info][gc,heap     ] GC(6) Eden regions: 222->0(224)
[2024-10-31T13:02:13.220-0400][2,512s][info][gc,heap     ] GC(6) Survivor regions: 8->6(29)
[2024-10-31T13:02:13.220-0400][2,512s][info][gc,heap     ] GC(6) Old regions: 26->26
[2024-10-31T13:02:13.220-0400][2,512s][info][gc,heap     ] GC(6) Archive regions: 2->2
[2024-10-31T13:02:13.220-0400][2,512s][info][gc,heap     ] GC(6) Humongous regions: 5->3
[2024-10-31T13:02:13.220-0400][2,512s][info][gc,metaspace] GC(6) Metaspace: 15440K(15680K)->15440K(15680K) NonClass: 13911K(14016K)->13911K(14016K) Class: 1528K(1664K)->1528K(1664K)
[2024-10-31T13:02:13.220-0400][2,512s][info][gc          ] GC(6) Pause Young (Normal) (G1 Evacuation Pause) 260M->35M(386M) 2,107ms
[2024-10-31T13:02:13.220-0400][2,512s][info][gc,cpu      ] GC(6) User=0,01s Sys=0,00s Real=0,00s
[2024-10-31T13:02:13.619-0400][2,912s][info][gc,start    ] GC(7) Pause Young (Concurrent Start) (Metadata GC Threshold)
[2024-10-31T13:02:13.619-0400][2,912s][info][gc,task     ] GC(7) Using 9 workers of 10 for evacuation
[2024-10-31T13:02:13.622-0400][2,915s][info][gc,phases   ] GC(7)   Pre Evacuate Collection Set: 0,1ms
[2024-10-31T13:02:13.622-0400][2,915s][info][gc,phases   ] GC(7)   Merge Heap Roots: 0,0ms
[2024-10-31T13:02:13.622-0400][2,915s][info][gc,phases   ] GC(7)   Evacuate Collection Set: 2,4ms
[2024-10-31T13:02:13.622-0400][2,915s][info][gc,phases   ] GC(7)   Post Evacuate Collection Set: 0,4ms
[2024-10-31T13:02:13.622-0400][2,915s][info][gc,phases   ] GC(7)   Other: 0,2ms
[2024-10-31T13:02:13.622-0400][2,915s][info][gc,heap     ] GC(7) Eden regions: 132->0(222)
[2024-10-31T13:02:13.622-0400][2,915s][info][gc,heap     ] GC(7) Survivor regions: 6->8(29)
[2024-10-31T13:02:13.622-0400][2,915s][info][gc,heap     ] GC(7) Old regions: 26->26
[2024-10-31T13:02:13.622-0400][2,915s][info][gc,heap     ] GC(7) Archive regions: 2->2
[2024-10-31T13:02:13.622-0400][2,915s][info][gc,heap     ] GC(7) Humongous regions: 3->3
[2024-10-31T13:02:13.622-0400][2,915s][info][gc,metaspace] GC(7) Metaspace: 21282K(21504K)->21282K(21504K) NonClass: 19005K(19136K)->19005K(19136K) Class: 2276K(2368K)->2276K(2368K)
[2024-10-31T13:02:13.622-0400][2,915s][info][gc          ] GC(7) Pause Young (Concurrent Start) (Metadata GC Threshold) 167M->37M(386M) 3,082ms
[2024-10-31T13:02:13.622-0400][2,915s][info][gc,cpu      ] GC(7) User=0,03s Sys=0,00s Real=0,00s
[2024-10-31T13:02:13.622-0400][2,915s][info][gc          ] GC(8) Concurrent Mark Cycle
[2024-10-31T13:02:13.622-0400][2,915s][info][gc,marking  ] GC(8) Concurrent Clear Claimed Marks
[2024-10-31T13:02:13.622-0400][2,915s][info][gc,marking  ] GC(8) Concurrent Clear Claimed Marks 0,018ms
[2024-10-31T13:02:13.622-0400][2,915s][info][gc,marking  ] GC(8) Concurrent Scan Root Regions
[2024-10-31T13:02:13.624-0400][2,917s][info][gc,marking  ] GC(8) Concurrent Scan Root Regions 1,878ms
[2024-10-31T13:02:13.624-0400][2,917s][info][gc,marking  ] GC(8) Concurrent Mark
[2024-10-31T13:02:13.624-0400][2,917s][info][gc,marking  ] GC(8) Concurrent Mark From Roots
[2024-10-31T13:02:13.624-0400][2,917s][info][gc,task     ] GC(8) Using 3 workers of 3 for marking
[2024-10-31T13:02:13.631-0400][2,923s][info][gc,marking  ] GC(8) Concurrent Mark From Roots 6,518ms
[2024-10-31T13:02:13.631-0400][2,923s][info][gc,marking  ] GC(8) Concurrent Preclean
[2024-10-31T13:02:13.631-0400][2,923s][info][gc,marking  ] GC(8) Concurrent Preclean 0,157ms
[2024-10-31T13:02:13.631-0400][2,923s][info][gc,start    ] GC(8) Pause Remark
[2024-10-31T13:02:13.633-0400][2,925s][info][gc          ] GC(8) Pause Remark 39M->39M(384M) 1,894ms
[2024-10-31T13:02:13.633-0400][2,925s][info][gc,cpu      ] GC(8) User=0,01s Sys=0,00s Real=0,00s
[2024-10-31T13:02:13.633-0400][2,925s][info][gc,marking  ] GC(8) Concurrent Mark 8,708ms
[2024-10-31T13:02:13.633-0400][2,925s][info][gc,marking  ] GC(8) Concurrent Rebuild Remembered Sets
[2024-10-31T13:02:13.636-0400][2,929s][info][gc,marking  ] GC(8) Concurrent Rebuild Remembered Sets 3,368ms
[2024-10-31T13:02:13.636-0400][2,929s][info][gc,start    ] GC(8) Pause Cleanup
[2024-10-31T13:02:13.637-0400][2,929s][info][gc          ] GC(8) Pause Cleanup 39M->39M(384M) 0,083ms
[2024-10-31T13:02:13.637-0400][2,929s][info][gc,cpu      ] GC(8) User=0,00s Sys=0,00s Real=0,00s
[2024-10-31T13:02:13.637-0400][2,929s][info][gc,marking  ] GC(8) Concurrent Cleanup for Next Mark
[2024-10-31T13:02:13.638-0400][2,931s][info][gc,marking  ] GC(8) Concurrent Cleanup for Next Mark 1,634ms
[2024-10-31T13:02:13.638-0400][2,931s][info][gc          ] GC(8) Concurrent Mark Cycle 15,932ms
[2024-10-31T13:02:14.289-0400][3,581s][info][gc,start    ] GC(9) Pause Young (Normal) (G1 Evacuation Pause)
[2024-10-31T13:02:14.289-0400][3,582s][info][gc,task     ] GC(9) Using 10 workers of 10 for evacuation
[2024-10-31T13:02:14.299-0400][3,591s][info][gc,phases   ] GC(9)   Pre Evacuate Collection Set: 0,1ms
[2024-10-31T13:02:14.299-0400][3,591s][info][gc,phases   ] GC(9)   Merge Heap Roots: 0,1ms
[2024-10-31T13:02:14.299-0400][3,591s][info][gc,phases   ] GC(9)   Evacuate Collection Set: 9,2ms
[2024-10-31T13:02:14.299-0400][3,591s][info][gc,phases   ] GC(9)   Post Evacuate Collection Set: 0,6ms
[2024-10-31T13:02:14.299-0400][3,591s][info][gc,phases   ] GC(9)   Other: 0,1ms
[2024-10-31T13:02:14.299-0400][3,592s][info][gc,heap     ] GC(9) Eden regions: 222->0(206)
[2024-10-31T13:02:14.299-0400][3,592s][info][gc,heap     ] GC(9) Survivor regions: 8->24(29)
[2024-10-31T13:02:14.299-0400][3,592s][info][gc,heap     ] GC(9) Old regions: 26->26
[2024-10-31T13:02:14.299-0400][3,592s][info][gc,heap     ] GC(9) Archive regions: 2->2
[2024-10-31T13:02:14.299-0400][3,592s][info][gc,heap     ] GC(9) Humongous regions: 6->3
[2024-10-31T13:02:14.299-0400][3,592s][info][gc,metaspace] GC(9) Metaspace: 31442K(31872K)->31442K(31872K) NonClass: 27830K(28032K)->27830K(28032K) Class: 3611K(3840K)->3611K(3840K)
[2024-10-31T13:02:14.299-0400][3,592s][info][gc          ] GC(9) Pause Young (Normal) (G1 Evacuation Pause) 262M->53M(384M) 10,038ms
[2024-10-31T13:02:14.299-0400][3,592s][info][gc,cpu      ] GC(9) User=0,05s Sys=0,05s Real=0,01s
[2024-10-31T13:02:15.181-0400][4,474s][info][gc,start    ] GC(10) Pause Young (Concurrent Start) (Metadata GC Threshold)
[2024-10-31T13:02:15.181-0400][4,474s][info][gc,task     ] GC(10) Using 9 workers of 10 for evacuation
[2024-10-31T13:02:15.195-0400][4,487s][info][gc,phases   ] GC(10)   Pre Evacuate Collection Set: 0,1ms
[2024-10-31T13:02:15.195-0400][4,487s][info][gc,phases   ] GC(10)   Merge Heap Roots: 0,0ms
[2024-10-31T13:02:15.195-0400][4,487s][info][gc,phases   ] GC(10)   Evacuate Collection Set: 12,7ms
[2024-10-31T13:02:15.195-0400][4,487s][info][gc,phases   ] GC(10)   Post Evacuate Collection Set: 0,3ms
[2024-10-31T13:02:15.195-0400][4,487s][info][gc,phases   ] GC(10)   Other: 0,1ms
[2024-10-31T13:02:15.195-0400][4,487s][info][gc,heap     ] GC(10) Eden regions: 62->0(227)
[2024-10-31T13:02:15.195-0400][4,487s][info][gc,heap     ] GC(10) Survivor regions: 24->3(29)
[2024-10-31T13:02:15.195-0400][4,487s][info][gc,heap     ] GC(10) Old regions: 26->50
[2024-10-31T13:02:15.195-0400][4,487s][info][gc,heap     ] GC(10) Archive regions: 2->2
[2024-10-31T13:02:15.195-0400][4,487s][info][gc,heap     ] GC(10) Humongous regions: 3->3
[2024-10-31T13:02:15.195-0400][4,487s][info][gc,metaspace] GC(10) Metaspace: 35792K(36096K)->35792K(36096K) NonClass: 31597K(31744K)->31597K(31744K) Class: 4195K(4352K)->4195K(4352K)
[2024-10-31T13:02:15.195-0400][4,487s][info][gc          ] GC(10) Pause Young (Concurrent Start) (Metadata GC Threshold) 115M->56M(384M) 13,273ms
[2024-10-31T13:02:15.195-0400][4,487s][info][gc,cpu      ] GC(10) User=0,05s Sys=0,08s Real=0,01s
[2024-10-31T13:02:15.195-0400][4,487s][info][gc          ] GC(11) Concurrent Mark Cycle
[2024-10-31T13:02:15.195-0400][4,487s][info][gc,marking  ] GC(11) Concurrent Clear Claimed Marks
[2024-10-31T13:02:15.195-0400][4,487s][info][gc,marking  ] GC(11) Concurrent Clear Claimed Marks 0,025ms
[2024-10-31T13:02:15.195-0400][4,487s][info][gc,marking  ] GC(11) Concurrent Scan Root Regions
[2024-10-31T13:02:15.198-0400][4,490s][info][gc,marking  ] GC(11) Concurrent Scan Root Regions 2,901ms
[2024-10-31T13:02:15.198-0400][4,490s][info][gc,marking  ] GC(11) Concurrent Mark
[2024-10-31T13:02:15.198-0400][4,490s][info][gc,marking  ] GC(11) Concurrent Mark From Roots
[2024-10-31T13:02:15.198-0400][4,490s][info][gc,task     ] GC(11) Using 3 workers of 3 for marking
[2024-10-31T13:02:15.203-0400][4,495s][info][gc,marking  ] GC(11) Concurrent Mark From Roots 5,244ms
[2024-10-31T13:02:15.203-0400][4,495s][info][gc,marking  ] GC(11) Concurrent Preclean
[2024-10-31T13:02:15.203-0400][4,495s][info][gc,marking  ] GC(11) Concurrent Preclean 0,102ms
[2024-10-31T13:02:15.203-0400][4,496s][info][gc,start    ] GC(11) Pause Remark
[2024-10-31T13:02:15.204-0400][4,497s][info][gc          ] GC(11) Pause Remark 61M->61M(384M) 1,109ms
[2024-10-31T13:02:15.204-0400][4,497s][info][gc,cpu      ] GC(11) User=0,01s Sys=0,00s Real=0,00s
[2024-10-31T13:02:15.204-0400][4,497s][info][gc,marking  ] GC(11) Concurrent Mark 6,619ms
[2024-10-31T13:02:15.204-0400][4,497s][info][gc,marking  ] GC(11) Concurrent Rebuild Remembered Sets
[2024-10-31T13:02:15.210-0400][4,502s][info][gc,marking  ] GC(11) Concurrent Rebuild Remembered Sets 5,705ms
[2024-10-31T13:02:15.210-0400][4,503s][info][gc,start    ] GC(11) Pause Cleanup
[2024-10-31T13:02:15.210-0400][4,503s][info][gc          ] GC(11) Pause Cleanup 62M->62M(384M) 0,084ms
[2024-10-31T13:02:15.210-0400][4,503s][info][gc,cpu      ] GC(11) User=0,00s Sys=0,00s Real=0,00s
[2024-10-31T13:02:15.210-0400][4,503s][info][gc,marking  ] GC(11) Concurrent Cleanup for Next Mark
[2024-10-31T13:02:15.211-0400][4,504s][info][gc,marking  ] GC(11) Concurrent Cleanup for Next Mark 1,229ms
[2024-10-31T13:02:15.212-0400][4,504s][info][gc          ] GC(11) Concurrent Mark Cycle 16,765ms
[2024-10-31T13:02:22.876-0400][12,169s][info][gc,heap,exit] Heap
[2024-10-31T13:02:22.876-0400][12,169s][info][gc,heap,exit]  garbage-first heap   total 393216K, used 135255K [0x0000000080000000, 0x0000000100000000)
[2024-10-31T13:02:22.876-0400][12,169s][info][gc,heap,exit]   region size 1024K, 68 young (69632K), 3 survivors (3072K)
[2024-10-31T13:02:22.876-0400][12,169s][info][gc,heap,exit]  Metaspace       used 37675K, committed 38080K, reserved 1114112K
[2024-10-31T13:02:22.876-0400][12,169s][info][gc,heap,exit]   class space    used 4464K, committed 4672K, reserved 1048576K
