[2024-10-31T13:02:37.179-0400][0.002s][info][gc] Using G1
[2024-10-31T13:02:37.182-0400][0.005s][info][gc,init] Version: 17.0.12+7 (release)
[2024-10-31T13:02:37.182-0400][0.005s][info][gc,init] CPUs: 12 total, 12 available
[2024-10-31T13:02:37.182-0400][0.005s][info][gc,init] Memory: 31966M
[2024-10-31T13:02:37.182-0400][0.005s][info][gc,init] Large Page Support: Disabled
[2024-10-31T13:02:37.182-0400][0.005s][info][gc,init] NUMA Support: Disabled
[2024-10-31T13:02:37.182-0400][0.005s][info][gc,init] Compressed Oops: Enabled (32-bit)
[2024-10-31T13:02:37.182-0400][0.005s][info][gc,init] Heap Region Size: 1M
[2024-10-31T13:02:37.182-0400][0.005s][info][gc,init] Heap Min Capacity: 384M
[2024-10-31T13:02:37.182-0400][0.005s][info][gc,init] Heap Initial Capacity: 384M
[2024-10-31T13:02:37.182-0400][0.005s][info][gc,init] Heap Max Capacity: 2G
[2024-10-31T13:02:37.182-0400][0.005s][info][gc,init] Pre-touch: Disabled
[2024-10-31T13:02:37.182-0400][0.005s][info][gc,init] Parallel Workers: 10
[2024-10-31T13:02:37.182-0400][0.005s][info][gc,init] Concurrent Workers: 3
[2024-10-31T13:02:37.182-0400][0.005s][info][gc,init] Concurrent Refinement Workers: 10
[2024-10-31T13:02:37.182-0400][0.005s][info][gc,init] Periodic GC: Disabled
[2024-10-31T13:02:37.186-0400][0.009s][info][gc,metaspace] CDS archive(s) mapped at: [0x00007857ab000000-0x00007857abbc7000-0x00007857abbc7000), size 12349440, SharedBaseAddress: 0x00007857ab000000, ArchiveRelocationMode: 1.
[2024-10-31T13:02:37.186-0400][0.009s][info][gc,metaspace] Compressed class space mapped at: 0x00007857ac000000-0x00007857ec000000, reserved size: 1073741824
[2024-10-31T13:02:37.186-0400][0.009s][info][gc,metaspace] Narrow klass base: 0x00007857ab000000, Narrow klass shift: 0, Narrow klass range: 0x100000000
[2024-10-31T13:02:37.507-0400][0,330s][info][gc,start    ] GC(0) Pause Young (Normal) (G1 Evacuation Pause)
[2024-10-31T13:02:37.507-0400][0,330s][info][gc,task     ] GC(0) Using 9 workers of 10 for evacuation
[2024-10-31T13:02:37.511-0400][0,334s][info][gc,phases   ] GC(0)   Pre Evacuate Collection Set: 0,1ms
[2024-10-31T13:02:37.511-0400][0,334s][info][gc,phases   ] GC(0)   Merge Heap Roots: 0,1ms
[2024-10-31T13:02:37.511-0400][0,334s][info][gc,phases   ] GC(0)   Evacuate Collection Set: 3,7ms
[2024-10-31T13:02:37.511-0400][0,334s][info][gc,phases   ] GC(0)   Post Evacuate Collection Set: 0,2ms
[2024-10-31T13:02:37.511-0400][0,334s][info][gc,phases   ] GC(0)   Other: 0,5ms
[2024-10-31T13:02:37.511-0400][0,334s][info][gc,heap     ] GC(0) Eden regions: 23->0(30)
[2024-10-31T13:02:37.511-0400][0,334s][info][gc,heap     ] GC(0) Survivor regions: 0->3(3)
[2024-10-31T13:02:37.511-0400][0,334s][info][gc,heap     ] GC(0) Old regions: 0->3
[2024-10-31T13:02:37.511-0400][0,334s][info][gc,heap     ] GC(0) Archive regions: 2->2
[2024-10-31T13:02:37.511-0400][0,334s][info][gc,heap     ] GC(0) Humongous regions: 0->0
[2024-10-31T13:02:37.511-0400][0,334s][info][gc,metaspace] GC(0) Metaspace: 9514K(9728K)->9514K(9728K) NonClass: 8522K(8640K)->8522K(8640K) Class: 992K(1088K)->992K(1088K)
[2024-10-31T13:02:37.511-0400][0,334s][info][gc          ] GC(0) Pause Young (Normal) (G1 Evacuation Pause) 23M->5M(386M) 4,601ms
[2024-10-31T13:02:37.511-0400][0,334s][info][gc,cpu      ] GC(0) User=0,02s Sys=0,03s Real=0,01s
[2024-10-31T13:02:37.738-0400][0,561s][info][gc,start    ] GC(1) Pause Young (Normal) (G1 Evacuation Pause)
[2024-10-31T13:02:37.738-0400][0,561s][info][gc,task     ] GC(1) Using 9 workers of 10 for evacuation
[2024-10-31T13:02:37.741-0400][0,564s][info][gc,phases   ] GC(1)   Pre Evacuate Collection Set: 0,1ms
[2024-10-31T13:02:37.741-0400][0,564s][info][gc,phases   ] GC(1)   Merge Heap Roots: 0,0ms
[2024-10-31T13:02:37.741-0400][0,564s][info][gc,phases   ] GC(1)   Evacuate Collection Set: 2,9ms
[2024-10-31T13:02:37.741-0400][0,564s][info][gc,phases   ] GC(1)   Post Evacuate Collection Set: 0,4ms
[2024-10-31T13:02:37.741-0400][0,564s][info][gc,phases   ] GC(1)   Other: 0,1ms
[2024-10-31T13:02:37.741-0400][0,565s][info][gc,heap     ] GC(1) Eden regions: 30->0(56)
[2024-10-31T13:02:37.741-0400][0,565s][info][gc,heap     ] GC(1) Survivor regions: 3->4(5)
[2024-10-31T13:02:37.741-0400][0,565s][info][gc,heap     ] GC(1) Old regions: 3->6
[2024-10-31T13:02:37.741-0400][0,565s][info][gc,heap     ] GC(1) Archive regions: 2->2
[2024-10-31T13:02:37.741-0400][0,565s][info][gc,heap     ] GC(1) Humongous regions: 2->0
[2024-10-31T13:02:37.741-0400][0,565s][info][gc,metaspace] GC(1) Metaspace: 12310K(12544K)->12310K(12544K) NonClass: 11057K(11136K)->11057K(11136K) Class: 1253K(1408K)->1253K(1408K)
[2024-10-31T13:02:37.741-0400][0,565s][info][gc          ] GC(1) Pause Young (Normal) (G1 Evacuation Pause) 37M->9M(386M) 3,463ms
[2024-10-31T13:02:37.741-0400][0,565s][info][gc,cpu      ] GC(1) User=0,00s Sys=0,03s Real=0,00s
[2024-10-31T13:02:37.982-0400][0,806s][info][gc,start    ] GC(2) Pause Young (Normal) (G1 Evacuation Pause)
[2024-10-31T13:02:37.982-0400][0,806s][info][gc,task     ] GC(2) Using 9 workers of 10 for evacuation
[2024-10-31T13:02:37.992-0400][0,815s][info][gc,phases   ] GC(2)   Pre Evacuate Collection Set: 0,1ms
[2024-10-31T13:02:37.992-0400][0,815s][info][gc,phases   ] GC(2)   Merge Heap Roots: 0,0ms
[2024-10-31T13:02:37.992-0400][0,815s][info][gc,phases   ] GC(2)   Evacuate Collection Set: 9,0ms
[2024-10-31T13:02:37.992-0400][0,815s][info][gc,phases   ] GC(2)   Post Evacuate Collection Set: 0,4ms
[2024-10-31T13:02:37.992-0400][0,815s][info][gc,phases   ] GC(2)   Other: 0,1ms
[2024-10-31T13:02:37.992-0400][0,815s][info][gc,heap     ] GC(2) Eden regions: 56->0(85)
[2024-10-31T13:02:37.992-0400][0,815s][info][gc,heap     ] GC(2) Survivor regions: 4->8(8)
[2024-10-31T13:02:37.992-0400][0,815s][info][gc,heap     ] GC(2) Old regions: 6->17
[2024-10-31T13:02:37.992-0400][0,815s][info][gc,heap     ] GC(2) Archive regions: 2->2
[2024-10-31T13:02:37.992-0400][0,815s][info][gc,heap     ] GC(2) Humongous regions: 4->3
[2024-10-31T13:02:37.992-0400][0,815s][info][gc,metaspace] GC(2) Metaspace: 13377K(13632K)->13377K(13632K) NonClass: 12002K(12160K)->12002K(12160K) Class: 1374K(1472K)->1374K(1472K)
[2024-10-31T13:02:37.992-0400][0,815s][info][gc          ] GC(2) Pause Young (Normal) (G1 Evacuation Pause) 69M->28M(386M) 9,594ms
[2024-10-31T13:02:37.992-0400][0,815s][info][gc,cpu      ] GC(2) User=0,04s Sys=0,05s Real=0,01s
[2024-10-31T13:02:38.320-0400][1,143s][info][gc,start    ] GC(3) Pause Young (Normal) (G1 Evacuation Pause)
[2024-10-31T13:02:38.320-0400][1,143s][info][gc,task     ] GC(3) Using 9 workers of 10 for evacuation
[2024-10-31T13:02:38.325-0400][1,148s][info][gc,phases   ] GC(3)   Pre Evacuate Collection Set: 0,1ms
[2024-10-31T13:02:38.325-0400][1,148s][info][gc,phases   ] GC(3)   Merge Heap Roots: 0,0ms
[2024-10-31T13:02:38.325-0400][1,148s][info][gc,phases   ] GC(3)   Evacuate Collection Set: 5,0ms
[2024-10-31T13:02:38.325-0400][1,148s][info][gc,phases   ] GC(3)   Post Evacuate Collection Set: 0,2ms
[2024-10-31T13:02:38.325-0400][1,148s][info][gc,phases   ] GC(3)   Other: 0,1ms
[2024-10-31T13:02:38.325-0400][1,148s][info][gc,heap     ] GC(3) Eden regions: 85->0(226)
[2024-10-31T13:02:38.325-0400][1,148s][info][gc,heap     ] GC(3) Survivor regions: 8->4(12)
[2024-10-31T13:02:38.325-0400][1,148s][info][gc,heap     ] GC(3) Old regions: 17->25
[2024-10-31T13:02:38.325-0400][1,148s][info][gc,heap     ] GC(3) Archive regions: 2->2
[2024-10-31T13:02:38.325-0400][1,148s][info][gc,heap     ] GC(3) Humongous regions: 4->3
[2024-10-31T13:02:38.325-0400][1,148s][info][gc,metaspace] GC(3) Metaspace: 14387K(14656K)->14387K(14656K) NonClass: 12927K(13056K)->12927K(13056K) Class: 1459K(1600K)->1459K(1600K)
[2024-10-31T13:02:38.325-0400][1,148s][info][gc          ] GC(3) Pause Young (Normal) (G1 Evacuation Pause) 114M->32M(386M) 5,417ms
[2024-10-31T13:02:38.325-0400][1,148s][info][gc,cpu      ] GC(3) User=0,03s Sys=0,02s Real=0,00s
[2024-10-31T13:02:38.685-0400][1,508s][info][gc,start    ] GC(4) Pause Young (Normal) (G1 Evacuation Pause)
[2024-10-31T13:02:38.685-0400][1,508s][info][gc,task     ] GC(4) Using 9 workers of 10 for evacuation
[2024-10-31T13:02:38.692-0400][1,515s][info][gc,phases   ] GC(4)   Pre Evacuate Collection Set: 0,2ms
[2024-10-31T13:02:38.692-0400][1,515s][info][gc,phases   ] GC(4)   Merge Heap Roots: 0,1ms
[2024-10-31T13:02:38.692-0400][1,515s][info][gc,phases   ] GC(4)   Evacuate Collection Set: 5,6ms
[2024-10-31T13:02:38.692-0400][1,515s][info][gc,phases   ] GC(4)   Post Evacuate Collection Set: 1,4ms
[2024-10-31T13:02:38.692-0400][1,515s][info][gc,phases   ] GC(4)   Other: 0,1ms
[2024-10-31T13:02:38.692-0400][1,515s][info][gc,heap     ] GC(4) Eden regions: 226->0(224)
[2024-10-31T13:02:38.692-0400][1,515s][info][gc,heap     ] GC(4) Survivor regions: 4->6(29)
[2024-10-31T13:02:38.692-0400][1,515s][info][gc,heap     ] GC(4) Old regions: 25->25
[2024-10-31T13:02:38.692-0400][1,515s][info][gc,heap     ] GC(4) Archive regions: 2->2
[2024-10-31T13:02:38.692-0400][1,515s][info][gc,heap     ] GC(4) Humongous regions: 3->3
[2024-10-31T13:02:38.692-0400][1,515s][info][gc,metaspace] GC(4) Metaspace: 14440K(14656K)->14440K(14656K) NonClass: 12980K(13056K)->12980K(13056K) Class: 1460K(1600K)->1460K(1600K)
[2024-10-31T13:02:38.692-0400][1,515s][info][gc          ] GC(4) Pause Young (Normal) (G1 Evacuation Pause) 258M->34M(386M) 7,402ms
[2024-10-31T13:02:38.692-0400][1,515s][info][gc,cpu      ] GC(4) User=0,04s Sys=0,01s Real=0,01s
[2024-10-31T13:02:39.098-0400][1,921s][info][gc,start    ] GC(5) Pause Young (Normal) (G1 Evacuation Pause)
[2024-10-31T13:02:39.098-0400][1,921s][info][gc,task     ] GC(5) Using 9 workers of 10 for evacuation
[2024-10-31T13:02:39.101-0400][1,924s][info][gc,phases   ] GC(5)   Pre Evacuate Collection Set: 0,1ms
[2024-10-31T13:02:39.101-0400][1,924s][info][gc,phases   ] GC(5)   Merge Heap Roots: 0,1ms
[2024-10-31T13:02:39.101-0400][1,924s][info][gc,phases   ] GC(5)   Evacuate Collection Set: 2,6ms
[2024-10-31T13:02:39.101-0400][1,924s][info][gc,phases   ] GC(5)   Post Evacuate Collection Set: 0,4ms
[2024-10-31T13:02:39.101-0400][1,924s][info][gc,phases   ] GC(5)   Other: 0,1ms
[2024-10-31T13:02:39.101-0400][1,924s][info][gc,heap     ] GC(5) Eden regions: 224->0(222)
[2024-10-31T13:02:39.101-0400][1,924s][info][gc,heap     ] GC(5) Survivor regions: 6->8(29)
[2024-10-31T13:02:39.101-0400][1,924s][info][gc,heap     ] GC(5) Old regions: 25->25
[2024-10-31T13:02:39.101-0400][1,924s][info][gc,heap     ] GC(5) Archive regions: 2->2
[2024-10-31T13:02:39.101-0400][1,924s][info][gc,heap     ] GC(5) Humongous regions: 3->3
[2024-10-31T13:02:39.101-0400][1,924s][info][gc,metaspace] GC(5) Metaspace: 14461K(14720K)->14461K(14720K) NonClass: 13000K(13120K)->13000K(13120K) Class: 1461K(1600K)->1461K(1600K)
[2024-10-31T13:02:39.101-0400][1,924s][info][gc          ] GC(5) Pause Young (Normal) (G1 Evacuation Pause) 258M->35M(386M) 3,267ms
[2024-10-31T13:02:39.101-0400][1,924s][info][gc,cpu      ] GC(5) User=0,02s Sys=0,01s Real=0,00s
[2024-10-31T13:02:39.580-0400][2,403s][info][gc,start    ] GC(6) Pause Young (Normal) (G1 Evacuation Pause)
[2024-10-31T13:02:39.580-0400][2,403s][info][gc,task     ] GC(6) Using 9 workers of 10 for evacuation
[2024-10-31T13:02:39.581-0400][2,404s][info][gc,phases   ] GC(6)   Pre Evacuate Collection Set: 0,1ms
[2024-10-31T13:02:39.581-0400][2,404s][info][gc,phases   ] GC(6)   Merge Heap Roots: 0,0ms
[2024-10-31T13:02:39.581-0400][2,404s][info][gc,phases   ] GC(6)   Evacuate Collection Set: 1,3ms
[2024-10-31T13:02:39.581-0400][2,404s][info][gc,phases   ] GC(6)   Post Evacuate Collection Set: 0,3ms
[2024-10-31T13:02:39.581-0400][2,404s][info][gc,phases   ] GC(6)   Other: 0,1ms
[2024-10-31T13:02:39.581-0400][2,404s][info][gc,heap     ] GC(6) Eden regions: 222->0(224)
[2024-10-31T13:02:39.581-0400][2,404s][info][gc,heap     ] GC(6) Survivor regions: 8->6(29)
[2024-10-31T13:02:39.581-0400][2,404s][info][gc,heap     ] GC(6) Old regions: 25->25
[2024-10-31T13:02:39.581-0400][2,404s][info][gc,heap     ] GC(6) Archive regions: 2->2
[2024-10-31T13:02:39.581-0400][2,404s][info][gc,heap     ] GC(6) Humongous regions: 5->3
[2024-10-31T13:02:39.581-0400][2,404s][info][gc,metaspace] GC(6) Metaspace: 15435K(15680K)->15435K(15680K) NonClass: 13906K(14016K)->13906K(14016K) Class: 1528K(1664K)->1528K(1664K)
[2024-10-31T13:02:39.581-0400][2,404s][info][gc          ] GC(6) Pause Young (Normal) (G1 Evacuation Pause) 259M->34M(386M) 1,794ms
[2024-10-31T13:02:39.581-0400][2,404s][info][gc,cpu      ] GC(6) User=0,02s Sys=0,00s Real=0,00s
[2024-10-31T13:02:39.945-0400][2,769s][info][gc,start    ] GC(7) Pause Young (Concurrent Start) (Metadata GC Threshold)
[2024-10-31T13:02:39.945-0400][2,769s][info][gc,task     ] GC(7) Using 9 workers of 10 for evacuation
[2024-10-31T13:02:39.948-0400][2,771s][info][gc,phases   ] GC(7)   Pre Evacuate Collection Set: 0,1ms
[2024-10-31T13:02:39.948-0400][2,771s][info][gc,phases   ] GC(7)   Merge Heap Roots: 0,0ms
[2024-10-31T13:02:39.948-0400][2,771s][info][gc,phases   ] GC(7)   Evacuate Collection Set: 2,2ms
[2024-10-31T13:02:39.948-0400][2,771s][info][gc,phases   ] GC(7)   Post Evacuate Collection Set: 0,3ms
[2024-10-31T13:02:39.948-0400][2,771s][info][gc,phases   ] GC(7)   Other: 0,1ms
[2024-10-31T13:02:39.948-0400][2,771s][info][gc,heap     ] GC(7) Eden regions: 142->0(222)
[2024-10-31T13:02:39.948-0400][2,771s][info][gc,heap     ] GC(7) Survivor regions: 6->8(29)
[2024-10-31T13:02:39.948-0400][2,771s][info][gc,heap     ] GC(7) Old regions: 25->25
[2024-10-31T13:02:39.948-0400][2,771s][info][gc,heap     ] GC(7) Archive regions: 2->2
[2024-10-31T13:02:39.948-0400][2,771s][info][gc,heap     ] GC(7) Humongous regions: 3->3
[2024-10-31T13:02:39.948-0400][2,771s][info][gc,metaspace] GC(7) Metaspace: 21289K(21504K)->21289K(21504K) NonClass: 19012K(19136K)->19012K(19136K) Class: 2276K(2368K)->2276K(2368K)
[2024-10-31T13:02:39.948-0400][2,771s][info][gc          ] GC(7) Pause Young (Concurrent Start) (Metadata GC Threshold) 176M->36M(386M) 2,717ms
[2024-10-31T13:02:39.948-0400][2,771s][info][gc,cpu      ] GC(7) User=0,03s Sys=0,00s Real=0,01s
[2024-10-31T13:02:39.948-0400][2,771s][info][gc          ] GC(8) Concurrent Mark Cycle
[2024-10-31T13:02:39.948-0400][2,771s][info][gc,marking  ] GC(8) Concurrent Clear Claimed Marks
[2024-10-31T13:02:39.948-0400][2,771s][info][gc,marking  ] GC(8) Concurrent Clear Claimed Marks 0,017ms
[2024-10-31T13:02:39.948-0400][2,771s][info][gc,marking  ] GC(8) Concurrent Scan Root Regions
[2024-10-31T13:02:39.950-0400][2,773s][info][gc,marking  ] GC(8) Concurrent Scan Root Regions 1,536ms
[2024-10-31T13:02:39.950-0400][2,773s][info][gc,marking  ] GC(8) Concurrent Mark
[2024-10-31T13:02:39.950-0400][2,773s][info][gc,marking  ] GC(8) Concurrent Mark From Roots
[2024-10-31T13:02:39.950-0400][2,773s][info][gc,task     ] GC(8) Using 3 workers of 3 for marking
[2024-10-31T13:02:39.956-0400][2,779s][info][gc,marking  ] GC(8) Concurrent Mark From Roots 6,090ms
[2024-10-31T13:02:39.956-0400][2,779s][info][gc,marking  ] GC(8) Concurrent Preclean
[2024-10-31T13:02:39.956-0400][2,779s][info][gc,marking  ] GC(8) Concurrent Preclean 0,109ms
[2024-10-31T13:02:39.956-0400][2,779s][info][gc,start    ] GC(8) Pause Remark
[2024-10-31T13:02:39.958-0400][2,781s][info][gc          ] GC(8) Pause Remark 37M->37M(384M) 1,893ms
[2024-10-31T13:02:39.958-0400][2,781s][info][gc,cpu      ] GC(8) User=0,02s Sys=0,00s Real=0,01s
[2024-10-31T13:02:39.958-0400][2,781s][info][gc,marking  ] GC(8) Concurrent Mark 8,282ms
[2024-10-31T13:02:39.958-0400][2,781s][info][gc,marking  ] GC(8) Concurrent Rebuild Remembered Sets
[2024-10-31T13:02:39.961-0400][2,784s][info][gc,marking  ] GC(8) Concurrent Rebuild Remembered Sets 3,213ms
[2024-10-31T13:02:39.961-0400][2,785s][info][gc,start    ] GC(8) Pause Cleanup
[2024-10-31T13:02:39.962-0400][2,785s][info][gc          ] GC(8) Pause Cleanup 38M->38M(384M) 0,101ms
[2024-10-31T13:02:39.962-0400][2,785s][info][gc,cpu      ] GC(8) User=0,00s Sys=0,00s Real=0,00s
[2024-10-31T13:02:39.962-0400][2,785s][info][gc,marking  ] GC(8) Concurrent Cleanup for Next Mark
[2024-10-31T13:02:39.963-0400][2,786s][info][gc,marking  ] GC(8) Concurrent Cleanup for Next Mark 1,771ms
[2024-10-31T13:02:39.963-0400][2,786s][info][gc          ] GC(8) Concurrent Mark Cycle 15,232ms
[2024-10-31T13:02:40.593-0400][3,416s][info][gc,start    ] GC(9) Pause Young (Normal) (G1 Evacuation Pause)
[2024-10-31T13:02:40.593-0400][3,416s][info][gc,task     ] GC(9) Using 10 workers of 10 for evacuation
[2024-10-31T13:02:40.604-0400][3,427s][info][gc,phases   ] GC(9)   Pre Evacuate Collection Set: 0,1ms
[2024-10-31T13:02:40.604-0400][3,427s][info][gc,phases   ] GC(9)   Merge Heap Roots: 0,0ms
[2024-10-31T13:02:40.604-0400][3,427s][info][gc,phases   ] GC(9)   Evacuate Collection Set: 10,3ms
[2024-10-31T13:02:40.604-0400][3,427s][info][gc,phases   ] GC(9)   Post Evacuate Collection Set: 0,5ms
[2024-10-31T13:02:40.604-0400][3,427s][info][gc,phases   ] GC(9)   Other: 0,1ms
[2024-10-31T13:02:40.604-0400][3,427s][info][gc,heap     ] GC(9) Eden regions: 222->0(206)
[2024-10-31T13:02:40.604-0400][3,427s][info][gc,heap     ] GC(9) Survivor regions: 8->24(29)
[2024-10-31T13:02:40.604-0400][3,427s][info][gc,heap     ] GC(9) Old regions: 25->25
[2024-10-31T13:02:40.604-0400][3,427s][info][gc,heap     ] GC(9) Archive regions: 2->2
[2024-10-31T13:02:40.604-0400][3,427s][info][gc,heap     ] GC(9) Humongous regions: 6->3
[2024-10-31T13:02:40.604-0400][3,427s][info][gc,metaspace] GC(9) Metaspace: 32604K(33024K)->32604K(33024K) NonClass: 28842K(29056K)->28842K(29056K) Class: 3762K(3968K)->3762K(3968K)
[2024-10-31T13:02:40.604-0400][3,427s][info][gc          ] GC(9) Pause Young (Normal) (G1 Evacuation Pause) 261M->52M(384M) 11,063ms
[2024-10-31T13:02:40.604-0400][3,427s][info][gc,cpu      ] GC(9) User=0,02s Sys=0,08s Real=0,01s
[2024-10-31T13:02:40.830-0400][3,653s][info][gc,start    ] GC(10) Pause Young (Concurrent Start) (Metadata GC Threshold)
[2024-10-31T13:02:40.830-0400][3,653s][info][gc,task     ] GC(10) Using 10 workers of 10 for evacuation
[2024-10-31T13:02:40.843-0400][3,667s][info][gc,phases   ] GC(10)   Pre Evacuate Collection Set: 0,1ms
[2024-10-31T13:02:40.844-0400][3,667s][info][gc,phases   ] GC(10)   Merge Heap Roots: 0,0ms
[2024-10-31T13:02:40.844-0400][3,667s][info][gc,phases   ] GC(10)   Evacuate Collection Set: 13,0ms
[2024-10-31T13:02:40.844-0400][3,667s][info][gc,phases   ] GC(10)   Post Evacuate Collection Set: 0,3ms
[2024-10-31T13:02:40.844-0400][3,667s][info][gc,phases   ] GC(10)   Other: 0,1ms
[2024-10-31T13:02:40.844-0400][3,667s][info][gc,heap     ] GC(10) Eden regions: 66->0(226)
[2024-10-31T13:02:40.844-0400][3,667s][info][gc,heap     ] GC(10) Survivor regions: 24->4(29)
[2024-10-31T13:02:40.844-0400][3,667s][info][gc,heap     ] GC(10) Old regions: 25->49
[2024-10-31T13:02:40.844-0400][3,667s][info][gc,heap     ] GC(10) Archive regions: 2->2
[2024-10-31T13:02:40.844-0400][3,667s][info][gc,heap     ] GC(10) Humongous regions: 3->3
[2024-10-31T13:02:40.844-0400][3,667s][info][gc,metaspace] GC(10) Metaspace: 35628K(36096K)->35628K(36096K) NonClass: 31406K(31616K)->31406K(31616K) Class: 4222K(4480K)->4222K(4480K)
[2024-10-31T13:02:40.844-0400][3,667s][info][gc          ] GC(10) Pause Young (Concurrent Start) (Metadata GC Threshold) 118M->56M(384M) 13,532ms
[2024-10-31T13:02:40.844-0400][3,667s][info][gc,cpu      ] GC(10) User=0,07s Sys=0,07s Real=0,01s
[2024-10-31T13:02:40.844-0400][3,667s][info][gc          ] GC(11) Concurrent Mark Cycle
[2024-10-31T13:02:40.844-0400][3,667s][info][gc,marking  ] GC(11) Concurrent Clear Claimed Marks
[2024-10-31T13:02:40.844-0400][3,667s][info][gc,marking  ] GC(11) Concurrent Clear Claimed Marks 0,024ms
[2024-10-31T13:02:40.844-0400][3,667s][info][gc,marking  ] GC(11) Concurrent Scan Root Regions
[2024-10-31T13:02:40.846-0400][3,669s][info][gc,marking  ] GC(11) Concurrent Scan Root Regions 2,671ms
[2024-10-31T13:02:40.846-0400][3,669s][info][gc,marking  ] GC(11) Concurrent Mark
[2024-10-31T13:02:40.846-0400][3,669s][info][gc,marking  ] GC(11) Concurrent Mark From Roots
[2024-10-31T13:02:40.846-0400][3,669s][info][gc,task     ] GC(11) Using 3 workers of 3 for marking
[2024-10-31T13:02:40.850-0400][3,673s][info][gc,marking  ] GC(11) Concurrent Mark From Roots 4,043ms
[2024-10-31T13:02:40.850-0400][3,673s][info][gc,marking  ] GC(11) Concurrent Preclean
[2024-10-31T13:02:40.850-0400][3,674s][info][gc,marking  ] GC(11) Concurrent Preclean 0,067ms
[2024-10-31T13:02:40.851-0400][3,674s][info][gc,start    ] GC(11) Pause Remark
[2024-10-31T13:02:40.852-0400][3,675s][info][gc          ] GC(11) Pause Remark 59M->59M(384M) 1,095ms
[2024-10-31T13:02:40.852-0400][3,675s][info][gc,cpu      ] GC(11) User=0,01s Sys=0,01s Real=0,00s
[2024-10-31T13:02:40.852-0400][3,675s][info][gc,marking  ] GC(11) Concurrent Mark 5,358ms
[2024-10-31T13:02:40.852-0400][3,675s][info][gc,marking  ] GC(11) Concurrent Rebuild Remembered Sets
[2024-10-31T13:02:40.856-0400][3,679s][info][gc,marking  ] GC(11) Concurrent Rebuild Remembered Sets 4,472ms
[2024-10-31T13:02:40.856-0400][3,679s][info][gc,start    ] GC(11) Pause Cleanup
[2024-10-31T13:02:40.856-0400][3,679s][info][gc          ] GC(11) Pause Cleanup 61M->61M(384M) 0,075ms
[2024-10-31T13:02:40.856-0400][3,679s][info][gc,cpu      ] GC(11) User=0,00s Sys=0,00s Real=0,00s
[2024-10-31T13:02:40.856-0400][3,679s][info][gc,marking  ] GC(11) Concurrent Cleanup for Next Mark
[2024-10-31T13:02:40.857-0400][3,681s][info][gc,marking  ] GC(11) Concurrent Cleanup for Next Mark 1,078ms
[2024-10-31T13:02:40.857-0400][3,681s][info][gc          ] GC(11) Concurrent Mark Cycle 13,906ms
[2024-10-31T13:02:41.457-0400][4,280s][info][gc,start    ] GC(12) Pause Young (Prepare Mixed) (G1 Evacuation Pause)
[2024-10-31T13:02:41.457-0400][4,280s][info][gc,task     ] GC(12) Using 10 workers of 10 for evacuation
[2024-10-31T13:02:41.462-0400][4,285s][info][gc,phases   ] GC(12)   Pre Evacuate Collection Set: 0,1ms
[2024-10-31T13:02:41.462-0400][4,286s][info][gc,phases   ] GC(12)   Merge Heap Roots: 0,0ms
[2024-10-31T13:02:41.462-0400][4,286s][info][gc,phases   ] GC(12)   Evacuate Collection Set: 4,6ms
[2024-10-31T13:02:41.462-0400][4,286s][info][gc,phases   ] GC(12)   Post Evacuate Collection Set: 0,3ms
[2024-10-31T13:02:41.462-0400][4,286s][info][gc,phases   ] GC(12)   Other: 0,1ms
[2024-10-31T13:02:41.462-0400][4,286s][info][gc,heap     ] GC(12) Eden regions: 226->0(1)
[2024-10-31T13:02:41.462-0400][4,286s][info][gc,heap     ] GC(12) Survivor regions: 4->22(29)
[2024-10-31T13:02:41.462-0400][4,286s][info][gc,heap     ] GC(12) Old regions: 49->49
[2024-10-31T13:02:41.462-0400][4,286s][info][gc,heap     ] GC(12) Archive regions: 2->2
[2024-10-31T13:02:41.462-0400][4,286s][info][gc,heap     ] GC(12) Humongous regions: 5->5
[2024-10-31T13:02:41.462-0400][4,286s][info][gc,metaspace] GC(12) Metaspace: 41810K(42240K)->41810K(42240K) NonClass: 36707K(36928K)->36707K(36928K) Class: 5102K(5312K)->5102K(5312K)
[2024-10-31T13:02:41.462-0400][4,286s][info][gc          ] GC(12) Pause Young (Prepare Mixed) (G1 Evacuation Pause) 284M->75M(384M) 5,203ms
[2024-10-31T13:02:41.462-0400][4,286s][info][gc,cpu      ] GC(12) User=0,05s Sys=0,00s Real=0,00s
[2024-10-31T13:02:41.464-0400][4,287s][info][gc,start    ] GC(13) Pause Young (Mixed) (G1 Evacuation Pause)
[2024-10-31T13:02:41.464-0400][4,287s][info][gc,task     ] GC(13) Using 10 workers of 10 for evacuation
[2024-10-31T13:02:41.476-0400][4,299s][info][gc,phases   ] GC(13)   Pre Evacuate Collection Set: 0,1ms
[2024-10-31T13:02:41.476-0400][4,299s][info][gc,phases   ] GC(13)   Merge Heap Roots: 0,1ms
[2024-10-31T13:02:41.476-0400][4,299s][info][gc,phases   ] GC(13)   Evacuate Collection Set: 11,7ms
[2024-10-31T13:02:41.476-0400][4,299s][info][gc,phases   ] GC(13)   Post Evacuate Collection Set: 0,2ms
[2024-10-31T13:02:41.476-0400][4,299s][info][gc,phases   ] GC(13)   Other: 0,1ms
[2024-10-31T13:02:41.476-0400][4,299s][info][gc,heap     ] GC(13) Eden regions: 1->0(226)
[2024-10-31T13:02:41.476-0400][4,299s][info][gc,heap     ] GC(13) Survivor regions: 22->3(3)
[2024-10-31T13:02:41.476-0400][4,299s][info][gc,heap     ] GC(13) Old regions: 49->68
[2024-10-31T13:02:41.476-0400][4,299s][info][gc,heap     ] GC(13) Archive regions: 2->2
[2024-10-31T13:02:41.476-0400][4,299s][info][gc,heap     ] GC(13) Humongous regions: 5->5
[2024-10-31T13:02:41.476-0400][4,299s][info][gc,metaspace] GC(13) Metaspace: 41810K(42240K)->41810K(42240K) NonClass: 36707K(36928K)->36707K(36928K) Class: 5102K(5312K)->5102K(5312K)
[2024-10-31T13:02:41.476-0400][4,299s][info][gc          ] GC(13) Pause Young (Mixed) (G1 Evacuation Pause) 76M->76M(384M) 12,133ms
[2024-10-31T13:02:41.476-0400][4,299s][info][gc,cpu      ] GC(13) User=0,06s Sys=0,06s Real=0,01s
[2024-10-31T13:02:41.774-0400][4,597s][info][gc,start    ] GC(14) Pause Young (Normal) (G1 Evacuation Pause)
[2024-10-31T13:02:41.774-0400][4,597s][info][gc,task     ] GC(14) Using 10 workers of 10 for evacuation
[2024-10-31T13:02:41.780-0400][4,603s][info][gc,phases   ] GC(14)   Pre Evacuate Collection Set: 0,1ms
[2024-10-31T13:02:41.780-0400][4,603s][info][gc,phases   ] GC(14)   Merge Heap Roots: 0,1ms
[2024-10-31T13:02:41.780-0400][4,603s][info][gc,phases   ] GC(14)   Evacuate Collection Set: 5,5ms
[2024-10-31T13:02:41.780-0400][4,603s][info][gc,phases   ] GC(14)   Post Evacuate Collection Set: 0,3ms
[2024-10-31T13:02:41.780-0400][4,603s][info][gc,phases   ] GC(14)   Other: 0,1ms
[2024-10-31T13:02:41.780-0400][4,603s][info][gc,heap     ] GC(14) Eden regions: 226->0(199)
[2024-10-31T13:02:41.780-0400][4,603s][info][gc,heap     ] GC(14) Survivor regions: 3->24(29)
[2024-10-31T13:02:41.780-0400][4,603s][info][gc,heap     ] GC(14) Old regions: 68->68
[2024-10-31T13:02:41.780-0400][4,603s][info][gc,heap     ] GC(14) Archive regions: 2->2
[2024-10-31T13:02:41.780-0400][4,603s][info][gc,heap     ] GC(14) Humongous regions: 7->5
[2024-10-31T13:02:41.780-0400][4,603s][info][gc,metaspace] GC(14) Metaspace: 42039K(42496K)->42039K(42496K) NonClass: 36928K(37184K)->36928K(37184K) Class: 5110K(5312K)->5110K(5312K)
[2024-10-31T13:02:41.780-0400][4,603s][info][gc          ] GC(14) Pause Young (Normal) (G1 Evacuation Pause) 304M->97M(384M) 5,989ms
[2024-10-31T13:02:41.780-0400][4,603s][info][gc,cpu      ] GC(14) User=0,05s Sys=0,01s Real=0,01s
[2024-10-31T13:02:42.559-0400][5,382s][info][gc,start    ] GC(15) Pause Young (Normal) (G1 Evacuation Pause)
[2024-10-31T13:02:42.559-0400][5,382s][info][gc,task     ] GC(15) Using 10 workers of 10 for evacuation
[2024-10-31T13:02:42.571-0400][5,394s][info][gc,phases   ] GC(15)   Pre Evacuate Collection Set: 0,1ms
[2024-10-31T13:02:42.571-0400][5,394s][info][gc,phases   ] GC(15)   Merge Heap Roots: 0,1ms
[2024-10-31T13:02:42.571-0400][5,394s][info][gc,phases   ] GC(15)   Evacuate Collection Set: 11,8ms
[2024-10-31T13:02:42.571-0400][5,394s][info][gc,phases   ] GC(15)   Post Evacuate Collection Set: 0,5ms
[2024-10-31T13:02:42.571-0400][5,394s][info][gc,phases   ] GC(15)   Other: 0,1ms
[2024-10-31T13:02:42.571-0400][5,394s][info][gc,heap     ] GC(15) Eden regions: 199->0(192)
[2024-10-31T13:02:42.571-0400][5,394s][info][gc,heap     ] GC(15) Survivor regions: 24->11(28)
[2024-10-31T13:02:42.571-0400][5,394s][info][gc,heap     ] GC(15) Old regions: 68->90
[2024-10-31T13:02:42.571-0400][5,394s][info][gc,heap     ] GC(15) Archive regions: 2->2
[2024-10-31T13:02:42.571-0400][5,394s][info][gc,heap     ] GC(15) Humongous regions: 6->6
[2024-10-31T13:02:42.571-0400][5,394s][info][gc,metaspace] GC(15) Metaspace: 51917K(52480K)->51917K(52480K) NonClass: 45692K(46016K)->45692K(46016K) Class: 6225K(6464K)->6225K(6464K)
[2024-10-31T13:02:42.571-0400][5,394s][info][gc          ] GC(15) Pause Young (Normal) (G1 Evacuation Pause) 297M->107M(384M) 12,583ms
[2024-10-31T13:02:42.571-0400][5,394s][info][gc,cpu      ] GC(15) User=0,12s Sys=0,02s Real=0,01s
[2024-10-31T13:02:42.964-0400][5,787s][info][gc,start    ] GC(16) Pause Young (Normal) (G1 Evacuation Pause)
[2024-10-31T13:02:42.964-0400][5,787s][info][gc,task     ] GC(16) Using 10 workers of 10 for evacuation
[2024-10-31T13:02:42.967-0400][5,790s][info][gc,phases   ] GC(16)   Pre Evacuate Collection Set: 0,1ms
[2024-10-31T13:02:42.967-0400][5,790s][info][gc,phases   ] GC(16)   Merge Heap Roots: 0,1ms
[2024-10-31T13:02:42.967-0400][5,790s][info][gc,phases   ] GC(16)   Evacuate Collection Set: 2,8ms
[2024-10-31T13:02:42.967-0400][5,790s][info][gc,phases   ] GC(16)   Post Evacuate Collection Set: 0,4ms
[2024-10-31T13:02:42.967-0400][5,791s][info][gc,phases   ] GC(16)   Other: 0,1ms
[2024-10-31T13:02:42.967-0400][5,791s][info][gc,heap     ] GC(16) Eden regions: 192->0(198)
[2024-10-31T13:02:42.967-0400][5,791s][info][gc,heap     ] GC(16) Survivor regions: 11->12(26)
[2024-10-31T13:02:42.967-0400][5,791s][info][gc,heap     ] GC(16) Old regions: 90->90
[2024-10-31T13:02:42.967-0400][5,791s][info][gc,heap     ] GC(16) Archive regions: 2->2
[2024-10-31T13:02:42.967-0400][5,791s][info][gc,heap     ] GC(16) Humongous regions: 6->6
[2024-10-31T13:02:42.967-0400][5,791s][info][gc,metaspace] GC(16) Metaspace: 56635K(57152K)->56635K(57152K) NonClass: 49536K(49792K)->49536K(49792K) Class: 7099K(7360K)->7099K(7360K)
[2024-10-31T13:02:42.967-0400][5,791s][info][gc          ] GC(16) Pause Young (Normal) (G1 Evacuation Pause) 299M->107M(384M) 3,584ms
[2024-10-31T13:02:42.967-0400][5,791s][info][gc,cpu      ] GC(16) User=0,03s Sys=0,00s Real=0,01s
[2024-10-31T13:02:43.518-0400][6,341s][info][gc,start    ] GC(17) Pause Young (Normal) (G1 Evacuation Pause)
[2024-10-31T13:02:43.518-0400][6,341s][info][gc,task     ] GC(17) Using 10 workers of 10 for evacuation
[2024-10-31T13:02:43.524-0400][6,347s][info][gc,phases   ] GC(17)   Pre Evacuate Collection Set: 0,1ms
[2024-10-31T13:02:43.524-0400][6,347s][info][gc,phases   ] GC(17)   Merge Heap Roots: 0,1ms
[2024-10-31T13:02:43.524-0400][6,347s][info][gc,phases   ] GC(17)   Evacuate Collection Set: 5,2ms
[2024-10-31T13:02:43.524-0400][6,347s][info][gc,phases   ] GC(17)   Post Evacuate Collection Set: 0,5ms
[2024-10-31T13:02:43.524-0400][6,347s][info][gc,phases   ] GC(17)   Other: 0,1ms
[2024-10-31T13:02:43.524-0400][6,347s][info][gc,heap     ] GC(17) Eden regions: 198->0(190)
[2024-10-31T13:02:43.524-0400][6,347s][info][gc,heap     ] GC(17) Survivor regions: 12->21(27)
[2024-10-31T13:02:43.524-0400][6,347s][info][gc,heap     ] GC(17) Old regions: 90->90
[2024-10-31T13:02:43.524-0400][6,347s][info][gc,heap     ] GC(17) Archive regions: 2->2
[2024-10-31T13:02:43.524-0400][6,347s][info][gc,heap     ] GC(17) Humongous regions: 6->6
[2024-10-31T13:02:43.524-0400][6,347s][info][gc,metaspace] GC(17) Metaspace: 59104K(59648K)->59104K(59648K) NonClass: 51752K(52032K)->51752K(52032K) Class: 7352K(7616K)->7352K(7616K)
[2024-10-31T13:02:43.524-0400][6,347s][info][gc          ] GC(17) Pause Young (Normal) (G1 Evacuation Pause) 305M->117M(384M) 6,005ms
[2024-10-31T13:02:43.524-0400][6,347s][info][gc,cpu      ] GC(17) User=0,07s Sys=0,00s Real=0,00s
[2024-10-31T13:02:43.592-0400][6,415s][info][gc,start    ] GC(18) Pause Young (Concurrent Start) (GCLocker Initiated GC)
[2024-10-31T13:02:43.592-0400][6,415s][info][gc,task     ] GC(18) Using 10 workers of 10 for evacuation
[2024-10-31T13:02:43.599-0400][6,422s][info][gc,phases   ] GC(18)   Pre Evacuate Collection Set: 0,1ms
[2024-10-31T13:02:43.599-0400][6,422s][info][gc,phases   ] GC(18)   Merge Heap Roots: 0,0ms
[2024-10-31T13:02:43.599-0400][6,422s][info][gc,phases   ] GC(18)   Evacuate Collection Set: 6,7ms
[2024-10-31T13:02:43.599-0400][6,422s][info][gc,phases   ] GC(18)   Post Evacuate Collection Set: 0,4ms
[2024-10-31T13:02:43.599-0400][6,422s][info][gc,phases   ] GC(18)   Other: 0,1ms
[2024-10-31T13:02:43.599-0400][6,422s][info][gc,heap     ] GC(18) Eden regions: 18->0(192)
[2024-10-31T13:02:43.599-0400][6,422s][info][gc,heap     ] GC(18) Survivor regions: 21->15(27)
[2024-10-31T13:02:43.599-0400][6,422s][info][gc,heap     ] GC(18) Old regions: 90->99
[2024-10-31T13:02:43.599-0400][6,422s][info][gc,heap     ] GC(18) Archive regions: 2->2
[2024-10-31T13:02:43.599-0400][6,422s][info][gc,heap     ] GC(18) Humongous regions: 6->6
[2024-10-31T13:02:43.599-0400][6,422s][info][gc,metaspace] GC(18) Metaspace: 59954K(60480K)->59954K(60480K) NonClass: 52511K(52800K)->52511K(52800K) Class: 7442K(7680K)->7442K(7680K)
[2024-10-31T13:02:43.599-0400][6,422s][info][gc          ] GC(18) Pause Young (Concurrent Start) (GCLocker Initiated GC) 135M->119M(384M) 7,371ms
[2024-10-31T13:02:43.599-0400][6,422s][info][gc,cpu      ] GC(18) User=0,05s Sys=0,02s Real=0,01s
[2024-10-31T13:02:43.599-0400][6,422s][info][gc          ] GC(19) Concurrent Mark Cycle
[2024-10-31T13:02:43.599-0400][6,422s][info][gc,marking  ] GC(19) Concurrent Clear Claimed Marks
[2024-10-31T13:02:43.599-0400][6,422s][info][gc,marking  ] GC(19) Concurrent Clear Claimed Marks 0,052ms
[2024-10-31T13:02:43.599-0400][6,422s][info][gc,marking  ] GC(19) Concurrent Scan Root Regions
[2024-10-31T13:02:43.604-0400][6,427s][info][gc,marking  ] GC(19) Concurrent Scan Root Regions 4,682ms
[2024-10-31T13:02:43.604-0400][6,427s][info][gc,marking  ] GC(19) Concurrent Mark
[2024-10-31T13:02:43.604-0400][6,427s][info][gc,marking  ] GC(19) Concurrent Mark From Roots
[2024-10-31T13:02:43.604-0400][6,427s][info][gc,task     ] GC(19) Using 3 workers of 3 for marking
[2024-10-31T13:02:43.622-0400][6,445s][info][gc,marking  ] GC(19) Concurrent Mark From Roots 18,386ms
[2024-10-31T13:02:43.622-0400][6,445s][info][gc,marking  ] GC(19) Concurrent Preclean
[2024-10-31T13:02:43.622-0400][6,445s][info][gc,marking  ] GC(19) Concurrent Preclean 0,238ms
[2024-10-31T13:02:43.623-0400][6,446s][info][gc,start    ] GC(19) Pause Remark
[2024-10-31T13:02:43.625-0400][6,448s][info][gc          ] GC(19) Pause Remark 125M->110M(384M) 2,172ms
[2024-10-31T13:02:43.625-0400][6,448s][info][gc,cpu      ] GC(19) User=0,02s Sys=0,00s Real=0,00s
[2024-10-31T13:02:43.625-0400][6,448s][info][gc,marking  ] GC(19) Concurrent Mark 21,065ms
[2024-10-31T13:02:43.625-0400][6,448s][info][gc,marking  ] GC(19) Concurrent Rebuild Remembered Sets
[2024-10-31T13:02:43.637-0400][6,460s][info][gc,marking  ] GC(19) Concurrent Rebuild Remembered Sets 12,467ms
[2024-10-31T13:02:43.638-0400][6,462s][info][gc,start    ] GC(19) Pause Cleanup
[2024-10-31T13:02:43.639-0400][6,462s][info][gc          ] GC(19) Pause Cleanup 114M->114M(384M) 0,117ms
[2024-10-31T13:02:43.639-0400][6,462s][info][gc,cpu      ] GC(19) User=0,00s Sys=0,00s Real=0,00s
[2024-10-31T13:02:43.639-0400][6,462s][info][gc,marking  ] GC(19) Concurrent Cleanup for Next Mark
[2024-10-31T13:02:43.639-0400][6,462s][info][gc,marking  ] GC(19) Concurrent Cleanup for Next Mark 0,248ms
[2024-10-31T13:02:43.639-0400][6,462s][info][gc          ] GC(19) Concurrent Mark Cycle 39,936ms
[2024-10-31T13:02:44.772-0400][7,595s][info][gc,start    ] GC(20) Pause Young (Prepare Mixed) (G1 Evacuation Pause)
[2024-10-31T13:02:44.772-0400][7,595s][info][gc,task     ] GC(20) Using 10 workers of 10 for evacuation
[2024-10-31T13:02:44.779-0400][7,602s][info][gc,phases   ] GC(20)   Pre Evacuate Collection Set: 0,1ms
[2024-10-31T13:02:44.779-0400][7,602s][info][gc,phases   ] GC(20)   Merge Heap Roots: 0,1ms
[2024-10-31T13:02:44.779-0400][7,602s][info][gc,phases   ] GC(20)   Evacuate Collection Set: 6,6ms
[2024-10-31T13:02:44.779-0400][7,602s][info][gc,phases   ] GC(20)   Post Evacuate Collection Set: 0,8ms
[2024-10-31T13:02:44.779-0400][7,602s][info][gc,phases   ] GC(20)   Other: 0,1ms
[2024-10-31T13:02:44.779-0400][7,602s][info][gc,heap     ] GC(20) Eden regions: 192->0(1)
[2024-10-31T13:02:44.779-0400][7,602s][info][gc,heap     ] GC(20) Survivor regions: 15->26(26)
[2024-10-31T13:02:44.779-0400][7,602s][info][gc,heap     ] GC(20) Old regions: 86->87
[2024-10-31T13:02:44.779-0400][7,602s][info][gc,heap     ] GC(20) Archive regions: 2->2
[2024-10-31T13:02:44.779-0400][7,602s][info][gc,heap     ] GC(20) Humongous regions: 10->4
[2024-10-31T13:02:44.779-0400][7,602s][info][gc,metaspace] GC(20) Metaspace: 65272K(65920K)->65272K(65920K) NonClass: 57123K(57472K)->57123K(57472K) Class: 8149K(8448K)->8149K(8448K)
[2024-10-31T13:02:44.779-0400][7,602s][info][gc          ] GC(20) Pause Young (Prepare Mixed) (G1 Evacuation Pause) 302M->117M(384M) 7,689ms
[2024-10-31T13:02:44.779-0400][7,602s][info][gc,cpu      ] GC(20) User=0,06s Sys=0,00s Real=0,01s
[2024-10-31T13:02:44.782-0400][7,605s][info][gc,start    ] GC(21) Pause Young (Mixed) (G1 Evacuation Pause)
[2024-10-31T13:02:44.782-0400][7,605s][info][gc,task     ] GC(21) Using 10 workers of 10 for evacuation
[2024-10-31T13:02:44.794-0400][7,617s][info][gc,phases   ] GC(21)   Pre Evacuate Collection Set: 0,1ms
[2024-10-31T13:02:44.794-0400][7,617s][info][gc,phases   ] GC(21)   Merge Heap Roots: 0,1ms
[2024-10-31T13:02:44.794-0400][7,617s][info][gc,phases   ] GC(21)   Evacuate Collection Set: 11,3ms
[2024-10-31T13:02:44.794-0400][7,617s][info][gc,phases   ] GC(21)   Post Evacuate Collection Set: 0,7ms
[2024-10-31T13:02:44.794-0400][7,617s][info][gc,phases   ] GC(21)   Other: 0,1ms
[2024-10-31T13:02:44.794-0400][7,617s][info][gc,heap     ] GC(21) Eden regions: 1->0(200)
[2024-10-31T13:02:44.794-0400][7,617s][info][gc,heap     ] GC(21) Survivor regions: 26->3(4)
[2024-10-31T13:02:44.794-0400][7,617s][info][gc,heap     ] GC(21) Old regions: 87->97
[2024-10-31T13:02:44.794-0400][7,617s][info][gc,heap     ] GC(21) Archive regions: 2->2
[2024-10-31T13:02:44.794-0400][7,617s][info][gc,heap     ] GC(21) Humongous regions: 4->4
[2024-10-31T13:02:44.794-0400][7,617s][info][gc,metaspace] GC(21) Metaspace: 65284K(65920K)->65284K(65920K) NonClass: 57133K(57472K)->57133K(57472K) Class: 8151K(8448K)->8151K(8448K)
[2024-10-31T13:02:44.794-0400][7,617s][info][gc          ] GC(21) Pause Young (Mixed) (G1 Evacuation Pause) 118M->103M(384M) 12,200ms
[2024-10-31T13:02:44.794-0400][7,617s][info][gc,cpu      ] GC(21) User=0,05s Sys=0,04s Real=0,01s
[2024-10-31T13:03:07.945-0400][30,768s][info][gc,start    ] GC(22) Pause Young (Concurrent Start) (G1 Evacuation Pause)
[2024-10-31T13:03:07.945-0400][30,768s][info][gc,task     ] GC(22) Using 10 workers of 10 for evacuation
[2024-10-31T13:03:07.948-0400][30,771s][info][gc,phases   ] GC(22)   Pre Evacuate Collection Set: 0,1ms
[2024-10-31T13:03:07.948-0400][30,771s][info][gc,phases   ] GC(22)   Merge Heap Roots: 0,1ms
[2024-10-31T13:03:07.948-0400][30,771s][info][gc,phases   ] GC(22)   Evacuate Collection Set: 2,6ms
[2024-10-31T13:03:07.948-0400][30,771s][info][gc,phases   ] GC(22)   Post Evacuate Collection Set: 0,4ms
[2024-10-31T13:03:07.948-0400][30,771s][info][gc,phases   ] GC(22)   Other: 0,1ms
[2024-10-31T13:03:07.948-0400][30,771s][info][gc,heap     ] GC(22) Eden regions: 200->0(180)
[2024-10-31T13:03:07.948-0400][30,771s][info][gc,heap     ] GC(22) Survivor regions: 3->18(26)
[2024-10-31T13:03:07.948-0400][30,771s][info][gc,heap     ] GC(22) Old regions: 97->97
[2024-10-31T13:03:07.948-0400][30,771s][info][gc,heap     ] GC(22) Archive regions: 2->2
[2024-10-31T13:03:07.948-0400][30,771s][info][gc,heap     ] GC(22) Humongous regions: 7->4
[2024-10-31T13:03:07.948-0400][30,771s][info][gc,metaspace] GC(22) Metaspace: 68857K(69568K)->68857K(69568K) NonClass: 60223K(60608K)->60223K(60608K) Class: 8634K(8960K)->8634K(8960K)
[2024-10-31T13:03:07.948-0400][30,771s][info][gc          ] GC(22) Pause Young (Concurrent Start) (G1 Evacuation Pause) 306M->119M(384M) 3,503ms
[2024-10-31T13:03:07.948-0400][30,771s][info][gc,cpu      ] GC(22) User=0,03s Sys=0,00s Real=0,01s
[2024-10-31T13:03:07.948-0400][30,771s][info][gc          ] GC(23) Concurrent Mark Cycle
[2024-10-31T13:03:07.948-0400][30,771s][info][gc,marking  ] GC(23) Concurrent Clear Claimed Marks
[2024-10-31T13:03:07.948-0400][30,771s][info][gc,marking  ] GC(23) Concurrent Clear Claimed Marks 0,047ms
[2024-10-31T13:03:07.948-0400][30,771s][info][gc,marking  ] GC(23) Concurrent Scan Root Regions
[2024-10-31T13:03:07.951-0400][30,774s][info][gc,marking  ] GC(23) Concurrent Scan Root Regions 2,488ms
[2024-10-31T13:03:07.951-0400][30,774s][info][gc,marking  ] GC(23) Concurrent Mark
[2024-10-31T13:03:07.951-0400][30,774s][info][gc,marking  ] GC(23) Concurrent Mark From Roots
[2024-10-31T13:03:07.951-0400][30,774s][info][gc,task     ] GC(23) Using 3 workers of 3 for marking
[2024-10-31T13:03:07.982-0400][30,805s][info][gc,marking  ] GC(23) Concurrent Mark From Roots 31,260ms
[2024-10-31T13:03:07.982-0400][30,805s][info][gc,marking  ] GC(23) Concurrent Preclean
[2024-10-31T13:03:07.982-0400][30,805s][info][gc,marking  ] GC(23) Concurrent Preclean 0,213ms
[2024-10-31T13:03:07.982-0400][30,805s][info][gc,start    ] GC(23) Pause Remark
[2024-10-31T13:03:07.987-0400][30,810s][info][gc          ] GC(23) Pause Remark 126M->126M(384M) 4,480ms
[2024-10-31T13:03:07.987-0400][30,810s][info][gc,cpu      ] GC(23) User=0,04s Sys=0,00s Real=0,00s
[2024-10-31T13:03:07.987-0400][30,810s][info][gc,marking  ] GC(23) Concurrent Mark 36,103ms
[2024-10-31T13:03:07.987-0400][30,810s][info][gc,marking  ] GC(23) Concurrent Rebuild Remembered Sets
[2024-10-31T13:03:08.006-0400][30,829s][info][gc,marking  ] GC(23) Concurrent Rebuild Remembered Sets 19,165ms
[2024-10-31T13:03:08.006-0400][30,829s][info][gc,start    ] GC(23) Pause Cleanup
[2024-10-31T13:03:08.006-0400][30,829s][info][gc          ] GC(23) Pause Cleanup 133M->133M(384M) 0,120ms
[2024-10-31T13:03:08.006-0400][30,829s][info][gc,cpu      ] GC(23) User=0,00s Sys=0,00s Real=0,00s
[2024-10-31T13:03:08.006-0400][30,829s][info][gc,marking  ] GC(23) Concurrent Cleanup for Next Mark
[2024-10-31T13:03:08.007-0400][30,830s][info][gc,marking  ] GC(23) Concurrent Cleanup for Next Mark 0,126ms
[2024-10-31T13:03:08.007-0400][30,830s][info][gc          ] GC(23) Concurrent Mark Cycle 58,357ms
[2024-10-31T13:03:08.592-0400][31,415s][info][gc,start    ] GC(24) Pause Young (Prepare Mixed) (G1 Evacuation Pause)
[2024-10-31T13:03:08.592-0400][31,415s][info][gc,task     ] GC(24) Using 10 workers of 10 for evacuation
[2024-10-31T13:03:08.598-0400][31,421s][info][gc,phases   ] GC(24)   Pre Evacuate Collection Set: 0,1ms
[2024-10-31T13:03:08.598-0400][31,421s][info][gc,phases   ] GC(24)   Merge Heap Roots: 0,1ms
[2024-10-31T13:03:08.598-0400][31,421s][info][gc,phases   ] GC(24)   Evacuate Collection Set: 5,2ms
[2024-10-31T13:03:08.598-0400][31,421s][info][gc,phases   ] GC(24)   Post Evacuate Collection Set: 0,4ms
[2024-10-31T13:03:08.598-0400][31,421s][info][gc,phases   ] GC(24)   Other: 0,1ms
[2024-10-31T13:03:08.598-0400][31,421s][info][gc,heap     ] GC(24) Eden regions: 180->0(8)
[2024-10-31T13:03:08.598-0400][31,421s][info][gc,heap     ] GC(24) Survivor regions: 18->11(25)
[2024-10-31T13:03:08.598-0400][31,421s][info][gc,heap     ] GC(24) Old regions: 97->115
[2024-10-31T13:03:08.598-0400][31,421s][info][gc,heap     ] GC(24) Archive regions: 2->2
[2024-10-31T13:03:08.598-0400][31,421s][info][gc,heap     ] GC(24) Humongous regions: 4->4
[2024-10-31T13:03:08.598-0400][31,421s][info][gc,metaspace] GC(24) Metaspace: 75451K(76096K)->75451K(76096K) NonClass: 65964K(66304K)->65964K(66304K) Class: 9487K(9792K)->9487K(9792K)
[2024-10-31T13:03:08.598-0400][31,421s][info][gc          ] GC(24) Pause Young (Prepare Mixed) (G1 Evacuation Pause) 299M->130M(384M) 5,907ms
[2024-10-31T13:03:08.598-0400][31,421s][info][gc,cpu      ] GC(24) User=0,06s Sys=0,00s Real=0,01s
[2024-10-31T13:03:08.610-0400][31,434s][info][gc,start    ] GC(25) Pause Young (Mixed) (G1 Evacuation Pause)
[2024-10-31T13:03:08.610-0400][31,434s][info][gc,task     ] GC(25) Using 10 workers of 10 for evacuation
[2024-10-31T13:03:08.617-0400][31,440s][info][gc,phases   ] GC(25)   Pre Evacuate Collection Set: 0,1ms
[2024-10-31T13:03:08.617-0400][31,440s][info][gc,phases   ] GC(25)   Merge Heap Roots: 0,1ms
[2024-10-31T13:03:08.617-0400][31,440s][info][gc,phases   ] GC(25)   Evacuate Collection Set: 6,0ms
[2024-10-31T13:03:08.617-0400][31,440s][info][gc,phases   ] GC(25)   Post Evacuate Collection Set: 0,3ms
[2024-10-31T13:03:08.617-0400][31,440s][info][gc,phases   ] GC(25)   Other: 0,1ms
[2024-10-31T13:03:08.617-0400][31,440s][info][gc,heap     ] GC(25) Eden regions: 8->0(185)
[2024-10-31T13:03:08.617-0400][31,440s][info][gc,heap     ] GC(25) Survivor regions: 11->1(3)
[2024-10-31T13:03:08.617-0400][31,440s][info][gc,heap     ] GC(25) Old regions: 115->108
[2024-10-31T13:03:08.617-0400][31,440s][info][gc,heap     ] GC(25) Archive regions: 2->2
[2024-10-31T13:03:08.617-0400][31,440s][info][gc,heap     ] GC(25) Humongous regions: 4->4
[2024-10-31T13:03:08.617-0400][31,440s][info][gc,metaspace] GC(25) Metaspace: 75454K(76096K)->75454K(76096K) NonClass: 65966K(66304K)->65966K(66304K) Class: 9487K(9792K)->9487K(9792K)
[2024-10-31T13:03:08.617-0400][31,440s][info][gc          ] GC(25) Pause Young (Mixed) (G1 Evacuation Pause) 138M->113M(384M) 6,643ms
[2024-10-31T13:03:08.617-0400][31,440s][info][gc,cpu      ] GC(25) User=0,07s Sys=0,00s Real=0,00s
[2024-10-31T13:03:09.395-0400][32,218s][info][gc,start    ] GC(26) Pause Young (Normal) (G1 Evacuation Pause)
[2024-10-31T13:03:09.395-0400][32,218s][info][gc,task     ] GC(26) Using 10 workers of 10 for evacuation
[2024-10-31T13:03:09.399-0400][32,223s][info][gc,phases   ] GC(26)   Pre Evacuate Collection Set: 0,1ms
[2024-10-31T13:03:09.400-0400][32,223s][info][gc,phases   ] GC(26)   Merge Heap Roots: 0,1ms
[2024-10-31T13:03:09.400-0400][32,223s][info][gc,phases   ] GC(26)   Evacuate Collection Set: 3,4ms
[2024-10-31T13:03:09.400-0400][32,223s][info][gc,phases   ] GC(26)   Post Evacuate Collection Set: 0,5ms
[2024-10-31T13:03:09.400-0400][32,223s][info][gc,phases   ] GC(26)   Other: 0,1ms
[2024-10-31T13:03:09.400-0400][32,223s][info][gc,heap     ] GC(26) Eden regions: 185->0(184)
[2024-10-31T13:03:09.400-0400][32,223s][info][gc,heap     ] GC(26) Survivor regions: 1->7(24)
[2024-10-31T13:03:09.400-0400][32,223s][info][gc,heap     ] GC(26) Old regions: 108->108
[2024-10-31T13:03:09.400-0400][32,223s][info][gc,heap     ] GC(26) Archive regions: 2->2
[2024-10-31T13:03:09.400-0400][32,223s][info][gc,heap     ] GC(26) Humongous regions: 4->4
[2024-10-31T13:03:09.400-0400][32,223s][info][gc,metaspace] GC(26) Metaspace: 79259K(80064K)->79259K(80064K) NonClass: 69165K(69568K)->69165K(69568K) Class: 10094K(10496K)->10094K(10496K)
[2024-10-31T13:03:09.400-0400][32,223s][info][gc          ] GC(26) Pause Young (Normal) (G1 Evacuation Pause) 298M->119M(384M) 4,208ms
[2024-10-31T13:03:09.400-0400][32,223s][info][gc,cpu      ] GC(26) User=0,03s Sys=0,00s Real=0,01s
[2024-10-31T13:03:14.555-0400][37,379s][info][gc,start    ] GC(27) Pause Young (Normal) (G1 Evacuation Pause)
[2024-10-31T13:03:14.555-0400][37,379s][info][gc,task     ] GC(27) Using 10 workers of 10 for evacuation
[2024-10-31T13:03:14.561-0400][37,384s][info][gc,phases   ] GC(27)   Pre Evacuate Collection Set: 0,1ms
[2024-10-31T13:03:14.561-0400][37,384s][info][gc,phases   ] GC(27)   Merge Heap Roots: 0,1ms
[2024-10-31T13:03:14.561-0400][37,384s][info][gc,phases   ] GC(27)   Evacuate Collection Set: 4,8ms
[2024-10-31T13:03:14.561-0400][37,384s][info][gc,phases   ] GC(27)   Post Evacuate Collection Set: 0,5ms
[2024-10-31T13:03:14.561-0400][37,384s][info][gc,phases   ] GC(27)   Other: 0,1ms
[2024-10-31T13:03:14.561-0400][37,384s][info][gc,heap     ] GC(27) Eden regions: 184->0(163)
[2024-10-31T13:03:14.561-0400][37,384s][info][gc,heap     ] GC(27) Survivor regions: 7->24(24)
[2024-10-31T13:03:14.561-0400][37,384s][info][gc,heap     ] GC(27) Old regions: 108->108
[2024-10-31T13:03:14.561-0400][37,384s][info][gc,heap     ] GC(27) Archive regions: 2->2
[2024-10-31T13:03:14.561-0400][37,384s][info][gc,heap     ] GC(27) Humongous regions: 13->4
[2024-10-31T13:03:14.561-0400][37,384s][info][gc,metaspace] GC(27) Metaspace: 79708K(80512K)->79708K(80512K) NonClass: 69604K(70016K)->69604K(70016K) Class: 10103K(10496K)->10103K(10496K)
[2024-10-31T13:03:14.561-0400][37,384s][info][gc          ] GC(27) Pause Young (Normal) (G1 Evacuation Pause) 312M->136M(384M) 5,594ms
[2024-10-31T13:03:14.561-0400][37,384s][info][gc,cpu      ] GC(27) User=0,05s Sys=0,00s Real=0,01s
[2024-10-31T13:03:25.310-0400][48,133s][info][gc,heap,exit] Heap
[2024-10-31T13:03:25.310-0400][48,133s][info][gc,heap,exit]  garbage-first heap   total 393216K, used 184639K [0x0000000080000000, 0x0000000100000000)
[2024-10-31T13:03:25.310-0400][48,133s][info][gc,heap,exit]   region size 1024K, 59 young (60416K), 24 survivors (24576K)
[2024-10-31T13:03:25.310-0400][48,133s][info][gc,heap,exit]  Metaspace       used 80048K, committed 80832K, reserved 1179648K
[2024-10-31T13:03:25.310-0400][48,133s][info][gc,heap,exit]   class space    used 10129K, committed 10496K, reserved 1048576K
